Component: ARM Compiler 5.06 update 1 (build 61) Tool: armlink [4d35a8]

==============================================================================

Section Cross References

    main.o(i.SystemClock_Config) refers to stm32f4xx_hal_rcc.o(i.HAL_RCC_OscConfig) for HAL_RCC_OscConfig
    main.o(i.SystemClock_Config) refers to main.o(i.Error_Handler) for Error_Handler
    main.o(i.SystemClock_Config) refers to stm32f4xx_hal_rcc.o(i.HAL_RCC_ClockConfig) for HAL_RCC_ClockConfig
    main.o(i.SystemClock_Config) refers to stm32f4xx_hal.o(i.HAL_GetREVID) for HAL_GetREVID
    main.o(i.Thread_CAN_Receiver) refers to rt_cmsis.o(i.osSignalWait) for osSignalWait
    main.o(i.Thread_CAN_Receiver) refers to led_f4discovery.o(i.LED_On) for LED_On
    main.o(i.Thread_CAN_Receiver) refers to rt_cmsis.o(i.osDelay) for osDelay
    main.o(i.Thread_CAN_Receiver) refers to led_f4discovery.o(i.LED_Off) for LED_Off
    main.o(i.Thread_CAN_Receiver) refers to can_stm32f4xx.o(.constdata) for Driver_CAN2
    main.o(i.Thread_CAN_Transmiter) refers to rt_cmsis.o(i.osSignalWait) for osSignalWait
    main.o(i.Thread_CAN_Transmiter) refers to rt_cmsis.o(i.osDelay) for osDelay
    main.o(i.Thread_CAN_Transmiter) refers to main.o(.data) for etat_lumiere
    main.o(i.Thread_CAN_Transmiter) refers to can_stm32f4xx.o(.constdata) for Driver_CAN2
    main.o(i.Thread_gestion_phare) refers to stm32f4xx_hal_adc.o(i.HAL_ADC_Start) for HAL_ADC_Start
    main.o(i.Thread_gestion_phare) refers to stm32f4xx_hal_adc.o(i.HAL_ADC_PollForConversion) for HAL_ADC_PollForConversion
    main.o(i.Thread_gestion_phare) refers to stm32f4xx_hal_adc.o(i.HAL_ADC_GetValue) for HAL_ADC_GetValue
    main.o(i.Thread_gestion_phare) refers to stm32f4xx_hal_adc.o(i.HAL_ADC_Stop) for HAL_ADC_Stop
    main.o(i.Thread_gestion_phare) refers to led_f4discovery.o(i.LED_On) for LED_On
    main.o(i.Thread_gestion_phare) refers to gestion_lumiere.o(i.switch_ruban_led) for switch_ruban_led
    main.o(i.Thread_gestion_phare) refers to led_f4discovery.o(i.LED_Off) for LED_Off
    main.o(i.Thread_gestion_phare) refers to rt_cmsis.o(i.osSignalWait) for osSignalWait
    main.o(i.Thread_gestion_phare) refers to rt_cmsis.o(i.osDelay) for osDelay
    main.o(i.Thread_gestion_phare) refers to gestion_lumiere.o(.bss) for myADC2Handle
    main.o(i.Thread_gestion_phare) refers to main.o(.data) for etat_lumiere
    main.o(i.Thread_gestion_phare) refers to spi_stm32f4xx.o(.constdata) for Driver_SPI1
    main.o(i.main) refers to stm32f4xx_hal.o(i.HAL_Init) for HAL_Init
    main.o(i.main) refers to main.o(i.SystemClock_Config) for SystemClock_Config
    main.o(i.main) refers to system_stm32f4xx.o(i.SystemCoreClockUpdate) for SystemCoreClockUpdate
    main.o(i.main) refers to gestion_lumiere.o(i.init_PIN_PA0_ALS) for init_PIN_PA0_ALS
    main.o(i.main) refers to led_f4discovery.o(i.LED_Initialize) for LED_Initialize
    main.o(i.main) refers to gestion_lumiere.o(i.init_SPI) for init_SPI
    main.o(i.main) refers to gestion_can.o(i.init_CAN) for init_CAN
    main.o(i.main) refers to rt_cmsis.o(i.osKernelInitialize) for osKernelInitialize
    main.o(i.main) refers to rt_cmsis.o(i.osThreadCreate) for osThreadCreate
    main.o(i.main) refers to rt_cmsis.o(i.osKernelStart) for osKernelStart
    main.o(i.main) refers to main.o(.constdata) for os_thread_def_Thread_CAN_Transmiter
    main.o(i.main) refers to main.o(.data) for ID_CAN_Transmiter
    main.o(.constdata) refers to main.o(i.Thread_gestion_phare) for Thread_gestion_phare
    main.o(.constdata) refers to main.o(i.Thread_CAN_Transmiter) for Thread_CAN_Transmiter
    main.o(.constdata) refers to main.o(i.Thread_CAN_Receiver) for Thread_CAN_Receiver
    gestion_lumiere.o(i.Ruban_LED_callback) refers to rt_cmsis.o(i.osSignalSet) for osSignalSet
    gestion_lumiere.o(i.Ruban_LED_callback) refers to main.o(.data) for ID_gestion_phare
    gestion_lumiere.o(i.init_PIN_PA0_ALS) refers to stm32f4xx_hal_gpio.o(i.HAL_GPIO_Init) for HAL_GPIO_Init
    gestion_lumiere.o(i.init_PIN_PA0_ALS) refers to stm32f4xx_hal_adc.o(i.HAL_ADC_Init) for HAL_ADC_Init
    gestion_lumiere.o(i.init_PIN_PA0_ALS) refers to stm32f4xx_hal_adc.o(i.HAL_ADC_ConfigChannel) for HAL_ADC_ConfigChannel
    gestion_lumiere.o(i.init_PIN_PA0_ALS) refers to gestion_lumiere.o(.bss) for myADC2Handle
    gestion_lumiere.o(i.init_SPI) refers to spi_stm32f4xx.o(.constdata) for Driver_SPI1
    gestion_lumiere.o(i.init_SPI) refers to gestion_lumiere.o(i.Ruban_LED_callback) for Ruban_LED_callback
    gestion_lumiere.o(i.switch_ruban_led) refers to gestion_lumiere.o(.bss) for tab_Ruban_led
    gestion_lumiere.o(i.switch_ruban_led) refers to gestion_lumiere.o(.data) for defilement
    gestion_can.o(i.Callback_CAN) refers to led_f4discovery.o(i.LED_On) for LED_On
    gestion_can.o(i.Callback_CAN) refers to rt_cmsis.o(i.osSignalSet) for osSignalSet
    gestion_can.o(i.Callback_CAN) refers to main.o(.data) for ID_CAN_Receiver
    gestion_can.o(i.init_CAN) refers to can_stm32f4xx.o(.constdata) for Driver_CAN2
[...]
    SPI_Initialize                           0x08003cdb   Thumb Code   212  spi_stm32f4xx.o(i.SPI_Initialize)
    i.SPI_PeripheralReset                    0x08003db0   Section        0  spi_stm32f4xx.o(i.SPI_PeripheralReset)
    SPI_PeripheralReset                      0x08003db1   Thumb Code   142  spi_stm32f4xx.o(i.SPI_PeripheralReset)
    i.SPI_PowerControl                       0x08003e50   Section        0  spi_stm32f4xx.o(i.SPI_PowerControl)
    SPI_PowerControl                         0x08003e51   Thumb Code   254  spi_stm32f4xx.o(i.SPI_PowerControl)
    i.SPI_Receive                            0x08003f54   Section        0  spi_stm32f4xx.o(i.SPI_Receive)
    SPI_Receive                              0x08003f55   Thumb Code   136  spi_stm32f4xx.o(i.SPI_Receive)
    i.SPI_RxData                             0x08003fdc   Section        0  spi_stm32f4xx.o(i.SPI_RxData)
    SPI_RxData                               0x08003fdd   Thumb Code    86  spi_stm32f4xx.o(i.SPI_RxData)
    i.SPI_Send                               0x08004032   Section        0  spi_stm32f4xx.o(i.SPI_Send)
    SPI_Send                                 0x08004033   Thumb Code   136  spi_stm32f4xx.o(i.SPI_Send)
    i.SPI_Transfer                           0x080040ba   Section        0  spi_stm32f4xx.o(i.SPI_Transfer)
    SPI_Transfer                             0x080040bb   Thumb Code   118  spi_stm32f4xx.o(i.SPI_Transfer)
    i.SPI_TxData                             0x08004130   Section        0  spi_stm32f4xx.o(i.SPI_TxData)
    SPI_TxData                               0x08004131   Thumb Code    84  spi_stm32f4xx.o(i.SPI_TxData)
    i.SPI_Uninitialize                       0x08004184   Section        0  spi_stm32f4xx.o(i.SPI_Uninitialize)
    SPI_Uninitialize                         0x08004185   Thumb Code   102  spi_stm32f4xx.o(i.SPI_Uninitialize)
    i.SystemClock_Config                     0x080041ec   Section        0  main.o(i.SystemClock_Config)
    SystemClock_Config                       0x080041ed   Thumb Code   180  main.o(i.SystemClock_Config)
    i.SystemCoreClockUpdate                  0x080042ac   Section        0  system_stm32f4xx.o(i.SystemCoreClockUpdate)
    i.SystemInit                             0x0800436c   Section        0  system_stm32f4xx.o(i.SystemInit)
    i.Thread_CAN_Receiver                    0x080043d0   Section        0  main.o(i.Thread_CAN_Receiver)
    i.Thread_CAN_Transmiter                  0x08004418   Section        0  main.o(i.Thread_CAN_Transmiter)
    i.Thread_gestion_phare                   0x08004468   Section        0  main.o(i.Thread_gestion_phare)
    i.__NVIC_ClearPendingIRQ                 0x080044ec   Section        0  can_stm32f4xx.o(i.__NVIC_ClearPendingIRQ)
    __NVIC_ClearPendingIRQ                   0x080044ed   Thumb Code    22  can_stm32f4xx.o(i.__NVIC_ClearPendingIRQ)
    i.__NVIC_DisableIRQ                      0x08004508   Section        0  can_stm32f4xx.o(i.__NVIC_DisableIRQ)
    __NVIC_DisableIRQ                        0x08004509   Thumb Code    54  can_stm32f4xx.o(i.__NVIC_DisableIRQ)
    i.__NVIC_EnableIRQ                       0x08004544   Section        0  can_stm32f4xx.o(i.__NVIC_EnableIRQ)
    __NVIC_EnableIRQ                         0x08004545   Thumb Code    34  can_stm32f4xx.o(i.__NVIC_EnableIRQ)
    i.__NVIC_GetPriorityGrouping             0x08004568   Section        0  stm32f4xx_hal_cortex.o(i.__NVIC_GetPriorityGrouping)
    __NVIC_GetPriorityGrouping               0x08004569   Thumb Code    10  stm32f4xx_hal_cortex.o(i.__NVIC_GetPriorityGrouping)
    i.__NVIC_SetPriority                     0x08004578   Section        0  stm32f4xx_hal_cortex.o(i.__NVIC_SetPriority)
    __NVIC_SetPriority                       0x08004579   Thumb Code    32  stm32f4xx_hal_cortex.o(i.__NVIC_SetPriority)
    i._init_box                              0x080045a0   Section        0  rt_membox.o(i._init_box)
    i._mutex_acquire                         0x080045e8   Section        0  rtx_conf_cm.o(i._mutex_acquire)
    __tagsym$$used                           0x080045e9   Number         0  rtx_conf_cm.o(i._mutex_acquire)
    i._mutex_release                         0x08004608   Section        0  rtx_conf_cm.o(i._mutex_release)
    __tagsym$$used                           0x08004609   Number         0  rtx_conf_cm.o(i._mutex_release)
    i.dbg_init                               0x08004624   Section        0  hal_cm.o(i.dbg_init)
    i.dbg_task_notify                        0x08004654   Section        0  hal_cm.o(i.dbg_task_notify)
    i.dbg_task_switch                        0x08004674   Section        0  hal_cm.o(i.dbg_task_switch)
    i.init_CAN                               0x08004684   Section        0  gestion_can.o(i.init_CAN)
    i.init_PIN_PA0_ALS                       0x080046e8   Section        0  gestion_lumiere.o(i.init_PIN_PA0_ALS)
    i.init_SPI                               0x0800478c   Section        0  gestion_lumiere.o(i.init_SPI)
    i.isrMessagePut                          0x080047c4   Section        0  rt_cmsis.o(i.isrMessagePut)
    i.isrSignalSet                           0x080047f0   Section        0  rt_cmsis.o(i.isrSignalSet)
    i.isr_evt_set                            0x08004814   Section        0  rt_event.o(i.isr_evt_set)
    i.isr_mbx_send                           0x0800483c   Section        0  rt_mailbox.o(i.isr_mbx_send)
    i.main                                   0x0800484c   Section        0  main.o(i.main)
    i.osDelay                                0x0800488c   Section        0  rt_cmsis.o(i.osDelay)
    i.osKernelInitialize                     0x080048a4   Section        0  rt_cmsis.o(i.osKernelInitialize)
    i.osKernelStart                          0x080048c8   Section        0  rt_cmsis.o(i.osKernelStart)
    i.osSignalSet                            0x08004934   Section        0  rt_cmsis.o(i.osSignalSet)
    i.osSignalWait                           0x0800494c   Section        0  rt_cmsis.o(i.osSignalWait)
    i.osThreadCreate                         0x08004964   Section        0  rt_cmsis.o(i.osThreadCreate)
    i.osThreadExit                           0x08004990   Section        0  rt_cmsis.o(i.osThreadExit)
    i.os_error                               0x080049a8   Section        0  rtx_conf_cm.o(i.os_error)
    i.os_idle_demon                          0x080049ca   Section        0  rtx_conf_cm.o(i.os_idle_demon)
    i.os_tick_init                           0x080049d0   Section        0  rt_system.o(i.os_tick_init)
    i.os_tick_irqack                         0x080049f8   Section        0  rt_system.o(i.os_tick_irqack)
    i.rt_alloc_box                           0x080049fa   Section        0  rt_membox.o(i.rt_alloc_box)
    i.rt_alloc_mem                           0x08004a14   Section        0  rt_memory.o(i.rt_alloc_mem)
    i.rt_block                               0x08004a54   Section        0  rt_task.o(i.rt_block)
    i.rt_chk_robin                           0x08004a8c   Section        0  rt_robin.o(i.rt_chk_robin)
    i.rt_dec_dly                             0x08004ad4   Section        0  rt_list.o(i.rt_dec_dly)
    i.rt_dispatch                            0x08004b44   Section        0  rt_task.o(i.rt_dispatch)
    i.rt_dly_wait                            0x08004b88   Section        0  rt_time.o(i.rt_dly_wait)
    i.rt_evt_psh                             0x08004b90   Section        0  rt_event.o(i.rt_evt_psh)
    i.rt_evt_set                             0x08004be0   Section        0  rt_event.o(i.rt_evt_set)
    i.rt_evt_wait                            0x08004c3c   Section        0  rt_event.o(i.rt_evt_wait)
    i.rt_free_box                            0x08004c78   Section        0  rt_membox.o(i.rt_free_box)
    i.rt_free_mem                            0x08004ca4   Section        0  rt_memory.o(i.rt_free_mem)
    i.rt_get_first                           0x08004ccc   Section        0  rt_list.o(i.rt_get_first)
    i.rt_init_context                        0x08004cf4   Section        0  rt_task.o(i.rt_init_context)
    rt_init_context                          0x08004cf5   Thumb Code    66  rt_task.o(i.rt_init_context)
    i.rt_init_mem                            0x08004d3c   Section        0  rt_memory.o(i.rt_init_mem)
    i.rt_init_robin                          0x08004d58   Section        0  rt_robin.o(i.rt_init_robin)
    i.rt_init_stack                          0x08004d70   Section        0  hal_cm.o(i.rt_init_stack)
    i.rt_mbx_check                           0x08004df0   Section        0  rt_mailbox.o(i.rt_mbx_check)
    i.rt_mbx_init                            0x08004df8   Section        0  rt_mailbox.o(i.rt_mbx_init)
    i.rt_mbx_psh                             0x08004e14   Section        0  rt_mailbox.o(i.rt_mbx_psh)
    i.rt_ms2tick                             0x08004f04   Section        0  rt_cmsis.o(i.rt_ms2tick)
    rt_ms2tick                               0x08004f05   Thumb Code    58  rt_cmsis.o(i.rt_ms2tick)
    i.rt_mut_release                         0x08004f48   Section        0  rt_mutex.o(i.rt_mut_release)
    i.rt_mut_wait                            0x08005020   Section        0  rt_mutex.o(i.rt_mut_wait)
    i.rt_pop_req                             0x08005098   Section        0  rt_system.o(i.rt_pop_req)
    i.rt_psh_req                             0x08005114   Section        0  rt_system.o(i.rt_psh_req)
    i.rt_psq_enq                             0x08005134   Section        0  rt_list.o(i.rt_psq_enq)
    i.rt_put_dly                             0x08005190   Section        0  rt_list.o(i.rt_put_dly)
    i.rt_put_prio                            0x080051d8   Section        0  rt_list.o(i.rt_put_prio)
    i.rt_put_rdy_first                       0x08005210   Section        0  rt_list.o(i.rt_put_rdy_first)
    i.rt_resort_prio                         0x08005224   Section        0  rt_list.o(i.rt_resort_prio)
    i.rt_ret_regs                            0x08005258   Section        0  hal_cm.o(i.rt_ret_regs)
    rt_ret_regs                              0x08005259   Thumb Code    16  hal_cm.o(i.rt_ret_regs)
    i.rt_ret_val                             0x08005268   Section        0  hal_cm.o(i.rt_ret_val)
    i.rt_ret_val2                            0x08005274   Section        0  hal_cm.o(i.rt_ret_val2)
    i.rt_rmv_dly                             0x08005284   Section        0  rt_list.o(i.rt_rmv_dly)
    i.rt_rmv_list                            0x080052ac   Section        0  rt_list.o(i.rt_rmv_list)
    i.rt_sem_psh                             0x080052dc   Section        0  rt_semaphore.o(i.rt_sem_psh)
    i.rt_stk_check                           0x08005310   Section        0  rt_system.o(i.rt_stk_check)
    i.rt_switch_req                          0x08005334   Section        0  rt_task.o(i.rt_switch_req)
    i.rt_sys_init                            0x0800535c   Section        0  rt_task.o(i.rt_sys_init)
    i.rt_sys_start                           0x08005428   Section        0  rt_task.o(i.rt_sys_start)
    i.rt_systick                             0x080054a0   Section        0  rt_system.o(i.rt_systick)
    i.rt_tid2ptcb                            0x080054e0   Section        0  rt_cmsis.o(i.rt_tid2ptcb)
    rt_tid2ptcb                              0x080054e1   Thumb Code    18  rt_cmsis.o(i.rt_tid2ptcb)
    i.rt_timer_insert                        0x080054f4   Section        0  rt_cmsis.o(i.rt_timer_insert)
    rt_timer_insert                          0x080054f5   Thumb Code    48  rt_cmsis.o(i.rt_timer_insert)
    i.rt_tsk_create                          0x08005528   Section        0  rt_task.o(i.rt_tsk_create)
    i.rt_tsk_delete                          0x080055b0   Section        0  rt_task.o(i.rt_tsk_delete)
    i.rt_tsk_prio                            0x0800572c   Section        0  rt_task.o(i.rt_tsk_prio)
    i.rt_tsk_self                            0x080057a8   Section        0  rt_task.o(i.rt_tsk_self)
    i.svcDelay                               0x080057b8   Section        0  rt_cmsis.o(i.svcDelay)
    i.svcKernelInitialize                    0x080057cc   Section        0  rt_cmsis.o(i.svcKernelInitialize)
    i.svcKernelStart                         0x0800583c   Section        0  rt_cmsis.o(i.svcKernelStart)
    i.svcMessageCreate                       0x08005884   Section        0  rt_cmsis.o(i.svcMessageCreate)
    i.svcSignalSet                           0x080058a8   Section        0  rt_cmsis.o(i.svcSignalSet)
    i.svcSignalWait                          0x080058cc   Section        0  rt_cmsis.o(i.svcSignalWait)
    i.svcThreadCreate                        0x08005920   Section        0  rt_cmsis.o(i.svcThreadCreate)
    i.svcThreadGetId                         0x0800598c   Section        0  rt_cmsis.o(i.svcThreadGetId)
    i.svcThreadTerminate                     0x080059a8   Section        0  rt_cmsis.o(i.svcThreadTerminate)
    i.switch_ruban_led                       0x080059e0   Section        0  gestion_lumiere.o(i.switch_ruban_led)
    i.sysTimerTick                           0x08005c7c   Section        0  rt_cmsis.o(i.sysTimerTick)
    x$fpl$fpinit                             0x08005cd8   Section       10  fpinit.o(x$fpl$fpinit)
    $v0                                      0x08005cd8   Number         0  fpinit.o(x$fpl$fpinit)
    .constdata                               0x08005ce4   Section       48  main.o(.constdata)
    .constdata                               0x08005d14   Section       32  led_f4discovery.o(.constdata)
    LED_PIN                                  0x08005d14   Data          32  led_f4discovery.o(.constdata)
    .constdata                               0x08005d34   Section      104  rtx_conf_cm.o(.constdata)
    __tagsym$$used                           0x08005d50   Number         0  rtx_conf_cm.o(.constdata)
    __tagsym$$used                           0x08005d54   Number         0  rtx_conf_cm.o(.constdata)
    __tagsym$$used                           0x08005d58   Number         0  rtx_conf_cm.o(.constdata)
    __tagsym$$used                           0x08005d5c   Number         0  rtx_conf_cm.o(.constdata)
    .constdata                               0x08005d9c   Section       88  can_stm32f4xx.o(.constdata)
    can_driver_version                       0x08005d9c   Data           4  can_stm32f4xx.o(.constdata)
    can_driver_capabilities                  0x08005da0   Data           4  can_stm32f4xx.o(.constdata)
    can_object_capabilities_rx               0x08005da4   Data           4  can_stm32f4xx.o(.constdata)
    can_object_capabilities_tx               0x08005da8   Data           4  can_stm32f4xx.o(.constdata)
    ptr_CANx                                 0x08005dac   Data          12  can_stm32f4xx.o(.constdata)
    .constdata                               0x08005df4   Section      160  spi_stm32f4xx.o(.constdata)
    DriverVersion                            0x08005df4   Data           4  spi_stm32f4xx.o(.constdata)
    DriverCapabilities                       0x08005df8   Data           4  spi_stm32f4xx.o(.constdata)
    SPI1_mosi                                0x08005dfc   Data          16  spi_stm32f4xx.o(.constdata)
    SPI1_miso                                0x08005e0c   Data          16  spi_stm32f4xx.o(.constdata)
    SPI1_sck                                 0x08005e1c   Data          16  spi_stm32f4xx.o(.constdata)
    SPI1_nss                                 0x08005e2c   Data          16  spi_stm32f4xx.o(.constdata)
    SPI1_Resources                           0x08005e3c   Data          44  spi_stm32f4xx.o(.constdata)
    .constdata                               0x08005e94   Section       24  system_stm32f4xx.o(.constdata)
    .data                                    0x20000000   Section       16  main.o(.data)
    .data                                    0x20000010   Section        4  gestion_lumiere.o(.data)
    .data                                    0x20000014   Section       20  rtx_conf_cm.o(.data)
    nr_mutex                                 0x20000024   Data           4  rtx_conf_cm.o(.data)
    .data                                    0x20000028   Section       20  can_stm32f4xx.o(.data)
    can_driver_powered                       0x20000028   Data           2  can_stm32f4xx.o(.data)
    can_driver_initialized                   0x2000002a   Data           2  can_stm32f4xx.o(.data)
    CAN_SignalUnitEvent                      0x2000002c   Data           8  can_stm32f4xx.o(.data)
    CAN_SignalObjectEvent                    0x20000034   Data           8  can_stm32f4xx.o(.data)
    .data                                    0x2000003c   Section        9  stm32f4xx_hal.o(.data)
    .data                                    0x20000048   Section        4  system_stm32f4xx.o(.data)
    .data                                    0x2000004c   Section        8  rt_cmsis.o(.data)
    .data                                    0x20000054   Section        8  rt_task.o(.data)
    .data                                    0x2000005c   Section        8  rt_system.o(.data)
    os_lock                                  0x2000005c   Data           1  rt_system.o(.data)
    os_psh_flag                              0x2000005d   Data           1  rt_system.o(.data)
    pend_flags                               0x2000005e   Data           1  rt_system.o(.data)
    .data                                    0x20000064   Section        4  rt_time.o(.data)
    .data                                    0x20000068   Section        8  rt_robin.o(.data)
    .data                                    0x20000070   Section        1  hal_cm.o(.data)
    .bss                                     0x20000074   Section      320  gestion_lumiere.o(.bss)
    .bss                                     0x200001b8   Section     4716  rtx_conf_cm.o(.bss)
    std_libspace                             0x20001164   Data         576  rtx_conf_cm.o(.bss)
    std_libmutex                             0x200013a4   Data         128  rtx_conf_cm.o(.bss)
    .bss                                     0x20001424   Section       10  can_stm32f4xx.o(.bss)
    can_obj_cfg                              0x20001424   Data          10  can_stm32f4xx.o(.bss)
    .bss                                     0x20001430   Section       44  spi_stm32f4xx.o(.bss)
    SPI1_Info                                0x20001430   Data          16  spi_stm32f4xx.o(.bss)
    SPI1_TransferInfo                        0x20001440   Data          28  spi_stm32f4xx.o(.bss)
    .bss                                     0x2000145c   Section       52  rt_task.o(.bss)
    .bss                                     0x20001490   Section       48  rt_list.o(.bss)
    .bss                                     0x200014c0   Section       96  libspace.o(.bss)
    HEAP                                     0x20001520   Section      512  startup_stm32f407xx.o(HEAP)
    Heap_Mem                                 0x20001520   Data         512  startup_stm32f407xx.o(HEAP)
    STACK                                    0x20001720   Section     1024  startup_stm32f407xx.o(STACK)
    Stack_Mem                                0x20001720   Data        1024  startup_stm32f407xx.o(STACK)
    __initial_sp                             0x20001b20   Data           0  startup_stm32f407xx.o(STACK)

    Global Symbols

    Symbol Name                              Value     Ov Type        Size  Object(Section)

    BuildAttributes$$THM_ISAv4$E$P$D$K$B$S$7EM$VFPi3$EXTD16$VFPS$VFMA$PE$A:L22UL41UL21$X:L11$S22US41US21$IEEE1$IW$USESV6$~STKCKD$USESV7$~SHL$OSPACE$ROPI$EBA8$UX$STANDARDLIB$REQ8$PRES8$EABIv2 0x00000000   Number         0  anon$$obj.o ABSOLUTE
    __ARM_use_no_argv                        0x00000000   Number         0  main.o ABSOLUTE
    __ARM_exceptions_init                     - Undefined Weak Reference
    __alloca_initialize                       - Undefined Weak Reference
    __arm_preinit_                            - Undefined Weak Reference
    __cpp_initialize__aeabi_                  - Undefined Weak Reference
    __cxa_finalize                            - Undefined Weak Reference
    __rt_locale                               - Undefined Weak Reference
    __sigvec_lookup                           - Undefined Weak Reference
    _atexit_init                              - Undefined Weak Reference
    _call_atexit_fns                          - Undefined Weak Reference
    _clock_init                               - Undefined Weak Reference
    _fp_trap_init                             - Undefined Weak Reference
    _fp_trap_shutdown                         - Undefined Weak Reference
    _get_lc_collate                           - Undefined Weak Reference
    _get_lc_ctype                             - Undefined Weak Reference
    _get_lc_monetary                          - Undefined Weak Reference
    _get_lc_numeric                           - Undefined Weak Reference
    _get_lc_time                              - Undefined Weak Reference
    _getenv_init                              - Undefined Weak Reference
    _handle_redirection                       - Undefined Weak Reference
    _init_alloc                               - Undefined Weak Reference
    _init_user_alloc                          - Undefined Weak Reference
    _initio                                   - Undefined Weak Reference
    _rand_init                                - Undefined Weak Reference
    _signal_finish                            - Undefined Weak Reference
    _signal_init                              - Undefined Weak Reference
    _terminate_alloc                          - Undefined Weak Reference
    _terminate_user_alloc                     - Undefined Weak Reference
    _terminateio                              - Undefined Weak Reference
    __Vectors_Size                           0x00000188   Number         0  startup_stm32f407xx.o ABSOLUTE
    __RL_RTX_VER                             0x00000482   Number         0  rt_system.o ABSOLUTE
    __Vectors                                0x08000000   Data           4  startup_stm32f407xx.o(RESET)
    __Vectors_End                            0x08000188   Data           0  startup_stm32f407xx.o(RESET)
    __main                                   0x08000189   Thumb Code     8  __main.o(!!!main)
    __scatterload                            0x08000191   Thumb Code     0  __scatter.o(!!!scatter)
    __scatterload_rt2                        0x08000191   Thumb Code    44  __scatter.o(!!!scatter)
    __scatterload_rt2_thumb_only             0x08000191   Thumb Code     0  __scatter.o(!!!scatter)
    __scatterload_null                       0x0800019f   Thumb Code     0  __scatter.o(!!!scatter)
    __scatterload_copy                       0x080001c5   Thumb Code    26  __scatter_copy.o(!!handler_copy)
    __scatterload_zeroinit                   0x080001e1   Thumb Code    28  __scatter_zi.o(!!handler_zi)
    __rt_lib_init                            0x080001fd   Thumb Code     0  libinit.o(.ARM.Collect$$libinit$$00000000)
    __rt_lib_init_fp_1                       0x080001ff   Thumb Code     0  libinit2.o(.ARM.Collect$$libinit$$00000001)
    __rt_lib_init_alloca_1                   0x08000203   Thumb Code     0  libinit2.o(.ARM.Collect$$libinit$$0000002E)
    __rt_lib_init_argv_1                     0x08000203   Thumb Code     0  libinit2.o(.ARM.Collect$$libinit$$0000002C)
    __rt_lib_init_atexit_1                   0x08000203   Thumb Code     0  libinit2.o(.ARM.Collect$$libinit$$0000001B)
    __rt_lib_init_clock_1                    0x08000203   Thumb Code     0  libinit2.o(.ARM.Collect$$libinit$$00000021)
    __rt_lib_init_cpp_1                      0x08000203   Thumb Code     0  libinit2.o(.ARM.Collect$$libinit$$00000032)
    __rt_lib_init_exceptions_1               0x08000203   Thumb Code     0  libinit2.o(.ARM.Collect$$libinit$$00000030)
    __rt_lib_init_fp_trap_1                  0x08000203   Thumb Code     0  libinit2.o(.ARM.Collect$$libinit$$0000001F)
    __rt_lib_init_getenv_1                   0x08000203   Thumb Code     0  libinit2.o(.ARM.Collect$$libinit$$00000023)
    __rt_lib_init_heap_1                     0x08000203   Thumb Code     0  libinit2.o(.ARM.Collect$$libinit$$0000000A)
    __rt_lib_init_lc_collate_1               0x08000203   Thumb Code     0  libinit2.o(.ARM.Collect$$libinit$$00000011)
    __rt_lib_init_lc_ctype_1                 0x08000203   Thumb Code     0  libinit2.o(.ARM.Collect$$libinit$$00000013)
    __rt_lib_init_lc_monetary_1              0x08000203   Thumb Code     0  libinit2.o(.ARM.Collect$$libinit$$00000015)
    __rt_lib_init_lc_numeric_1               0x08000203   Thumb Code     0  libinit2.o(.ARM.Collect$$libinit$$00000017)
    __rt_lib_init_lc_time_1                  0x08000203   Thumb Code     0  libinit2.o(.ARM.Collect$$libinit$$00000019)
    __rt_lib_init_preinit_1                  0x08000203   Thumb Code     0  libinit2.o(.ARM.Collect$$libinit$$00000004)
    __rt_lib_init_rand_1                     0x08000203   Thumb Code     0  libinit2.o(.ARM.Collect$$libinit$$0000000E)
    __rt_lib_init_return                     0x08000203   Thumb Code     0  libinit2.o(.ARM.Collect$$libinit$$00000033)
    __rt_lib_init_signal_1                   0x08000203   Thumb Code     0  libinit2.o(.ARM.Collect$$libinit$$0000001D)
    __rt_lib_init_stdio_1                    0x08000203   Thumb Code     0  libinit2.o(.ARM.Collect$$libinit$$00000025)
    __rt_lib_init_user_alloc_1               0x08000203   Thumb Code     0  libinit2.o(.ARM.Collect$$libinit$$0000000C)
    __rt_lib_shutdown                        0x08000205   Thumb Code     0  libshutdown.o(.ARM.Collect$$libshutdown$$00000000)
    __rt_lib_shutdown_cpp_1                  0x08000207   Thumb Code     0  libshutdown2.o(.ARM.Collect$$libshutdown$$00000002)
    __rt_lib_shutdown_fp_trap_1              0x08000207   Thumb Code     0  libshutdown2.o(.ARM.Collect$$libshutdown$$00000007)
    __rt_lib_shutdown_heap_1                 0x08000207   Thumb Code     0  libshutdown2.o(.ARM.Collect$$libshutdown$$0000000F)
    __rt_lib_shutdown_return                 0x08000207   Thumb Code     0  libshutdown2.o(.ARM.Collect$$libshutdown$$00000010)
    __rt_lib_shutdown_signal_1               0x08000207   Thumb Code     0  libshutdown2.o(.ARM.Collect$$libshutdown$$0000000A)
    __rt_lib_shutdown_stdio_1                0x08000207   Thumb Code     0  libshutdown2.o(.ARM.Collect$$libshutdown$$00000004)
    __rt_lib_shutdown_user_alloc_1           0x08000207   Thumb Code     0  libshutdown2.o(.ARM.Collect$$libshutdown$$0000000C)
    __rt_entry                               0x08000209   Thumb Code     0  __rtentry.o(.ARM.Collect$$rtentry$$00000000)
    __rt_entry_presh_1                       0x08000209   Thumb Code     0  __rtentry2.o(.ARM.Collect$$rtentry$$00000002)
    __rt_entry_sh                            0x08000209   Thumb Code     0  __rtentry4.o(.ARM.Collect$$rtentry$$00000004)
    __rt_entry_li                            0x0800020f   Thumb Code     0  __rtentry2.o(.ARM.Collect$$rtentry$$0000000A)
    __rt_entry_postsh_1                      0x0800020f   Thumb Code     0  __rtentry2.o(.ARM.Collect$$rtentry$$00000009)
    __rt_entry_postli_1                      0x08000213   Thumb Code     0  __rtentry2.o(.ARM.Collect$$rtentry$$0000000B)
    __rt_entry_main                          0x0800021b   Thumb Code     0  __rtentry2.o(.ARM.Collect$$rtentry$$0000000D)
    __rt_exit                                0x08000223   Thumb Code     0  rtexit.o(.ARM.Collect$$rtexit$$00000000)
    __rt_exit_ls                             0x08000225   Thumb Code     0  rtexit2.o(.ARM.Collect$$rtexit$$00000003)
    __rt_exit_prels_1                        0x08000225   Thumb Code     0  rtexit2.o(.ARM.Collect$$rtexit$$00000002)
    __rt_exit_exit                           0x08000229   Thumb Code     0  rtexit2.o(.ARM.Collect$$rtexit$$00000004)
    _platform_post_lib_init                  0x08000231   Thumb Code    24  rtx_conf_cm.o(.emb_text)
    rt_set_PSP                               0x0800024d   Thumb Code     6  hal_cm4.o(.emb_text)
    rt_get_PSP                               0x08000253   Thumb Code     6  hal_cm4.o(.emb_text)
    os_set_env                               0x08000259   Thumb Code    24  hal_cm4.o(.emb_text)
    _alloc_box                               0x08000275   Thumb Code    28  hal_cm4.o(.emb_text)
    _free_box                                0x08000295   Thumb Code    28  hal_cm4.o(.emb_text)
    SVC_Handler                              0x080002b5   Thumb Code   168  hal_cm4.o(.emb_text)
    PendSV_Handler                           0x0800036d   Thumb Code    96  hal_cm4.o(.emb_text)
    SysTick_Handler                          0x080003d1   Thumb Code     8  hal_cm4.o(.emb_text)
    OS_Tick_Handler                          0x080003d9   Thumb Code    12  hal_cm4.o(.emb_text)
    Reset_Handler                            0x080003e5   Thumb Code     8  startup_stm32f407xx.o(.text)
    NMI_Handler                              0x080003ed   Thumb Code     2  startup_stm32f407xx.o(.text)
    HardFault_Handler                        0x080003ef   Thumb Code     2  startup_stm32f407xx.o(.text)
    MemManage_Handler                        0x080003f1   Thumb Code     2  startup_stm32f407xx.o(.text)
    BusFault_Handler                         0x080003f3   Thumb Code     2  startup_stm32f407xx.o(.text)
    UsageFault_Handler                       0x080003f5   Thumb Code     2  startup_stm32f407xx.o(.text)
    DebugMon_Handler                         0x080003f9   Thumb Code     2  startup_stm32f407xx.o(.text)
    ADC_IRQHandler                           0x080003ff   Thumb Code     0  startup_stm32f407xx.o(.text)
    CAN1_RX0_IRQHandler                      0x080003ff   Thumb Code     0  startup_stm32f407xx.o(.text)
    CAN1_RX1_IRQHandler                      0x080003ff   Thumb Code     0  startup_stm32f407xx.o(.text)
    CAN1_SCE_IRQHandler                      0x080003ff   Thumb Code     0  startup_stm32f407xx.o(.text)
    CAN1_TX_IRQHandler                       0x080003ff   Thumb Code     0  startup_stm32f407xx.o(.text)
    DCMI_IRQHandler                          0x080003ff   Thumb Code     0  startup_stm32f407xx.o(.text)
    DMA1_Stream0_IRQHandler                  0x080003ff   Thumb Code     0  startup_stm32f407xx.o(.text)
    DMA1_Stream1_IRQHandler                  0x080003ff   Thumb Code     0  startup_stm32f407xx.o(.text)
    DMA1_Stream2_IRQHandler                  0x080003ff   Thumb Code     0  startup_stm32f407xx.o(.text)
    DMA1_Stream3_IRQHandler                  0x080003ff   Thumb Code     0  startup_stm32f407xx.o(.text)
    DMA1_Stream4_IRQHandler                  0x080003ff   Thumb Code     0  startup_stm32f407xx.o(.text)
    DMA1_Stream5_IRQHandler                  0x080003ff   Thumb Code     0  startup_stm32f407xx.o(.text)
    DMA1_Stream6_IRQHandler                  0x080003ff   Thumb Code     0  startup_stm32f407xx.o(.text)
    DMA1_Stream7_IRQHandler                  0x080003ff   Thumb Code     0  startup_stm32f407xx.o(.text)
    DMA2_Stream0_IRQHandler                  0x080003ff   Thumb Code     0  startup_stm32f407xx.o(.text)
    DMA2_Stream1_IRQHandler                  0x080003ff   Thumb Code     0  startup_stm32f407xx.o(.text)
    DMA2_Stream2_IRQHandler                  0x080003ff   Thumb Code     0  startup_stm32f407xx.o(.text)
    DMA2_Stream3_IRQHandler                  0x080003ff   Thumb Code     0  startup_stm32f407xx.o(.text)
    DMA2_Stream4_IRQHandler                  0x080003ff   Thumb Code     0  startup_stm32f407xx.o(.text)
    DMA2_Stream5_IRQHandler                  0x080003ff   Thumb Code     0  startup_stm32f407xx.o(.text)
    DMA2_Stream6_IRQHandler                  0x080003ff   Thumb Code     0  startup_stm32f407xx.o(.text)
    DMA2_Stream7_IRQHandler                  0x080003ff   Thumb Code     0  startup_stm32f407xx.o(.text)
    ETH_IRQHandler                           0x080003ff   Thumb Code     0  startup_stm32f407xx.o(.text)
    ETH_WKUP_IRQHandler                      0x080003ff   Thumb Code     0  startup_stm32f407xx.o(.text)
    EXTI0_IRQHandler                         0x080003ff   Thumb Code     0  startup_stm32f407xx.o(.text)
    EXTI15_10_IRQHandler                     0x080003ff   Thumb Code     0  startup_stm32f407xx.o(.text)
    EXTI1_IRQHandler                         0x080003ff   Thumb Code     0  startup_stm32f407xx.o(.text)
    EXTI2_IRQHandler                         0x080003ff   Thumb Code     0  startup_stm32f407xx.o(.text)
    EXTI3_IRQHandler                         0x080003ff   Thumb Code     0  startup_stm32f407xx.o(.text)
    EXTI4_IRQHandler                         0x080003ff   Thumb Code     0  startup_stm32f407xx.o(.text)
    EXTI9_5_IRQHandler                       0x080003ff   Thumb Code     0  startup_stm32f407xx.o(.text)
    FLASH_IRQHandler                         0x080003ff   Thumb Code     0  startup_stm32f407xx.o(.text)
    FMC_IRQHandler                           0x080003ff   Thumb Code     0  startup_stm32f407xx.o(.text)
    FPU_IRQHandler                           0x080003ff   Thumb Code     0  startup_stm32f407xx.o(.text)
    HASH_RNG_IRQHandler                      0x080003ff   Thumb Code     0  startup_stm32f407xx.o(.text)
    I2C1_ER_IRQHandler                       0x080003ff   Thumb Code     0  startup_stm32f407xx.o(.text)
    I2C1_EV_IRQHandler                       0x080003ff   Thumb Code     0  startup_stm32f407xx.o(.text)
    I2C2_ER_IRQHandler                       0x080003ff   Thumb Code     0  startup_stm32f407xx.o(.text)
    I2C2_EV_IRQHandler                       0x080003ff   Thumb Code     0  startup_stm32f407xx.o(.text)
    I2C3_ER_IRQHandler                       0x080003ff   Thumb Code     0  startup_stm32f407xx.o(.text)
    I2C3_EV_IRQHandler                       0x080003ff   Thumb Code     0  startup_stm32f407xx.o(.text)
    OTG_FS_IRQHandler                        0x080003ff   Thumb Code     0  startup_stm32f407xx.o(.text)
    OTG_FS_WKUP_IRQHandler                   0x080003ff   Thumb Code     0  startup_stm32f407xx.o(.text)
    OTG_HS_EP1_IN_IRQHandler                 0x080003ff   Thumb Code     0  startup_stm32f407xx.o(.text)
    OTG_HS_EP1_OUT_IRQHandler                0x080003ff   Thumb Code     0  startup_stm32f407xx.o(.text)
    OTG_HS_IRQHandler                        0x080003ff   Thumb Code     0  startup_stm32f407xx.o(.text)
    OTG_HS_WKUP_IRQHandler                   0x080003ff   Thumb Code     0  startup_stm32f407xx.o(.text)
    PVD_IRQHandler                           0x080003ff   Thumb Code     0  startup_stm32f407xx.o(.text)
    RCC_IRQHandler                           0x080003ff   Thumb Code     0  startup_stm32f407xx.o(.text)
    RTC_Alarm_IRQHandler                     0x080003ff   Thumb Code     0  startup_stm32f407xx.o(.text)
    RTC_WKUP_IRQHandler                      0x080003ff   Thumb Code     0  startup_stm32f407xx.o(.text)
    SDIO_IRQHandler                          0x080003ff   Thumb Code     0  startup_stm32f407xx.o(.text)
    SPI2_IRQHandler                          0x080003ff   Thumb Code     0  startup_stm32f407xx.o(.text)
    SPI3_IRQHandler                          0x080003ff   Thumb Code     0  startup_stm32f407xx.o(.text)
    TAMP_STAMP_IRQHandler                    0x080003ff   Thumb Code     0  startup_stm32f407xx.o(.text)
    TIM1_BRK_TIM9_IRQHandler                 0x080003ff   Thumb Code     0  startup_stm32f407xx.o(.text)
    TIM1_CC_IRQHandler                       0x080003ff   Thumb Code     0  startup_stm32f407xx.o(.text)
    TIM1_TRG_COM_TIM11_IRQHandler            0x080003ff   Thumb Code     0  startup_stm32f407xx.o(.text)
    TIM1_UP_TIM10_IRQHandler                 0x080003ff   Thumb Code     0  startup_stm32f407xx.o(.text)
    TIM2_IRQHandler                          0x080003ff   Thumb Code     0  startup_stm32f407xx.o(.text)
    TIM3_IRQHandler                          0x080003ff   Thumb Code     0  startup_stm32f407xx.o(.text)
    TIM4_IRQHandler                          0x080003ff   Thumb Code     0  startup_stm32f407xx.o(.text)
    TIM5_IRQHandler                          0x080003ff   Thumb Code     0  startup_stm32f407xx.o(.text)
    TIM6_DAC_IRQHandler                      0x080003ff   Thumb Code     0  startup_stm32f407xx.o(.text)
    TIM7_IRQHandler                          0x080003ff   Thumb Code     0  startup_stm32f407xx.o(.text)
    TIM8_BRK_TIM12_IRQHandler                0x080003ff   Thumb Code     0  startup_stm32f407xx.o(.text)
    TIM8_CC_IRQHandler                       0x080003ff   Thumb Code     0  startup_stm32f407xx.o(.text)
    TIM8_TRG_COM_TIM14_IRQHandler            0x080003ff   Thumb Code     0  startup_stm32f407xx.o(.text)
    TIM8_UP_TIM13_IRQHandler                 0x080003ff   Thumb Code     0  startup_stm32f407xx.o(.text)
    UART4_IRQHandler                         0x080003ff   Thumb Code     0  startup_stm32f407xx.o(.text)
    UART5_IRQHandler                         0x080003ff   Thumb Code     0  startup_stm32f407xx.o(.text)
    USART1_IRQHandler                        0x080003ff   Thumb Code     0  startup_stm32f407xx.o(.text)
    USART2_IRQHandler                        0x080003ff   Thumb Code     0  startup_stm32f407xx.o(.text)
    USART3_IRQHandler                        0x080003ff   Thumb Code     0  startup_stm32f407xx.o(.text)
    USART6_IRQHandler                        0x080003ff   Thumb Code     0  startup_stm32f407xx.o(.text)
    WWDG_IRQHandler                          0x080003ff   Thumb Code     0  startup_stm32f407xx.o(.text)
    __user_initial_stackheap                 0x08000401   Thumb Code     0  startup_stm32f407xx.o(.text)
    __user_libspace                          0x08000425   Thumb Code     8  libspace.o(.text)
    __user_perproc_libspace                  0x08000425   Thumb Code     0  libspace.o(.text)
    __aeabi_uldivmod                         0x0800042d   Thumb Code     0  lludivv7m.o(.text)
    _ll_udiv                                 0x0800042d   Thumb Code   238  lludivv7m.o(.text)
    exit                                     0x0800051b   Thumb Code    18  exit.o(.text)
    __aeabi_memcpy                           0x0800052d   Thumb Code     0  rt_memcpy_v6.o(.text)
    __rt_memcpy                              0x0800052d   Thumb Code   138  rt_memcpy_v6.o(.text)
    _memcpy_lastbytes                        0x08000593   Thumb Code     0  rt_memcpy_v6.o(.text)
    __aeabi_memclr4                          0x080005b7   Thumb Code     0  rt_memclr_w.o(.text)
    __aeabi_memclr8                          0x080005b7   Thumb Code     0  rt_memclr_w.o(.text)
    __rt_memclr_w                            0x080005b7   Thumb Code    78  rt_memclr_w.o(.text)
    _memset_w                                0x080005bb   Thumb Code     0  rt_memclr_w.o(.text)
    __use_two_region_memory                  0x08000605   Thumb Code     2  heapauxi.o(.text)
    __rt_heap_escrow$2region                 0x08000607   Thumb Code     2  heapauxi.o(.text)
    __rt_heap_expand$2region                 0x08000609   Thumb Code     2  heapauxi.o(.text)
    __aeabi_memcpy4                          0x0800060b   Thumb Code     0  rt_memcpy_w.o(.text)
    __aeabi_memcpy8                          0x0800060b   Thumb Code     0  rt_memcpy_w.o(.text)
    __rt_memcpy_w                            0x0800060b   Thumb Code   100  rt_memcpy_w.o(.text)
    _memcpy_lastbytes_aligned                0x08000653   Thumb Code     0  rt_memcpy_w.o(.text)
    _sys_exit                                0x08000671   Thumb Code     8  sys_exit.o(.text)
    __user_setup_stackheap                   0x0800067d   Thumb Code    74  sys_stackheap_outer.o(.text)
    __I$use$semihosting                      0x080006c7   Thumb Code     0  use_no_semi.o(.text)
    __use_no_semihosting_swi                 0x080006c7   Thumb Code     2  use_no_semi.o(.text)
    SVC_Count                                0x080006c8   Data           4  svc_table.o(SVC_TABLE)
    __semihosting_library_function           0x080006c9   Thumb Code     0  indicate_semi.o(.text)
    SVC_Table                                0x080006cc   Data           0  svc_table.o(SVC_TABLE)
    CAN2_RX0_IRQHandler                      0x080008e1   Thumb Code   218  can_stm32f4xx.o(i.CAN2_RX0_IRQHandler)
    CAN2_RX1_IRQHandler                      0x080009cd   Thumb Code   218  can_stm32f4xx.o(i.CAN2_RX1_IRQHandler)
    CAN2_SCE_IRQHandler                      0x08000ab9   Thumb Code   140  can_stm32f4xx.o(i.CAN2_SCE_IRQHandler)
    CAN2_TX_IRQHandler                       0x08000b71   Thumb Code   294  can_stm32f4xx.o(i.CAN2_TX_IRQHandler)
    Callback_CAN                             0x08001ffd   Thumb Code    48  gestion_can.o(i.Callback_CAN)
    HAL_ADC_ConfigChannel                    0x08002425   Thumb Code   380  stm32f4xx_hal_adc.o(i.HAL_ADC_ConfigChannel)
    HAL_ADC_GetValue                         0x080025b1   Thumb Code     8  stm32f4xx_hal_adc.o(i.HAL_ADC_GetValue)
    HAL_ADC_Init                             0x080025b9   Thumb Code   100  stm32f4xx_hal_adc.o(i.HAL_ADC_Init)
    HAL_ADC_MspInit                          0x08002621   Thumb Code     2  stm32f4xx_hal_adc.o(i.HAL_ADC_MspInit)
    HAL_ADC_PollForConversion                0x08002623   Thumb Code   194  stm32f4xx_hal_adc.o(i.HAL_ADC_PollForConversion)
    HAL_ADC_Start                            0x080026e5   Thumb Code   290  stm32f4xx_hal_adc.o(i.HAL_ADC_Start)
    HAL_ADC_Stop                             0x08002821   Thumb Code    72  stm32f4xx_hal_adc.o(i.HAL_ADC_Stop)
    HAL_DMA_Abort_IT                         0x08002869   Thumb Code    40  stm32f4xx_hal_dma.o(i.HAL_DMA_Abort_IT)
    HAL_GPIO_DeInit                          0x08002891   Thumb Code   316  stm32f4xx_hal_gpio.o(i.HAL_GPIO_DeInit)
    HAL_GPIO_Init                            0x080029f5   Thumb Code   466  stm32f4xx_hal_gpio.o(i.HAL_GPIO_Init)
    HAL_GPIO_WritePin                        0x08002bf5   Thumb Code    12  stm32f4xx_hal_gpio.o(i.HAL_GPIO_WritePin)
    HAL_GetREVID                             0x08002c01   Thumb Code     8  stm32f4xx_hal.o(i.HAL_GetREVID)
    HAL_GetTick                              0x08002c0d   Thumb Code     6  stm32f4xx_hal.o(i.HAL_GetTick)
    HAL_Init                                 0x08002c19   Thumb Code    44  stm32f4xx_hal.o(i.HAL_Init)
    HAL_InitTick                             0x08002c49   Thumb Code    64  stm32f4xx_hal.o(i.HAL_InitTick)
    HAL_MspInit                              0x08002c95   Thumb Code     2  stm32f4xx_hal.o(i.HAL_MspInit)
    HAL_NVIC_DisableIRQ                      0x08002c99   Thumb Code    62  stm32f4xx_hal_cortex.o(i.HAL_NVIC_DisableIRQ)
    HAL_NVIC_SetPriority                     0x08002cdd   Thumb Code   124  stm32f4xx_hal_cortex.o(i.HAL_NVIC_SetPriority)
    HAL_NVIC_SetPriorityGrouping             0x08002d59   Thumb Code    32  stm32f4xx_hal_cortex.o(i.HAL_NVIC_SetPriorityGrouping)
    HAL_RCC_ClockConfig                      0x08002d81   Thumb Code   368  stm32f4xx_hal_rcc.o(i.HAL_RCC_ClockConfig)
    HAL_RCC_GetHCLKFreq                      0x08002f05   Thumb Code     6  stm32f4xx_hal_rcc.o(i.HAL_RCC_GetHCLKFreq)
    HAL_RCC_GetPCLK1Freq                     0x08002f11   Thumb Code    22  stm32f4xx_hal_rcc.o(i.HAL_RCC_GetPCLK1Freq)
    HAL_RCC_GetPCLK2Freq                     0x08002f31   Thumb Code    22  stm32f4xx_hal_rcc.o(i.HAL_RCC_GetPCLK2Freq)
    HAL_RCC_GetSysClockFreq                  0x08002f51   Thumb Code   162  stm32f4xx_hal_rcc.o(i.HAL_RCC_GetSysClockFreq)
    HAL_RCC_OscConfig                        0x08003001   Thumb Code  1152  stm32f4xx_hal_rcc.o(i.HAL_RCC_OscConfig)
    HAL_SYSTICK_Config                       0x08003489   Thumb Code    52  stm32f4xx_hal_cortex.o(i.HAL_SYSTICK_Config)
    LED_Initialize                           0x080034bd   Thumb Code    68  led_f4discovery.o(i.LED_Initialize)
    LED_Off                                  0x08003509   Thumb Code    40  led_f4discovery.o(i.LED_Off)
    LED_On                                   0x08003535   Thumb Code    40  led_f4discovery.o(i.LED_On)
    Ruban_LED_callback                       0x08003561   Thumb Code    26  gestion_lumiere.o(i.Ruban_LED_callback)
    SPI1_IRQHandler                          0x080035b9   Thumb Code    10  spi_stm32f4xx.o(i.SPI1_IRQHandler)
    SystemCoreClockUpdate                    0x080042ad   Thumb Code   170  system_stm32f4xx.o(i.SystemCoreClockUpdate)
    SystemInit                               0x0800436d   Thumb Code    82  system_stm32f4xx.o(i.SystemInit)
    Thread_CAN_Receiver                      0x080043d1   Thumb Code    66  main.o(i.Thread_CAN_Receiver)
    Thread_CAN_Transmiter                    0x08004419   Thumb Code    72  main.o(i.Thread_CAN_Transmiter)
    Thread_gestion_phare                     0x08004469   Thumb Code   116  main.o(i.Thread_gestion_phare)
    _init_box                                0x080045a1   Thumb Code    70  rt_membox.o(i._init_box)
    _mutex_acquire                           0x080045e9   Thumb Code    22  rtx_conf_cm.o(i._mutex_acquire)
    _mutex_release                           0x08004609   Thumb Code    18  rtx_conf_cm.o(i._mutex_release)
    dbg_init                                 0x08004625   Thumb Code    34  hal_cm.o(i.dbg_init)
    dbg_task_notify                          0x08004655   Thumb Code    32  hal_cm.o(i.dbg_task_notify)
    dbg_task_switch                          0x08004675   Thumb Code    16  hal_cm.o(i.dbg_task_switch)
    init_CAN                                 0x08004685   Thumb Code    84  gestion_can.o(i.init_CAN)
    init_PIN_PA0_ALS                         0x080046e9   Thumb Code   148  gestion_lumiere.o(i.init_PIN_PA0_ALS)
    init_SPI                                 0x0800478d   Thumb Code    42  gestion_lumiere.o(i.init_SPI)
    isrMessagePut                            0x080047c5   Thumb Code    44  rt_cmsis.o(i.isrMessagePut)
    isrSignalSet                             0x080047f1   Thumb Code    36  rt_cmsis.o(i.isrSignalSet)
    isr_evt_set                              0x08004815   Thumb Code    34  rt_event.o(i.isr_evt_set)
    isr_mbx_send                             0x0800483d   Thumb Code    14  rt_mailbox.o(i.isr_mbx_send)
    main                                     0x0800484d   Thumb Code    54  main.o(i.main)
    osDelay                                  0x0800488d   Thumb Code    18  rt_cmsis.o(i.osDelay)
    osKernelInitialize                       0x080048a5   Thumb Code    30  rt_cmsis.o(i.osKernelInitialize)
    osKernelStart                            0x080048c9   Thumb Code    98  rt_cmsis.o(i.osKernelStart)
    osSignalSet                              0x08004935   Thumb Code    18  rt_cmsis.o(i.osSignalSet)
    osSignalWait                             0x0800494d   Thumb Code    18  rt_cmsis.o(i.osSignalWait)
    osThreadCreate                           0x08004965   Thumb Code    36  rt_cmsis.o(i.osThreadCreate)
    osThreadExit                             0x08004991   Thumb Code    14  rt_cmsis.o(i.osThreadExit)
    os_error                                 0x080049a9   Thumb Code    34  rtx_conf_cm.o(i.os_error)
    os_idle_demon                            0x080049cb   Thumb Code     4  rtx_conf_cm.o(i.os_idle_demon)
    os_tick_init                             0x080049d1   Thumb Code    32  rt_system.o(i.os_tick_init)
    os_tick_irqack                           0x080049f9   Thumb Code     2  rt_system.o(i.os_tick_irqack)
    rt_alloc_box                             0x080049fb   Thumb Code    26  rt_membox.o(i.rt_alloc_box)
    rt_alloc_mem                             0x08004a15   Thumb Code    62  rt_memory.o(i.rt_alloc_mem)
    rt_block                                 0x08004a55   Thumb Code    48  rt_task.o(i.rt_block)
    rt_chk_robin                             0x08004a8d   Thumb Code    60  rt_robin.o(i.rt_chk_robin)
    rt_dec_dly                               0x08004ad5   Thumb Code   102  rt_list.o(i.rt_dec_dly)
    rt_dispatch                              0x08004b45   Thumb Code    60  rt_task.o(i.rt_dispatch)
    rt_dly_wait                              0x08004b89   Thumb Code     6  rt_time.o(i.rt_dly_wait)
    rt_evt_psh                               0x08004b91   Thumb Code    76  rt_event.o(i.rt_evt_psh)
    rt_evt_set                               0x08004be1   Thumb Code    88  rt_event.o(i.rt_evt_set)
    rt_evt_wait                              0x08004c3d   Thumb Code    56  rt_event.o(i.rt_evt_wait)
    rt_free_box                              0x08004c79   Thumb Code    44  rt_membox.o(i.rt_free_box)
    rt_free_mem                              0x08004ca5   Thumb Code    40  rt_memory.o(i.rt_free_mem)
    rt_get_first                             0x08004ccd   Thumb Code    40  rt_list.o(i.rt_get_first)
    rt_init_mem                              0x08004d3d   Thumb Code    26  rt_memory.o(i.rt_init_mem)
    rt_init_robin                            0x08004d59   Thumb Code    14  rt_robin.o(i.rt_init_robin)
    rt_init_stack                            0x08004d71   Thumb Code   118  hal_cm.o(i.rt_init_stack)
    rt_mbx_check                             0x08004df1   Thumb Code     8  rt_mailbox.o(i.rt_mbx_check)
    rt_mbx_init                              0x08004df9   Thumb Code    26  rt_mailbox.o(i.rt_mbx_init)
    rt_mbx_psh                               0x08004e15   Thumb Code   236  rt_mailbox.o(i.rt_mbx_psh)
    rt_mut_release                           0x08004f49   Thumb Code   208  rt_mutex.o(i.rt_mut_release)
    rt_mut_wait                              0x08005021   Thumb Code   114  rt_mutex.o(i.rt_mut_wait)
    rt_pop_req                               0x08005099   Thumb Code   112  rt_system.o(i.rt_pop_req)
    rt_psh_req                               0x08005115   Thumb Code    22  rt_system.o(i.rt_psh_req)
    rt_psq_enq                               0x08005135   Thumb Code    88  rt_list.o(i.rt_psq_enq)
    rt_put_dly                               0x08005191   Thumb Code    68  rt_list.o(i.rt_put_dly)
    rt_put_prio                              0x080051d9   Thumb Code    54  rt_list.o(i.rt_put_prio)
    rt_put_rdy_first                         0x08005211   Thumb Code    14  rt_list.o(i.rt_put_rdy_first)
    rt_resort_prio                           0x08005225   Thumb Code    46  rt_list.o(i.rt_resort_prio)
    rt_ret_val                               0x08005269   Thumb Code    12  hal_cm.o(i.rt_ret_val)
    rt_ret_val2                              0x08005275   Thumb Code    16  hal_cm.o(i.rt_ret_val2)
    rt_rmv_dly                               0x08005285   Thumb Code    40  rt_list.o(i.rt_rmv_dly)
    rt_rmv_list                              0x080052ad   Thumb Code    44  rt_list.o(i.rt_rmv_list)
    rt_sem_psh                               0x080052dd   Thumb Code    48  rt_semaphore.o(i.rt_sem_psh)
    rt_stk_check                             0x08005311   Thumb Code    28  rt_system.o(i.rt_stk_check)
    rt_switch_req                            0x08005335   Thumb Code    30  rt_task.o(i.rt_switch_req)
    rt_sys_init                              0x0800535d   Thumb Code   138  rt_task.o(i.rt_sys_init)
    rt_sys_start                             0x08005429   Thumb Code   110  rt_task.o(i.rt_sys_start)
    rt_systick                               0x080054a1   Thumb Code    50  rt_system.o(i.rt_systick)
    rt_tsk_create                            0x08005529   Thumb Code   118  rt_task.o(i.rt_tsk_create)
    rt_tsk_delete                            0x080055b1   Thumb Code   352  rt_task.o(i.rt_tsk_delete)
    rt_tsk_prio                              0x0800572d   Thumb Code   108  rt_task.o(i.rt_tsk_prio)
    rt_tsk_self                              0x080057a9   Thumb Code    12  rt_task.o(i.rt_tsk_self)
    svcDelay                                 0x080057b9   Thumb Code    18  rt_cmsis.o(i.svcDelay)
    svcKernelInitialize                      0x080057cd   Thumb Code    80  rt_cmsis.o(i.svcKernelInitialize)
    svcKernelStart                           0x0800583d   Thumb Code    62  rt_cmsis.o(i.svcKernelStart)
    svcMessageCreate                         0x08005885   Thumb Code    36  rt_cmsis.o(i.svcMessageCreate)
    svcSignalSet                             0x080058a9   Thumb Code    36  rt_cmsis.o(i.svcSignalSet)
    svcSignalWait                            0x080058cd   Thumb Code    80  rt_cmsis.o(i.svcSignalWait)
    svcThreadCreate                          0x08005921   Thumb Code    96  rt_cmsis.o(i.svcThreadCreate)
    svcThreadGetId                           0x0800598d   Thumb Code    22  rt_cmsis.o(i.svcThreadGetId)
    svcThreadTerminate                       0x080059a9   Thumb Code    50  rt_cmsis.o(i.svcThreadTerminate)
    switch_ruban_led                         0x080059e1   Thumb Code   660  gestion_lumiere.o(i.switch_ruban_led)
    sysTimerTick                             0x08005c7d   Thumb Code    84  rt_cmsis.o(i.sysTimerTick)
    _fp_init                                 0x08005cd9   Thumb Code    10  fpinit.o(x$fpl$fpinit)
    __fplib_config_fpu_vfp                   0x08005ce1   Thumb Code     0  fpinit.o(x$fpl$fpinit)
    __fplib_config_pureend_doubles           0x08005ce1   Thumb Code     0  fpinit.o(x$fpl$fpinit)
    os_thread_def_Thread_gestion_phare       0x08005ce4   Data          16  main.o(.constdata)
    os_thread_def_Thread_CAN_Transmiter      0x08005cf4   Data          16  main.o(.constdata)
    os_thread_def_Thread_CAN_Receiver        0x08005d04   Data          16  main.o(.constdata)
    os_maxtaskrun                            0x08005d34   Data           2  rtx_conf_cm.o(.constdata)
    os_stackinfo                             0x08005d38   Data           4  rtx_conf_cm.o(.constdata)
    os_rrobin                                0x08005d3c   Data           4  rtx_conf_cm.o(.constdata)
    os_tickfreq                              0x08005d40   Data           4  rtx_conf_cm.o(.constdata)
    os_tickus_i                              0x08005d44   Data           2  rtx_conf_cm.o(.constdata)
    os_tickus_f                              0x08005d46   Data           2  rtx_conf_cm.o(.constdata)
    os_trv                                   0x08005d48   Data           4  rtx_conf_cm.o(.constdata)
    os_flags                                 0x08005d4c   Data           1  rtx_conf_cm.o(.constdata)
    CMSIS_RTOS_API_Version                   0x08005d50   Data           4  rtx_conf_cm.o(.constdata)
    CMSIS_RTOS_RTX_Version                   0x08005d54   Data           4  rtx_conf_cm.o(.constdata)
    os_clockrate                             0x08005d58   Data           4  rtx_conf_cm.o(.constdata)
    os_timernum                              0x08005d5c   Data           4  rtx_conf_cm.o(.constdata)
    mp_tcb_size                              0x08005d60   Data           2  rtx_conf_cm.o(.constdata)
    mp_stk_size                              0x08005d64   Data           4  rtx_conf_cm.o(.constdata)
    os_stack_sz                              0x08005d68   Data           4  rtx_conf_cm.o(.constdata)
    os_fifo_size                             0x08005d6c   Data           1  rtx_conf_cm.o(.constdata)
    os_thread_def_osTimerThread              0x08005d70   Data          16  rtx_conf_cm.o(.constdata)
    os_messageQ_def_osTimerMessageQ          0x08005d80   Data           8  rtx_conf_cm.o(.constdata)
    mp_tmr_size                              0x08005d88   Data           2  rtx_conf_cm.o(.constdata)
    os_thread_def_main                       0x08005d8c   Data          16  rtx_conf_cm.o(.constdata)
    Driver_CAN2                              0x08005db8   Data          60  can_stm32f4xx.o(.constdata)
    Driver_SPI1                              0x08005e68   Data          44  spi_stm32f4xx.o(.constdata)
    AHBPrescTable                            0x08005e94   Data          16  system_stm32f4xx.o(.constdata)
    APBPrescTable                            0x08005ea4   Data           8  system_stm32f4xx.o(.constdata)
    Region$$Table$$Base                      0x08005eac   Number         0  anon$$obj.o(Region$$Table)
    Region$$Table$$Limit                     0x08005ecc   Number         0  anon$$obj.o(Region$$Table)
    etat_lumiere                             0x20000000   Data           2  main.o(.data)
    ID_gestion_phare                         0x20000004   Data           4  main.o(.data)
    ID_CAN_Transmiter                        0x20000008   Data           4  main.o(.data)
    ID_CAN_Receiver                          0x2000000c   Data           4  main.o(.data)
    defilement                               0x20000010   Data           4  gestion_lumiere.o(.data)
    osThreadId_osTimerThread                 0x20000014   Data           4  rtx_conf_cm.o(.data)
    osMessageQId_osTimerMessageQ             0x20000018   Data           4  rtx_conf_cm.o(.data)
    os_tmr                                   0x2000001c   Data           4  rtx_conf_cm.o(.data)
    m_tmr                                    0x20000020   Data           4  rtx_conf_cm.o(.data)
    uwTick                                   0x2000003c   Data           4  stm32f4xx_hal.o(.data)
    uwTickPrio                               0x20000040   Data           4  stm32f4xx_hal.o(.data)
    uwTickFreq                               0x20000044   Data           1  stm32f4xx_hal.o(.data)
    SystemCoreClock                          0x20000048   Data           4  system_stm32f4xx.o(.data)
    os_initialized                           0x2000004c   Data           1  rt_cmsis.o(.data)
    os_running                               0x2000004d   Data           1  rt_cmsis.o(.data)
    os_timer_head                            0x20000050   Data           4  rt_cmsis.o(.data)
    os_tsk                                   0x20000054   Data           8  rt_task.o(.data)
    os_tick_irqn                             0x20000060   Data           4  rt_system.o(.data)
    os_time                                  0x20000064   Data           4  rt_time.o(.data)
    os_robin                                 0x20000068   Data           8  rt_robin.o(.data)
    dbg_msg                                  0x20000070   Data           1  hal_cm.o(.data)
    myADC2Handle                             0x20000074   Data          72  gestion_lumiere.o(.bss)
    tab_Ruban_led                            0x200000bc   Data         248  gestion_lumiere.o(.bss)
    mp_tcb                                   0x200001b8   Data         324  rtx_conf_cm.o(.bss)
    mp_stk                                   0x20000300   Data        2992  rtx_conf_cm.o(.bss)
    os_stack_mem                             0x20000eb0   Data         520  rtx_conf_cm.o(.bss)
    os_fifo                                  0x200010b8   Data         132  rtx_conf_cm.o(.bss)
    os_active_TCB                            0x2000113c   Data          24  rtx_conf_cm.o(.bss)
    os_messageQ_q_osTimerMessageQ            0x20001154   Data          16  rtx_conf_cm.o(.bss)
    os_idle_TCB                              0x2000145c   Data          52  rt_task.o(.bss)
    os_rdy                                   0x20001490   Data          24  rt_list.o(.bss)
    os_dly                                   0x200014a8   Data          24  rt_list.o(.bss)
    __libspace_start                         0x200014c0   Data          96  libspace.o(.bss)
    __temporary_stack_top$libspace           0x20001520   Data           0  libspace.o(.bss)



==============================================================================

Memory Map of the image

  Image Entry point : 0x08000189

  Load Region LR_IROM1 (Base: 0x08000000, Size: 0x00005f40, Max: 0x00100000, ABSOLUTE)

    Execution Region ER_IROM1 (Base: 0x08000000, Size: 0x00005ecc, Max: 0x00100000, ABSOLUTE)

    Base Addr    Size         Type   Attr      Idx    E Section Name        Object

    0x08000000   0x00000188   Data   RO         2996    RESET               startup_stm32f407xx.o
    0x08000188   0x00000008   Code   RO         4269  * !!!main             c_w.l(__main.o)
    0x08000190   0x00000034   Code   RO         4432    !!!scatter          c_w.l(__scatter.o)
    0x080001c4   0x0000001a   Code   RO         4434    !!handler_copy      c_w.l(__scatter_copy.o)
    0x080001de   0x00000002   PAD
    0x080001e0   0x0000001c   Code   RO         4436    !!handler_zi        c_w.l(__scatter_zi.o)
    0x080001fc   0x00000002   Code   RO         4318    .ARM.Collect$$libinit$$00000000  c_w.l(libinit.o)
    0x080001fe   0x00000004   Code   RO         4329    .ARM.Collect$$libinit$$00000001  c_w.l(libinit2.o)
    0x08000202   0x00000000   Code   RO         4332    .ARM.Collect$$libinit$$00000004  c_w.l(libinit2.o)
    0x08000202   0x00000000   Code   RO         4335    .ARM.Collect$$libinit$$0000000A  c_w.l(libinit2.o)
    0x08000202   0x00000000   Code   RO         4337    .ARM.Collect$$libinit$$0000000C  c_w.l(libinit2.o)
    0x08000202   0x00000000   Code   RO         4339    .ARM.Collect$$libinit$$0000000E  c_w.l(libinit2.o)
    0x08000202   0x00000000   Code   RO         4342    .ARM.Collect$$libinit$$00000011  c_w.l(libinit2.o)
    0x08000202   0x00000000   Code   RO         4344    .ARM.Collect$$libinit$$00000013  c_w.l(libinit2.o)
    0x08000202   0x00000000   Code   RO         4346    .ARM.Collect$$libinit$$00000015  c_w.l(libinit2.o)
    0x08000202   0x00000000   Code   RO         4348    .ARM.Collect$$libinit$$00000017  c_w.l(libinit2.o)
    0x08000202   0x00000000   Code   RO         4350    .ARM.Collect$$libinit$$00000019  c_w.l(libinit2.o)
    0x08000202   0x00000000   Code   RO         4352    .ARM.Collect$$libinit$$0000001B  c_w.l(libinit2.o)
    0x08000202   0x00000000   Code   RO         4354    .ARM.Collect$$libinit$$0000001D  c_w.l(libinit2.o)
    0x08000202   0x00000000   Code   RO         4356    .ARM.Collect$$libinit$$0000001F  c_w.l(libinit2.o)
    0x08000202   0x00000000   Code   RO         4358    .ARM.Collect$$libinit$$00000021  c_w.l(libinit2.o)
    0x08000202   0x00000000   Code   RO         4360    .ARM.Collect$$libinit$$00000023  c_w.l(libinit2.o)
    0x08000202   0x00000000   Code   RO         4362    .ARM.Collect$$libinit$$00000025  c_w.l(libinit2.o)
    0x08000202   0x00000000   Code   RO         4366    .ARM.Collect$$libinit$$0000002C  c_w.l(libinit2.o)
    0x08000202   0x00000000   Code   RO         4368    .ARM.Collect$$libinit$$0000002E  c_w.l(libinit2.o)
    0x08000202   0x00000000   Code   RO         4370    .ARM.Collect$$libinit$$00000030  c_w.l(libinit2.o)
    0x08000202   0x00000000   Code   RO         4372    .ARM.Collect$$libinit$$00000032  c_w.l(libinit2.o)
    0x08000202   0x00000002   Code   RO         4373    .ARM.Collect$$libinit$$00000033  c_w.l(libinit2.o)
    0x08000204   0x00000002   Code   RO         4319    .ARM.Collect$$libshutdown$$00000000  c_w.l(libshutdown.o)
    0x08000206   0x00000000   Code   RO         4375    .ARM.Collect$$libshutdown$$00000002  c_w.l(libshutdown2.o)
    0x08000206   0x00000000   Code   RO         4377    .ARM.Collect$$libshutdown$$00000004  c_w.l(libshutdown2.o)
    0x08000206   0x00000000   Code   RO         4380    .ARM.Collect$$libshutdown$$00000007  c_w.l(libshutdown2.o)
    0x08000206   0x00000000   Code   RO         4383    .ARM.Collect$$libshutdown$$0000000A  c_w.l(libshutdown2.o)
    0x08000206   0x00000000   Code   RO         4385    .ARM.Collect$$libshutdown$$0000000C  c_w.l(libshutdown2.o)
    0x08000206   0x00000000   Code   RO         4388    .ARM.Collect$$libshutdown$$0000000F  c_w.l(libshutdown2.o)
    0x08000206   0x00000002   Code   RO         4389    .ARM.Collect$$libshutdown$$00000010  c_w.l(libshutdown2.o)
    0x08000208   0x00000000   Code   RO         4271    .ARM.Collect$$rtentry$$00000000  c_w.l(__rtentry.o)
    0x08000208   0x00000000   Code   RO         4281    .ARM.Collect$$rtentry$$00000002  c_w.l(__rtentry2.o)
    0x08000208   0x00000006   Code   RO         4293    .ARM.Collect$$rtentry$$00000004  c_w.l(__rtentry4.o)
    0x0800020e   0x00000000   Code   RO         4283    .ARM.Collect$$rtentry$$00000009  c_w.l(__rtentry2.o)
    0x0800020e   0x00000004   Code   RO         4284    .ARM.Collect$$rtentry$$0000000A  c_w.l(__rtentry2.o)
    0x08000212   0x00000008   Code   RO         4285    .ARM.Collect$$rtentry$$0000000B  c_w.l(__rtentry2.o)
    0x0800021a   0x00000008   Code   RO         4287    .ARM.Collect$$rtentry$$0000000D  c_w.l(__rtentry2.o)
    0x08000222   0x00000002   Code   RO         4272    .ARM.Collect$$rtexit$$00000000  c_w.l(rtexit.o)
    0x08000224   0x00000000   Code   RO         4296    .ARM.Collect$$rtexit$$00000002  c_w.l(rtexit2.o)
    0x08000224   0x00000004   Code   RO         4297    .ARM.Collect$$rtexit$$00000003  c_w.l(rtexit2.o)
    0x08000228   0x00000006   Code   RO         4298    .ARM.Collect$$rtexit$$00000004  c_w.l(rtexit2.o)
    0x0800022e   0x00000002   PAD
    0x08000230   0x0000001c   Code   RO          311    .emb_text           rtx_conf_cm.o
    0x0800024c   0x00000198   Code   RO         4241    .emb_text           RTX_CM4.lib(hal_cm4.o)
    0x080003e4   0x00000040   Code   RO         2997    .text               startup_stm32f407xx.o
    0x08000424   0x00000008   Code   RO         4256    .text               c_w.l(libspace.o)
    0x0800042c   0x000000ee   Code   RO         4259    .text               c_w.l(lludivv7m.o)
    0x0800051a   0x00000012   Code   RO         4261    .text               c_w.l(exit.o)
    0x0800052c   0x0000008a   Code   RO         4263    .text               c_w.l(rt_memcpy_v6.o)
    0x080005b6   0x0000004e   Code   RO         4265    .text               c_w.l(rt_memclr_w.o)
    0x08000604   0x00000006   Code   RO         4267    .text               c_w.l(heapauxi.o)
    0x0800060a   0x00000064   Code   RO         4278    .text               c_w.l(rt_memcpy_w.o)
    0x0800066e   0x00000002   PAD
    0x08000670   0x0000000c   Code   RO         4304    .text               c_w.l(sys_exit.o)
    0x0800067c   0x0000004a   Code   RO         4306    .text               c_w.l(sys_stackheap_outer.o)
    0x080006c6   0x00000002   Code   RO         4320    .text               c_w.l(use_no_semi.o)
    0x080006c8   0x00000000   Code   RO         4322    .text               c_w.l(indicate_semi.o)
    0x080006c8   0x00000004   Code   RO         4251    SVC_TABLE           RTX_CM4.lib(svc_table.o)
    0x080006cc   0x00000160   Code   RO          962    i.ADC_Init          stm32f4xx_hal_adc.o
    0x0800082c   0x00000012   Code   RO          372    i.CAN2_Control      can_stm32f4xx.o
    0x0800083e   0x0000000c   Code   RO          373    i.CAN2_GetStatus    can_stm32f4xx.o
    0x0800084a   0x00000012   Code   RO          374    i.CAN2_Initialize   can_stm32f4xx.o
    0x0800085c   0x0000001c   Code   RO          375    i.CAN2_MessageRead  can_stm32f4xx.o
    0x08000878   0x0000001c   Code   RO          376    i.CAN2_MessageSend  can_stm32f4xx.o
    0x08000894   0x00000012   Code   RO          377    i.CAN2_ObjectConfigure  can_stm32f4xx.o
    0x080008a6   0x00000010   Code   RO          378    i.CAN2_ObjectGetCapabilities  can_stm32f4xx.o
    0x080008b6   0x0000001c   Code   RO          379    i.CAN2_ObjectSetFilter  can_stm32f4xx.o
    0x080008d2   0x0000000e   Code   RO          380    i.CAN2_PowerControl  can_stm32f4xx.o
    0x080008e0   0x000000ec   Code   RO          381    i.CAN2_RX0_IRQHandler  can_stm32f4xx.o
    0x080009cc   0x000000ec   Code   RO          382    i.CAN2_RX1_IRQHandler  can_stm32f4xx.o
    0x08000ab8   0x00000094   Code   RO          383    i.CAN2_SCE_IRQHandler  can_stm32f4xx.o
    0x08000b4c   0x00000016   Code   RO          384    i.CAN2_SetBitrate   can_stm32f4xx.o
    0x08000b62   0x0000000e   Code   RO          385    i.CAN2_SetMode      can_stm32f4xx.o
    0x08000b70   0x00000138   Code   RO          386    i.CAN2_TX_IRQHandler  can_stm32f4xx.o
    0x08000ca8   0x0000000a   Code   RO          387    i.CAN2_Uninitialize  can_stm32f4xx.o
    0x08000cb2   0x00000002   PAD
    0x08000cb4   0x0000000c   Code   RO          388    i.CAN_GetCapabilities  can_stm32f4xx.o
    0x08000cc0   0x00000008   Code   RO          389    i.CAN_GetClock      can_stm32f4xx.o
    0x08000cc8   0x00000010   Code   RO          390    i.CAN_GetVersion    can_stm32f4xx.o
    0x08000cd8   0x00000370   Code   RO          391    i.CANx_AddFilter    can_stm32f4xx.o
    0x08001048   0x000000b0   Code   RO          392    i.CANx_Control      can_stm32f4xx.o
    0x080010f8   0x00000128   Code   RO          393    i.CANx_GetStatus    can_stm32f4xx.o
    0x08001220   0x00000090   Code   RO          394    i.CANx_Initialize   can_stm32f4xx.o
    0x080012b0   0x00000120   Code   RO          395    i.CANx_MessageRead  can_stm32f4xx.o
    0x080013d0   0x0000014c   Code   RO          396    i.CANx_MessageSend  can_stm32f4xx.o
    0x0800151c   0x000000a8   Code   RO          397    i.CANx_ObjectConfigure  can_stm32f4xx.o
    0x080015c4   0x0000002c   Code   RO          398    i.CANx_ObjectGetCapabilities  can_stm32f4xx.o
    0x080015f0   0x000000e0   Code   RO          399    i.CANx_ObjectSetFilter  can_stm32f4xx.o
    0x080016d0   0x000002bc   Code   RO          400    i.CANx_PowerControl  can_stm32f4xx.o
    0x0800198c   0x0000033c   Code   RO          401    i.CANx_RemoveFilter  can_stm32f4xx.o
    0x08001cc8   0x00000144   Code   RO          402    i.CANx_SetBitrate   can_stm32f4xx.o
    0x08001e0c   0x0000019c   Code   RO          403    i.CANx_SetMode      can_stm32f4xx.o
    0x08001fa8   0x00000054   Code   RO          404    i.CANx_Uninitialize  can_stm32f4xx.o
    0x08001ffc   0x00000038   Code   RO          236    i.Callback_CAN      gestion_can.o
    0x08002034   0x00000054   Code   RO          603    i.Disable_SPI_Clock  spi_stm32f4xx.o
    0x08002088   0x00000184   Code   RO          405    i.Enable_GPIO_Clock  can_stm32f4xx.o
    0x0800220c   0x00000184   Code   RO          604    i.Enable_GPIO_Clock  spi_stm32f4xx.o
    0x08002390   0x00000090   Code   RO          605    i.Enable_SPI_Clock  spi_stm32f4xx.o
    0x08002420   0x00000004   Code   RO            4    i.Error_Handler     main.o
    0x08002424   0x0000018c   Code   RO          964    i.HAL_ADC_ConfigChannel  stm32f4xx_hal_adc.o
    0x080025b0   0x00000008   Code   RO          971    i.HAL_ADC_GetValue  stm32f4xx_hal_adc.o
    0x080025b8   0x00000068   Code   RO          973    i.HAL_ADC_Init      stm32f4xx_hal_adc.o
    0x08002620   0x00000002   Code   RO          976    i.HAL_ADC_MspInit   stm32f4xx_hal_adc.o
    0x08002622   0x000000c2   Code   RO          977    i.HAL_ADC_PollForConversion  stm32f4xx_hal_adc.o
    0x080026e4   0x0000013c   Code   RO          979    i.HAL_ADC_Start     stm32f4xx_hal_adc.o
    0x08002820   0x00000048   Code   RO          982    i.HAL_ADC_Stop      stm32f4xx_hal_adc.o
    0x08002868   0x00000028   Code   RO         1378    i.HAL_DMA_Abort_IT  stm32f4xx_hal_dma.o
    0x08002890   0x00000164   Code   RO         1521    i.HAL_GPIO_DeInit   stm32f4xx_hal_gpio.o
    0x080029f4   0x00000200   Code   RO         1524    i.HAL_GPIO_Init     stm32f4xx_hal_gpio.o
    0x08002bf4   0x0000000c   Code   RO         1528    i.HAL_GPIO_WritePin  stm32f4xx_hal_gpio.o
    0x08002c00   0x0000000c   Code   RO          785    i.HAL_GetREVID      stm32f4xx_hal.o
    0x08002c0c   0x0000000c   Code   RO          786    i.HAL_GetTick       stm32f4xx_hal.o
    0x08002c18   0x00000030   Code   RO          793    i.HAL_Init          stm32f4xx_hal.o
    0x08002c48   0x0000004c   Code   RO          794    i.HAL_InitTick      stm32f4xx_hal.o
    0x08002c94   0x00000002   Code   RO          796    i.HAL_MspInit       stm32f4xx_hal.o
    0x08002c96   0x00000002   PAD
    0x08002c98   0x00000044   Code   RO         1238    i.HAL_NVIC_DisableIRQ  stm32f4xx_hal_cortex.o
    0x08002cdc   0x0000007c   Code   RO         1245    i.HAL_NVIC_SetPriority  stm32f4xx_hal_cortex.o
    0x08002d58   0x00000028   Code   RO         1246    i.HAL_NVIC_SetPriorityGrouping  stm32f4xx_hal_cortex.o
    0x08002d80   0x00000184   Code   RO         2234    i.HAL_RCC_ClockConfig  stm32f4xx_hal_rcc.o
    0x08002f04   0x0000000c   Code   RO         2239    i.HAL_RCC_GetHCLKFreq  stm32f4xx_hal_rcc.o
    0x08002f10   0x00000020   Code   RO         2241    i.HAL_RCC_GetPCLK1Freq  stm32f4xx_hal_rcc.o
    0x08002f30   0x00000020   Code   RO         2242    i.HAL_RCC_GetPCLK2Freq  stm32f4xx_hal_rcc.o
    0x08002f50   0x000000b0   Code   RO         2243    i.HAL_RCC_GetSysClockFreq  stm32f4xx_hal_rcc.o
    0x08003000   0x00000488   Code   RO         2246    i.HAL_RCC_OscConfig  stm32f4xx_hal_rcc.o
    0x08003488   0x00000034   Code   RO         1250    i.HAL_SYSTICK_Config  stm32f4xx_hal_cortex.o
    0x080034bc   0x0000004c   Code   RO          259    i.LED_Initialize    led_f4discovery.o
    0x08003508   0x0000002c   Code   RO          260    i.LED_Off           led_f4discovery.o
    0x08003534   0x0000002c   Code   RO          261    i.LED_On            led_f4discovery.o
    0x08003560   0x00000020   Code   RO          192    i.Ruban_LED_callback  gestion_lumiere.o
    0x08003580   0x00000018   Code   RO          606    i.SPI1_Control      spi_stm32f4xx.o
    0x08003598   0x00000010   Code   RO          607    i.SPI1_GetDataCount  spi_stm32f4xx.o
    0x080035a8   0x00000010   Code   RO          608    i.SPI1_GetStatus    spi_stm32f4xx.o
    0x080035b8   0x00000010   Code   RO          609    i.SPI1_IRQHandler   spi_stm32f4xx.o
    0x080035c8   0x00000014   Code   RO          610    i.SPI1_Initialize   spi_stm32f4xx.o
    0x080035dc   0x00000014   Code   RO          611    i.SPI1_PowerControl  spi_stm32f4xx.o
    0x080035f0   0x00000018   Code   RO          612    i.SPI1_Receive      spi_stm32f4xx.o
    0x08003608   0x00000018   Code   RO          613    i.SPI1_Send         spi_stm32f4xx.o
    0x08003620   0x0000001c   Code   RO          614    i.SPI1_Transfer     spi_stm32f4xx.o
    0x0800363c   0x00000010   Code   RO          615    i.SPI1_Uninitialize  spi_stm32f4xx.o
    0x0800364c   0x0000000c   Code   RO          616    i.SPIX_GetCapabilities  spi_stm32f4xx.o
    0x08003658   0x00000010   Code   RO          617    i.SPIX_GetVersion   spi_stm32f4xx.o
    0x08003668   0x0000050a   Code   RO          618    i.SPI_Control       spi_stm32f4xx.o
    0x08003b72   0x00000008   Code   RO          619    i.SPI_GetDataCount  spi_stm32f4xx.o
    0x08003b7a   0x0000005a   Code   RO          620    i.SPI_GetStatus     spi_stm32f4xx.o
    0x08003bd4   0x00000106   Code   RO          621    i.SPI_IRQHandler    spi_stm32f4xx.o
    0x08003cda   0x000000d4   Code   RO          622    i.SPI_Initialize    spi_stm32f4xx.o
    0x08003dae   0x00000002   PAD
    0x08003db0   0x000000a0   Code   RO          623    i.SPI_PeripheralReset  spi_stm32f4xx.o
    0x08003e50   0x00000104   Code   RO          624    i.SPI_PowerControl  spi_stm32f4xx.o
    0x08003f54   0x00000088   Code   RO          625    i.SPI_Receive       spi_stm32f4xx.o
    0x08003fdc   0x00000056   Code   RO          626    i.SPI_RxData        spi_stm32f4xx.o
    0x08004032   0x00000088   Code   RO          627    i.SPI_Send          spi_stm32f4xx.o
    0x080040ba   0x00000076   Code   RO          628    i.SPI_Transfer      spi_stm32f4xx.o
    0x08004130   0x00000054   Code   RO          629    i.SPI_TxData        spi_stm32f4xx.o
    0x08004184   0x00000066   Code   RO          630    i.SPI_Uninitialize  spi_stm32f4xx.o
    0x080041ea   0x00000002   PAD
    0x080041ec   0x000000c0   Code   RO            5    i.SystemClock_Config  main.o
    0x080042ac   0x000000c0   Code   RO         3004    i.SystemCoreClockUpdate  system_stm32f4xx.o
    0x0800436c   0x00000064   Code   RO         3005    i.SystemInit        system_stm32f4xx.o
    0x080043d0   0x00000048   Code   RO            6    i.Thread_CAN_Receiver  main.o
    0x08004418   0x00000050   Code   RO            7    i.Thread_CAN_Transmiter  main.o
    0x08004468   0x00000084   Code   RO            8    i.Thread_gestion_phare  main.o
    0x080044ec   0x0000001c   Code   RO          406    i.__NVIC_ClearPendingIRQ  can_stm32f4xx.o
    0x08004508   0x0000003c   Code   RO          407    i.__NVIC_DisableIRQ  can_stm32f4xx.o
    0x08004544   0x00000022   Code   RO          408    i.__NVIC_EnableIRQ  can_stm32f4xx.o
    0x08004566   0x00000002   PAD
    0x08004568   0x00000010   Code   RO         1252    i.__NVIC_GetPriorityGrouping  stm32f4xx_hal_cortex.o
    0x08004578   0x00000028   Code   RO         1253    i.__NVIC_SetPriority  stm32f4xx_hal_cortex.o
    0x080045a0   0x00000046   Code   RO         4135    i._init_box         RTX_CM4.lib(rt_membox.o)
    0x080045e6   0x00000002   PAD
    0x080045e8   0x00000020   Code   RO          313    i._mutex_acquire    rtx_conf_cm.o
    0x08004608   0x0000001c   Code   RO          315    i._mutex_release    rtx_conf_cm.o
    0x08004624   0x00000030   Code   RO         4188    i.dbg_init          RTX_CM4.lib(hal_cm.o)
    0x08004654   0x00000020   Code   RO         4189    i.dbg_task_notify   RTX_CM4.lib(hal_cm.o)
    0x08004674   0x00000010   Code   RO         4190    i.dbg_task_switch   RTX_CM4.lib(hal_cm.o)
    0x08004684   0x00000064   Code   RO          237    i.init_CAN          gestion_can.o
    0x080046e8   0x000000a4   Code   RO          193    i.init_PIN_PA0_ALS  gestion_lumiere.o
    0x0800478c   0x00000038   Code   RO          194    i.init_SPI          gestion_lumiere.o
    0x080047c4   0x0000002c   Code   RO         3042    i.isrMessagePut     RTX_CM4.lib(rt_cmsis.o)
    0x080047f0   0x00000024   Code   RO         3044    i.isrSignalSet      RTX_CM4.lib(rt_cmsis.o)
    0x08004814   0x00000028   Code   RO         3872    i.isr_evt_set       RTX_CM4.lib(rt_event.o)
    0x0800483c   0x0000000e   Code   RO         3991    i.isr_mbx_send      RTX_CM4.lib(rt_mailbox.o)
    0x0800484a   0x00000002   PAD
    0x0800484c   0x00000040   Code   RO            9    i.main              main.o
    0x0800488c   0x00000018   Code   RO         3045    i.osDelay           RTX_CM4.lib(rt_cmsis.o)
    0x080048a4   0x00000024   Code   RO         3046    i.osKernelInitialize  RTX_CM4.lib(rt_cmsis.o)
    0x080048c8   0x0000006c   Code   RO         3048    i.osKernelStart     RTX_CM4.lib(rt_cmsis.o)
    0x08004934   0x00000018   Code   RO         3072    i.osSignalSet       RTX_CM4.lib(rt_cmsis.o)
    0x0800494c   0x00000018   Code   RO         3073    i.osSignalWait      RTX_CM4.lib(rt_cmsis.o)
    0x08004964   0x0000002c   Code   RO         3074    i.osThreadCreate    RTX_CM4.lib(rt_cmsis.o)
    0x08004990   0x00000018   Code   RO         3075    i.osThreadExit      RTX_CM4.lib(rt_cmsis.o)
    0x080049a8   0x00000022   Code   RO          316    i.os_error          rtx_conf_cm.o
    0x080049ca   0x00000004   Code   RO          317    i.os_idle_demon     rtx_conf_cm.o
    0x080049ce   0x00000002   PAD
    0x080049d0   0x00000028   Code   RO         3782    i.os_tick_init      RTX_CM4.lib(rt_system.o)
    0x080049f8   0x00000002   Code   RO         3783    i.os_tick_irqack    RTX_CM4.lib(rt_system.o)
    0x080049fa   0x0000001a   Code   RO         4136    i.rt_alloc_box      RTX_CM4.lib(rt_membox.o)
    0x08004a14   0x0000003e   Code   RO         4164    i.rt_alloc_mem      RTX_CM4.lib(rt_memory.o)
    0x08004a52   0x00000002   PAD
    0x08004a54   0x00000038   Code   RO         3663    i.rt_block          RTX_CM4.lib(rt_task.o)
    0x08004a8c   0x00000048   Code   RO         4113    i.rt_chk_robin      RTX_CM4.lib(rt_robin.o)
    0x08004ad4   0x00000070   Code   RO         3914    i.rt_dec_dly        RTX_CM4.lib(rt_list.o)
    0x08004b44   0x00000044   Code   RO         3664    i.rt_dispatch       RTX_CM4.lib(rt_task.o)
    0x08004b88   0x00000006   Code   RO         4080    i.rt_dly_wait       RTX_CM4.lib(rt_time.o)
    0x08004b8e   0x00000002   PAD
    0x08004b90   0x00000050   Code   RO         3875    i.rt_evt_psh        RTX_CM4.lib(rt_event.o)
    0x08004be0   0x0000005c   Code   RO         3876    i.rt_evt_set        RTX_CM4.lib(rt_event.o)
    0x08004c3c   0x0000003c   Code   RO         3877    i.rt_evt_wait       RTX_CM4.lib(rt_event.o)
    0x08004c78   0x0000002c   Code   RO         4137    i.rt_free_box       RTX_CM4.lib(rt_membox.o)
    0x08004ca4   0x00000028   Code   RO         4165    i.rt_free_mem       RTX_CM4.lib(rt_memory.o)
    0x08004ccc   0x00000028   Code   RO         3915    i.rt_get_first      RTX_CM4.lib(rt_list.o)
    0x08004cf4   0x00000048   Code   RO         3665    i.rt_init_context   RTX_CM4.lib(rt_task.o)
    0x08004d3c   0x0000001a   Code   RO         4166    i.rt_init_mem       RTX_CM4.lib(rt_memory.o)
    0x08004d56   0x00000002   PAD
    0x08004d58   0x00000018   Code   RO         4114    i.rt_init_robin     RTX_CM4.lib(rt_robin.o)
    0x08004d70   0x00000080   Code   RO         4191    i.rt_init_stack     RTX_CM4.lib(hal_cm.o)
    0x08004df0   0x00000008   Code   RO         3992    i.rt_mbx_check      RTX_CM4.lib(rt_mailbox.o)
    0x08004df8   0x0000001a   Code   RO         3993    i.rt_mbx_init       RTX_CM4.lib(rt_mailbox.o)
    0x08004e12   0x00000002   PAD
    0x08004e14   0x000000f0   Code   RO         3994    i.rt_mbx_psh        RTX_CM4.lib(rt_mailbox.o)
    0x08004f04   0x00000044   Code   RO         3092    i.rt_ms2tick        RTX_CM4.lib(rt_cmsis.o)
    0x08004f48   0x000000d8   Code   RO         3749    i.rt_mut_release    RTX_CM4.lib(rt_mutex.o)
    0x08005020   0x00000078   Code   RO         3750    i.rt_mut_wait       RTX_CM4.lib(rt_mutex.o)
    0x08005098   0x0000007c   Code   RO         3786    i.rt_pop_req        RTX_CM4.lib(rt_system.o)
    0x08005114   0x00000020   Code   RO         3787    i.rt_psh_req        RTX_CM4.lib(rt_system.o)
    0x08005134   0x0000005c   Code   RO         3917    i.rt_psq_enq        RTX_CM4.lib(rt_list.o)
    0x08005190   0x00000048   Code   RO         3918    i.rt_put_dly        RTX_CM4.lib(rt_list.o)
    0x080051d8   0x00000036   Code   RO         3919    i.rt_put_prio       RTX_CM4.lib(rt_list.o)
    0x0800520e   0x00000002   PAD
    0x08005210   0x00000014   Code   RO         3920    i.rt_put_rdy_first  RTX_CM4.lib(rt_list.o)
    0x08005224   0x00000034   Code   RO         3921    i.rt_resort_prio    RTX_CM4.lib(rt_list.o)
    0x08005258   0x00000010   Code   RO         4192    i.rt_ret_regs       RTX_CM4.lib(hal_cm.o)
    0x08005268   0x0000000c   Code   RO         4193    i.rt_ret_val        RTX_CM4.lib(hal_cm.o)
    0x08005274   0x00000010   Code   RO         4194    i.rt_ret_val2       RTX_CM4.lib(hal_cm.o)
    0x08005284   0x00000028   Code   RO         3922    i.rt_rmv_dly        RTX_CM4.lib(rt_list.o)
    0x080052ac   0x00000030   Code   RO         3923    i.rt_rmv_list       RTX_CM4.lib(rt_list.o)
    0x080052dc   0x00000034   Code   RO         4041    i.rt_sem_psh        RTX_CM4.lib(rt_semaphore.o)
    0x08005310   0x00000024   Code   RO         3789    i.rt_stk_check      RTX_CM4.lib(rt_system.o)
    0x08005334   0x00000028   Code   RO         3666    i.rt_switch_req     RTX_CM4.lib(rt_task.o)
    0x0800535c   0x000000cc   Code   RO         3667    i.rt_sys_init       RTX_CM4.lib(rt_task.o)
    0x08005428   0x00000078   Code   RO         3668    i.rt_sys_start      RTX_CM4.lib(rt_task.o)
    0x080054a0   0x00000040   Code   RO         3791    i.rt_systick        RTX_CM4.lib(rt_system.o)
    0x080054e0   0x00000012   Code   RO         3093    i.rt_tid2ptcb       RTX_CM4.lib(rt_cmsis.o)
    0x080054f2   0x00000002   PAD
    0x080054f4   0x00000034   Code   RO         3094    i.rt_timer_insert   RTX_CM4.lib(rt_cmsis.o)
    0x08005528   0x00000088   Code   RO         3669    i.rt_tsk_create     RTX_CM4.lib(rt_task.o)
    0x080055b0   0x0000017c   Code   RO         3670    i.rt_tsk_delete     RTX_CM4.lib(rt_task.o)
    0x0800572c   0x0000007c   Code   RO         3672    i.rt_tsk_prio       RTX_CM4.lib(rt_task.o)
    0x080057a8   0x00000010   Code   RO         3673    i.rt_tsk_self       RTX_CM4.lib(rt_task.o)
    0x080057b8   0x00000012   Code   RO         3096    i.svcDelay          RTX_CM4.lib(rt_cmsis.o)
    0x080057ca   0x00000002   PAD
    0x080057cc   0x00000070   Code   RO         3097    i.svcKernelInitialize  RTX_CM4.lib(rt_cmsis.o)
    0x0800583c   0x00000048   Code   RO         3099    i.svcKernelStart    RTX_CM4.lib(rt_cmsis.o)
    0x08005884   0x00000024   Code   RO         3102    i.svcMessageCreate  RTX_CM4.lib(rt_cmsis.o)
    0x080058a8   0x00000024   Code   RO         3115    i.svcSignalSet      RTX_CM4.lib(rt_cmsis.o)
    0x080058cc   0x00000054   Code   RO         3116    i.svcSignalWait     RTX_CM4.lib(rt_cmsis.o)
    0x08005920   0x0000006c   Code   RO         3117    i.svcThreadCreate   RTX_CM4.lib(rt_cmsis.o)
    0x0800598c   0x0000001c   Code   RO         3118    i.svcThreadGetId    RTX_CM4.lib(rt_cmsis.o)
    0x080059a8   0x00000038   Code   RO         3121    i.svcThreadTerminate  RTX_CM4.lib(rt_cmsis.o)
    0x080059e0   0x0000029c   Code   RO          195    i.switch_ruban_led  gestion_lumiere.o
    0x08005c7c   0x0000005c   Code   RO         3132    i.sysTimerTick      RTX_CM4.lib(rt_cmsis.o)
    0x08005cd8   0x0000000a   Code   RO         4396    x$fpl$fpinit        fz_wm.l(fpinit.o)
    0x08005ce2   0x00000002   PAD
    0x08005ce4   0x00000030   Data   RO           10    .constdata          main.o
    0x08005d14   0x00000020   Data   RO          264    .constdata          led_f4discovery.o
    0x08005d34   0x00000068   Data   RO          319    .constdata          rtx_conf_cm.o
    0x08005d9c   0x00000058   Data   RO          410    .constdata          can_stm32f4xx.o
    0x08005df4   0x000000a0   Data   RO          632    .constdata          spi_stm32f4xx.o
    0x08005e94   0x00000018   Data   RO         3006    .constdata          system_stm32f4xx.o
    0x08005eac   0x00000020   Data   RO         4430    Region$$Table       anon$$obj.o


    Execution Region RW_IRAM1 (Base: 0x20000000, Size: 0x00001b20, Max: 0x00020000, ABSOLUTE)

    Base Addr    Size         Type   Attr      Idx    E Section Name        Object

    0x20000000   0x00000010   Data   RW           11    .data               main.o
    0x20000010   0x00000004   Data   RW          197    .data               gestion_lumiere.o
    0x20000014   0x00000014   Data   RW          320    .data               rtx_conf_cm.o
    0x20000028   0x00000014   Data   RW          411    .data               can_stm32f4xx.o
    0x2000003c   0x00000009   Data   RW          800    .data               stm32f4xx_hal.o
    0x20000045   0x00000003   PAD
    0x20000048   0x00000004   Data   RW         3007    .data               system_stm32f4xx.o
    0x2000004c   0x00000008   Data   RW         3135    .data               RTX_CM4.lib(rt_cmsis.o)
    0x20000054   0x00000008   Data   RW         3675    .data               RTX_CM4.lib(rt_task.o)
    0x2000005c   0x00000008   Data   RW         3794    .data               RTX_CM4.lib(rt_system.o)
    0x20000064   0x00000004   Data   RW         4084    .data               RTX_CM4.lib(rt_time.o)
    0x20000068   0x00000008   Data   RW         4115    .data               RTX_CM4.lib(rt_robin.o)
    0x20000070   0x00000001   Data   RW         4195    .data               RTX_CM4.lib(hal_cm.o)
    0x20000071   0x00000003   PAD
    0x20000074   0x00000140   Zero   RW          196    .bss                gestion_lumiere.o
    0x200001b4   0x00000004   PAD
    0x200001b8   0x0000126c   Zero   RW          318    .bss                rtx_conf_cm.o
    0x20001424   0x0000000a   Zero   RW          409    .bss                can_stm32f4xx.o
    0x2000142e   0x00000002   PAD
    0x20001430   0x0000002c   Zero   RW          631    .bss                spi_stm32f4xx.o
    0x2000145c   0x00000034   Zero   RW         3674    .bss                RTX_CM4.lib(rt_task.o)
    0x20001490   0x00000030   Zero   RW         3924    .bss                RTX_CM4.lib(rt_list.o)
    0x200014c0   0x00000060   Zero   RW         4257    .bss                c_w.l(libspace.o)
    0x20001520   0x00000200   Zero   RW         2995    HEAP                startup_stm32f407xx.o
    0x20001720   0x00000400   Zero   RW         2994    STACK               startup_stm32f407xx.o


==============================================================================

Image component sizes


      Code (inc. data)   RO Data    RW Data    ZI Data      Debug   Object Name

      6604        300         88         20         10      61356   can_stm32f4xx.o
       156         24          0          0          0       1086   gestion_can.o
       920         44          0          4        320       3801   gestion_lumiere.o
       164         16         32          0          0       2988   led_f4discovery.o
       544         52         48         16          0     679106   main.o
       126         26        104         20       4716       9375   rtx_conf_cm.o
      3792        170        160          0         44      54687   spi_stm32f4xx.o
        64         26        392          0       1536        876   startup_stm32f407xx.o
       150         26          0          9          0       9668   stm32f4xx_hal.o
      1444         54          0          0          0       6739   stm32f4xx_hal_adc.o
       340         28          0          0          0      34744   stm32f4xx_hal_cortex.o
        40          0          0          0          0       1251   stm32f4xx_hal_dma.o
       880         86          0          0          0       3390   stm32f4xx_hal_gpio.o
      1800         84          0          0          0       5932   stm32f4xx_hal_rcc.o
       292         40         24          4          0       2107   system_stm32f4xx.o

    ----------------------------------------------------------------------
     17328        976        880         76       6632     877106   Object Totals
         0          0         32          0          0          0   (incl. Generated)
        12          0          0          3          6          0   (incl. Padding)

    ----------------------------------------------------------------------

      Code (inc. data)   RO Data    RW Data    ZI Data      Debug   Library Member Name

       268         24          0          1          0       4472   hal_cm.o
       408         34          0          0          0        816   hal_cm4.o
      1144        144          0          8          0      35267   rt_cmsis.o
       272         18          0          0          0       2810   rt_event.o
       530         34          0          0         48       8601   rt_list.o
       288          4          0          0          0       2585   rt_mailbox.o
       140          0          0          0          0       2045   rt_membox.o
       128          0          0          0          0       2419   rt_memory.o
       336         14          0          0          0       1727   rt_mutex.o
        96         22          0          8          0       1230   rt_robin.o
        52          4          0          0          0        613   rt_semaphore.o
       298         52          0          8          0       6439   rt_system.o
      1216        174          0          8         52      10045   rt_task.o
         6          0          0          4          0        692   rt_time.o
         4          4          0          0          0        200   svc_table.o
         8          0          0          0          0         68   __main.o
         0          0          0          0          0          0   __rtentry.o
        20          0          0          0          0          0   __rtentry2.o
         6          0          0          0          0          0   __rtentry4.o
        52          8          0          0          0          0   __scatter.o
        26          0          0          0          0          0   __scatter_copy.o
        28          0          0          0          0          0   __scatter_zi.o
        18          0          0          0          0         80   exit.o
         6          0          0          0          0        152   heapauxi.o
         0          0          0          0          0          0   indicate_semi.o
         2          0          0          0          0          0   libinit.o
         6          0          0          0          0          0   libinit2.o
         2          0          0          0          0          0   libshutdown.o
         2          0          0          0          0          0   libshutdown2.o
         8          4          0          0         96         68   libspace.o
       238          0          0          0          0        100   lludivv7m.o
        78          0          0          0          0         80   rt_memclr_w.o
       138          0          0          0          0         68   rt_memcpy_v6.o
       100          0          0          0          0         80   rt_memcpy_w.o
         2          0          0          0          0          0   rtexit.o
        10          0          0          0          0          0   rtexit2.o
        12          4          0          0          0         68   sys_exit.o
        74          0          0          0          0         80   sys_stackheap_outer.o
         2          0          0          0          0         68   use_no_semi.o
        10          0          0          0          0        116   fpinit.o

    ----------------------------------------------------------------------
      6060        544          0         40        196      80989   Library Totals
        26          0          0          3          0          0   (incl. Padding)

    ----------------------------------------------------------------------

      Code (inc. data)   RO Data    RW Data    ZI Data      Debug   Library Name

      5186        528          0         37        100      79961   RTX_CM4.lib
       838         16          0          0         96        912   c_w.l
        10          0          0          0          0        116   fz_wm.l

    ----------------------------------------------------------------------
      6060        544          0         40        196      80989   Library Totals

    ----------------------------------------------------------------------

==============================================================================


      Code (inc. data)   RO Data    RW Data    ZI Data      Debug   

     23388       1520        880        116       6828     939631   Grand Totals
     23388       1520        880        116       6828     939631   ELF Image Totals
     23388       1520        880        116          0          0   ROM Totals

==============================================================================

    Total RO  Size (Code + RO Data)                24268 (  23.70kB)
    Total RW  Size (RW Data + ZI Data)              6944 (   6.78kB)
    Total ROM Size (Code + RO Data + RW Data)      24384 (  23.81kB)

==============================================================================

