Component: ARM Compiler 5.06 update 1 (build 61) Tool: armlink [4d35a8]

==============================================================================

Section Cross References

    main.o(i.Gestion_DFPLAYER) refers to rt_cmsis.o(i.osMailGet) for osMailGet
    main.o(i.Gestion_DFPLAYER) refers to rt_cmsis.o(i.osMailFree) for osMailFree
    main.o(i.Gestion_DFPLAYER) refers to gestion_dfplayer.o(i.LectureDFPlayer) for LectureDFPlayer
    main.o(i.Gestion_DFPLAYER) refers to main.o(.data) for ID_BAL_DFPLAYER
    main.o(i.Thread_CAN_Receiver) refers to _printf_percent.o(.ARM.Collect$$_printf_percent$$00000000) for _printf_percent
    main.o(i.Thread_CAN_Receiver) refers to _printf_x.o(.ARM.Collect$$_printf_percent$$0000000C) for _printf_x
    main.o(i.Thread_CAN_Receiver) refers to _printf_hex_int.o(.text) for _printf_longlong_hex
    main.o(i.Thread_CAN_Receiver) refers to _printf_d.o(.ARM.Collect$$_printf_percent$$00000009) for _printf_d
    main.o(i.Thread_CAN_Receiver) refers to _printf_dec.o(.text) for _printf_int_dec
    main.o(i.Thread_CAN_Receiver) refers to rt_cmsis.o(i.osSignalWait) for osSignalWait
    main.o(i.Thread_CAN_Receiver) refers to rt_cmsis.o(i.osMutexWait) for osMutexWait
    main.o(i.Thread_CAN_Receiver) refers to noretval__2sprintf.o(.text) for __2sprintf
    main.o(i.Thread_CAN_Receiver) refers to glcd_mcb1700.o(i.GLCD_DrawString) for GLCD_DrawString
    main.o(i.Thread_CAN_Receiver) refers to rt_cmsis.o(i.osMutexRelease) for osMutexRelease
    main.o(i.Thread_CAN_Receiver) refers to rt_cmsis.o(i.osMailAlloc) for osMailAlloc
    main.o(i.Thread_CAN_Receiver) refers to rt_cmsis.o(i.osMailPut) for osMailPut
    main.o(i.Thread_CAN_Receiver) refers to can_lpc17xx.o(.constdata) for Driver_CAN1
    main.o(i.Thread_CAN_Receiver) refers to main.o(.data) for ID_mut_GLCD
    main.o(i.Thread_CAN_Transmiter) refers to rt_cmsis.o(i.osMailGet) for osMailGet
    main.o(i.Thread_CAN_Transmiter) refers to rt_cmsis.o(i.osMailFree) for osMailFree
    main.o(i.Thread_CAN_Transmiter) refers to rt_cmsis.o(i.osSignalWait) for osSignalWait
    main.o(i.Thread_CAN_Transmiter) refers to main.o(.data) for ID_BAL_CAN
    main.o(i.Thread_CAN_Transmiter) refers to can_lpc17xx.o(.constdata) for Driver_CAN2
    main.o(i.Thread_GPS) refers to _printf_percent.o(.ARM.Collect$$_printf_percent$$00000000) for _printf_percent
    main.o(i.Thread_GPS) refers to _printf_s.o(.ARM.Collect$$_printf_percent$$00000014) for _printf_s
    main.o(i.Thread_GPS) refers to _printf_str.o(.text) for _printf_str
    main.o(i.Thread_GPS) refers to _printf_x.o(.ARM.Collect$$_printf_percent$$0000000C) for _printf_x
    main.o(i.Thread_GPS) refers to _printf_hex_int.o(.text) for _printf_longlong_hex
    main.o(i.Thread_GPS) refers to _printf_pad.o(.text) for _printf_pre_padding
    main.o(i.Thread_GPS) refers to rt_cmsis.o(i.osSignalWait) for osSignalWait
    main.o(i.Thread_GPS) refers to gestion gps.o(i.Isolation_Donnee_GPS) for Isolation_Donnee_GPS
    main.o(i.Thread_GPS) refers to fflt_clz.o(x$fpl$ffltu) for __aeabi_ui2f
    main.o(i.Thread_GPS) refers to fmul.o(x$fpl$fmul) for __aeabi_fmul
    main.o(i.Thread_GPS) refers to f2d.o(x$fpl$f2d) for __aeabi_f2d
    main.o(i.Thread_GPS) refers to dmul.o(x$fpl$dmul) for __aeabi_dmul
    main.o(i.Thread_GPS) refers to fflt_clz.o(x$fpl$fflt) for __aeabi_i2f
    main.o(i.Thread_GPS) refers to faddsub_clz.o(x$fpl$fadd) for __aeabi_fadd
    main.o(i.Thread_GPS) refers to daddsub_clz.o(x$fpl$dadd) for __aeabi_dadd
    main.o(i.Thread_GPS) refers to d2f.o(x$fpl$d2f) for __aeabi_d2f
    main.o(i.Thread_GPS) refers to daddsub_clz.o(x$fpl$dsub) for __aeabi_dsub
    main.o(i.Thread_GPS) refers to ddiv.o(x$fpl$ddiv) for __aeabi_ddiv
    main.o(i.Thread_GPS) refers to dfix.o(x$fpl$dfix) for __aeabi_d2iz
    main.o(i.Thread_GPS) refers to noretval__2sprintf.o(.text) for __2sprintf
    main.o(i.Thread_GPS) refers to glcd_mcb1700.o(i.GLCD_DrawString) for GLCD_DrawString
    main.o(i.Thread_GPS) refers to uart_lpc17xx.o(.constdata) for Driver_USART1
    main.o(i.Thread_GPS) refers to drleqf.o(x$fpl$drleqf) for __aeabi_cdrcmple
    main.o(i.Thread_GPS) refers to dleqf.o(x$fpl$dleqf) for __aeabi_cdcmple
    main.o(i.Thread_GPS) refers to rt_cmsis.o(i.osMutexWait) for osMutexWait
    main.o(i.Thread_GPS) refers to rt_cmsis.o(i.osMutexRelease) for osMutexRelease
    main.o(i.Thread_GPS) refers to rt_cmsis.o(i.osDelay) for osDelay
    main.o(i.Thread_GPS) refers to main.o(.data) for ID_mut_GLCD
    main.o(i.Thread_Gestion_Lidar) refers to led_mcb1700.o(i.LED_On) for LED_On
    main.o(i.Thread_Gestion_Lidar) refers to rt_cmsis.o(i.osDelay) for osDelay
    main.o(i.Thread_Gestion_Lidar) refers to led_mcb1700.o(i.LED_Off) for LED_Off
    main.o(i.Thread_Gestion_Lidar) refers to uart_lpc17xx.o(.constdata) for Driver_USART0
    main.o(i.main) refers to led_mcb1700.o(i.LED_Initialize) for LED_Initialize
    main.o(i.main) refers to gestion_can.o(i.init_CAN_Transmiter) for init_CAN_Transmiter
[...]
    __rt_lib_init_fp_1                       0x00000159   Thumb Code     0  libinit2.o(.ARM.Collect$$libinit$$00000002)
    __rt_lib_init_fp_trap_1                  0x00000159   Thumb Code     0  libinit2.o(.ARM.Collect$$libinit$$0000001F)
    __rt_lib_init_getenv_1                   0x00000159   Thumb Code     0  libinit2.o(.ARM.Collect$$libinit$$00000023)
    __rt_lib_init_heap_1                     0x00000159   Thumb Code     0  libinit2.o(.ARM.Collect$$libinit$$0000000A)
    __rt_lib_init_lc_collate_1               0x00000159   Thumb Code     0  libinit2.o(.ARM.Collect$$libinit$$00000011)
    __rt_lib_init_lc_ctype_1                 0x00000159   Thumb Code     0  libinit2.o(.ARM.Collect$$libinit$$00000013)
    __rt_lib_init_lc_monetary_1              0x00000159   Thumb Code     0  libinit2.o(.ARM.Collect$$libinit$$00000015)
    __rt_lib_init_lc_numeric_1               0x00000159   Thumb Code     0  libinit2.o(.ARM.Collect$$libinit$$00000017)
    __rt_lib_init_lc_time_1                  0x00000159   Thumb Code     0  libinit2.o(.ARM.Collect$$libinit$$00000019)
    __rt_lib_init_preinit_1                  0x00000159   Thumb Code     0  libinit2.o(.ARM.Collect$$libinit$$00000004)
    __rt_lib_init_rand_1                     0x00000159   Thumb Code     0  libinit2.o(.ARM.Collect$$libinit$$0000000E)
    __rt_lib_init_return                     0x00000159   Thumb Code     0  libinit2.o(.ARM.Collect$$libinit$$00000033)
    __rt_lib_init_signal_1                   0x00000159   Thumb Code     0  libinit2.o(.ARM.Collect$$libinit$$0000001D)
    __rt_lib_init_stdio_1                    0x00000159   Thumb Code     0  libinit2.o(.ARM.Collect$$libinit$$00000025)
    __rt_lib_init_user_alloc_1               0x00000159   Thumb Code     0  libinit2.o(.ARM.Collect$$libinit$$0000000C)
    __rt_lib_shutdown                        0x0000015b   Thumb Code     0  libshutdown.o(.ARM.Collect$$libshutdown$$00000000)
    __rt_lib_shutdown_cpp_1                  0x0000015d   Thumb Code     0  libshutdown2.o(.ARM.Collect$$libshutdown$$00000002)
    __rt_lib_shutdown_fp_trap_1              0x0000015d   Thumb Code     0  libshutdown2.o(.ARM.Collect$$libshutdown$$00000007)
    __rt_lib_shutdown_heap_1                 0x0000015d   Thumb Code     0  libshutdown2.o(.ARM.Collect$$libshutdown$$0000000F)
    __rt_lib_shutdown_return                 0x0000015d   Thumb Code     0  libshutdown2.o(.ARM.Collect$$libshutdown$$00000010)
    __rt_lib_shutdown_signal_1               0x0000015d   Thumb Code     0  libshutdown2.o(.ARM.Collect$$libshutdown$$0000000A)
    __rt_lib_shutdown_stdio_1                0x0000015d   Thumb Code     0  libshutdown2.o(.ARM.Collect$$libshutdown$$00000004)
    __rt_lib_shutdown_user_alloc_1           0x0000015d   Thumb Code     0  libshutdown2.o(.ARM.Collect$$libshutdown$$0000000C)
    __rt_entry                               0x0000015f   Thumb Code     0  __rtentry.o(.ARM.Collect$$rtentry$$00000000)
    __rt_entry_presh_1                       0x0000015f   Thumb Code     0  __rtentry2.o(.ARM.Collect$$rtentry$$00000002)
    __rt_entry_sh                            0x0000015f   Thumb Code     0  __rtentry4.o(.ARM.Collect$$rtentry$$00000004)
    __rt_entry_li                            0x00000165   Thumb Code     0  __rtentry2.o(.ARM.Collect$$rtentry$$0000000A)
    __rt_entry_postsh_1                      0x00000165   Thumb Code     0  __rtentry2.o(.ARM.Collect$$rtentry$$00000009)
    __rt_entry_postli_1                      0x00000169   Thumb Code     0  __rtentry2.o(.ARM.Collect$$rtentry$$0000000B)
    __rt_entry_main                          0x00000171   Thumb Code     0  __rtentry2.o(.ARM.Collect$$rtentry$$0000000D)
    __rt_exit                                0x00000179   Thumb Code     0  rtexit.o(.ARM.Collect$$rtexit$$00000000)
    __rt_exit_ls                             0x0000017b   Thumb Code     0  rtexit2.o(.ARM.Collect$$rtexit$$00000003)
    __rt_exit_prels_1                        0x0000017b   Thumb Code     0  rtexit2.o(.ARM.Collect$$rtexit$$00000002)
    __rt_exit_exit                           0x0000017f   Thumb Code     0  rtexit2.o(.ARM.Collect$$rtexit$$00000004)
    _platform_post_lib_init                  0x00000185   Thumb Code    24  rtx_conf_cm.o(.emb_text)
    rt_set_PSP                               0x000001a1   Thumb Code     6  hal_cm3.o(.emb_text)
    rt_get_PSP                               0x000001a7   Thumb Code     6  hal_cm3.o(.emb_text)
    os_set_env                               0x000001ad   Thumb Code    24  hal_cm3.o(.emb_text)
    _alloc_box                               0x000001c9   Thumb Code    28  hal_cm3.o(.emb_text)
    _free_box                                0x000001e9   Thumb Code    28  hal_cm3.o(.emb_text)
    SVC_Handler                              0x00000209   Thumb Code   108  hal_cm3.o(.emb_text)
    PendSV_Handler                           0x00000281   Thumb Code    56  hal_cm3.o(.emb_text)
    SysTick_Handler                          0x000002bd   Thumb Code     8  hal_cm3.o(.emb_text)
    OS_Tick_Handler                          0x000002c5   Thumb Code    12  hal_cm3.o(.emb_text)
    __user_libspace                          0x000002d1   Thumb Code     8  libspace.o(.text)
    __user_perproc_libspace                  0x000002d1   Thumb Code     0  libspace.o(.text)
    exit                                     0x000002d9   Thumb Code    18  exit.o(.text)
    __use_two_region_memory                  0x000002eb   Thumb Code     2  heapauxi.o(.text)
    __rt_heap_escrow$2region                 0x000002ed   Thumb Code     2  heapauxi.o(.text)
    __rt_heap_expand$2region                 0x000002ef   Thumb Code     2  heapauxi.o(.text)
    _sputc                                   0x000002f1   Thumb Code    10  _sputc.o(.text)
    __I$use$semihosting                      0x000002fb   Thumb Code     0  use_no_semi.o(.text)
    __use_no_semihosting_swi                 0x000002fb   Thumb Code     2  use_no_semi.o(.text)
    Reset_Handler                            0x00000301   Thumb Code     8  startup_lpc17xx.o(.text)
    NMI_Handler                              0x00000309   Thumb Code     2  startup_lpc17xx.o(.text)
    HardFault_Handler                        0x0000030b   Thumb Code     2  startup_lpc17xx.o(.text)
    MemManage_Handler                        0x0000030d   Thumb Code     2  startup_lpc17xx.o(.text)
    BusFault_Handler                         0x0000030f   Thumb Code     2  startup_lpc17xx.o(.text)
    UsageFault_Handler                       0x00000311   Thumb Code     2  startup_lpc17xx.o(.text)
    DebugMon_Handler                         0x00000315   Thumb Code     2  startup_lpc17xx.o(.text)
    ADC_IRQHandler                           0x0000031b   Thumb Code     0  startup_lpc17xx.o(.text)
    BOD_IRQHandler                           0x0000031b   Thumb Code     0  startup_lpc17xx.o(.text)
    CANActivity_IRQHandler                   0x0000031b   Thumb Code     0  startup_lpc17xx.o(.text)
    EINT0_IRQHandler                         0x0000031b   Thumb Code     0  startup_lpc17xx.o(.text)
    EINT1_IRQHandler                         0x0000031b   Thumb Code     0  startup_lpc17xx.o(.text)
    EINT2_IRQHandler                         0x0000031b   Thumb Code     0  startup_lpc17xx.o(.text)
    EINT3_IRQHandler                         0x0000031b   Thumb Code     0  startup_lpc17xx.o(.text)
    ENET_IRQHandler                          0x0000031b   Thumb Code     0  startup_lpc17xx.o(.text)
    I2C0_IRQHandler                          0x0000031b   Thumb Code     0  startup_lpc17xx.o(.text)
    I2C1_IRQHandler                          0x0000031b   Thumb Code     0  startup_lpc17xx.o(.text)
    I2C2_IRQHandler                          0x0000031b   Thumb Code     0  startup_lpc17xx.o(.text)
    I2S_IRQHandler                           0x0000031b   Thumb Code     0  startup_lpc17xx.o(.text)
    MCPWM_IRQHandler                         0x0000031b   Thumb Code     0  startup_lpc17xx.o(.text)
    PLL0_IRQHandler                          0x0000031b   Thumb Code     0  startup_lpc17xx.o(.text)
    PLL1_IRQHandler                          0x0000031b   Thumb Code     0  startup_lpc17xx.o(.text)
    PWM1_IRQHandler                          0x0000031b   Thumb Code     0  startup_lpc17xx.o(.text)
    QEI_IRQHandler                           0x0000031b   Thumb Code     0  startup_lpc17xx.o(.text)
    RIT_IRQHandler                           0x0000031b   Thumb Code     0  startup_lpc17xx.o(.text)
    RTC_IRQHandler                           0x0000031b   Thumb Code     0  startup_lpc17xx.o(.text)
    SPI_IRQHandler                           0x0000031b   Thumb Code     0  startup_lpc17xx.o(.text)
    TIMER0_IRQHandler                        0x0000031b   Thumb Code     0  startup_lpc17xx.o(.text)
    TIMER1_IRQHandler                        0x0000031b   Thumb Code     0  startup_lpc17xx.o(.text)
    TIMER2_IRQHandler                        0x0000031b   Thumb Code     0  startup_lpc17xx.o(.text)
    TIMER3_IRQHandler                        0x0000031b   Thumb Code     0  startup_lpc17xx.o(.text)
    UART3_IRQHandler                         0x0000031b   Thumb Code     0  startup_lpc17xx.o(.text)
    USBActivity_IRQHandler                   0x0000031b   Thumb Code     0  startup_lpc17xx.o(.text)
    USB_IRQHandler                           0x0000031b   Thumb Code     0  startup_lpc17xx.o(.text)
    WDT_IRQHandler                           0x0000031b   Thumb Code     0  startup_lpc17xx.o(.text)
    __user_initial_stackheap                 0x0000031d   Thumb Code     0  startup_lpc17xx.o(.text)
    __aeabi_uldivmod                         0x0000033d   Thumb Code     0  lludivv7m.o(.text)
    _ll_udiv                                 0x0000033d   Thumb Code   238  lludivv7m.o(.text)
    __2sprintf                               0x0000042d   Thumb Code    34  noretval__2sprintf.o(.text)
    _printf_pre_padding                      0x00000455   Thumb Code    44  _printf_pad.o(.text)
    _printf_post_padding                     0x00000481   Thumb Code    34  _printf_pad.o(.text)
    __RL_RTX_VER                             0x00000482   Number         0  rt_system.o ABSOLUTE
    _printf_str                              0x000004a3   Thumb Code    82  _printf_str.o(.text)
    _printf_int_dec                          0x000004f5   Thumb Code   104  _printf_dec.o(.text)
    _printf_int_hex                          0x0000056d   Thumb Code    84  _printf_hex_int.o(.text)
    _printf_longlong_hex                     0x0000056d   Thumb Code     0  _printf_hex_int.o(.text)
    __printf                                 0x000005c5   Thumb Code   308  __printf_flags_wp.o(.text)
    __aeabi_memcpy                           0x000006fd   Thumb Code     0  rt_memcpy_v6.o(.text)
    __rt_memcpy                              0x000006fd   Thumb Code   138  rt_memcpy_v6.o(.text)
    _memcpy_lastbytes                        0x00000763   Thumb Code     0  rt_memcpy_v6.o(.text)
    __aeabi_memclr4                          0x00000787   Thumb Code     0  rt_memclr_w.o(.text)
    __aeabi_memclr8                          0x00000787   Thumb Code     0  rt_memclr_w.o(.text)
    __rt_memclr_w                            0x00000787   Thumb Code    78  rt_memclr_w.o(.text)
    _memset_w                                0x0000078b   Thumb Code     0  rt_memclr_w.o(.text)
    _printf_int_common                       0x000007d5   Thumb Code   178  _printf_intcommon.o(.text)
    _printf_char_common                      0x00000893   Thumb Code    32  _printf_char_common.o(.text)
    _printf_cs_common                        0x000008b9   Thumb Code    20  _printf_char.o(.text)
    _printf_char                             0x000008cd   Thumb Code    16  _printf_char.o(.text)
    _printf_string                           0x000008dd   Thumb Code     8  _printf_char.o(.text)
    __aeabi_memcpy4                          0x000008e5   Thumb Code     0  rt_memcpy_w.o(.text)
    __aeabi_memcpy8                          0x000008e5   Thumb Code     0  rt_memcpy_w.o(.text)
    __rt_memcpy_w                            0x000008e5   Thumb Code   100  rt_memcpy_w.o(.text)
    _memcpy_lastbytes_aligned                0x0000092d   Thumb Code     0  rt_memcpy_w.o(.text)
    _sys_exit                                0x00000949   Thumb Code     8  sys_exit.o(.text)
    __user_setup_stackheap                   0x00000955   Thumb Code    74  sys_stackheap_outer.o(.text)
    __semihosting_library_function           0x0000099f   Thumb Code     0  indicate_semi.o(.text)
    SVC_Count                                0x000009a0   Data           4  svc_table.o(SVC_TABLE)
    SVC_Table                                0x000009a4   Data           0  svc_table.o(SVC_TABLE)
    CAN1_ObjectGetCapabilities               0x00000a29   Thumb Code    16  can_lpc17xx.o(i.CAN1_ObjectGetCapabilities)
    CAN2_ObjectGetCapabilities               0x00000b15   Thumb Code    16  can_lpc17xx.o(i.CAN2_ObjectGetCapabilities)
    CAN_IRQHandler                           0x00000b99   Thumb Code   468  can_lpc17xx.o(i.CAN_IRQHandler)
    CANx_GetClock                            0x00001245   Thumb Code   156  can_lpc17xx.o(i.CANx_GetClock)
    CANx_ObjectGetCapabilities               0x000017c5   Thumb Code    34  can_lpc17xx.o(i.CANx_ObjectGetCapabilities)
    Callback_CAN_Receiver                    0x00002119   Thumb Code    26  gestion_can.o(i.Callback_CAN_Receiver)
    Callback_CAN_Transmiter                  0x00002139   Thumb Code    24  gestion_can.o(i.Callback_CAN_Transmiter)
    Callback_USART                           0x00002155   Thumb Code    24  gestion gps.o(i.Callback_USART)
    DMA_IRQHandler                           0x00002191   Thumb Code   372  gpdma_lpc17xx.o(i.DMA_IRQHandler)
    GLCD_ClearScreen                         0x00002311   Thumb Code    54  glcd_mcb1700.o(i.GLCD_ClearScreen)
    GLCD_DrawChar                            0x0000234d   Thumb Code   194  glcd_mcb1700.o(i.GLCD_DrawChar)
    GLCD_DrawString                          0x0000241d   Thumb Code    38  glcd_mcb1700.o(i.GLCD_DrawString)
    GLCD_Initialize                          0x00002449   Thumb Code  1534  glcd_mcb1700.o(i.GLCD_Initialize)
    GLCD_SetBackgroundColor                  0x00002a49   Thumb Code    10  glcd_mcb1700.o(i.GLCD_SetBackgroundColor)
    GLCD_SetFont                             0x00002a59   Thumb Code    10  glcd_mcb1700.o(i.GLCD_SetFont)
    GPDMA_ChannelConfigure                   0x00002b09   Thumb Code   232  gpdma_lpc17xx.o(i.GPDMA_ChannelConfigure)
    GPDMA_ChannelDisable                     0x00002bfd   Thumb Code    44  gpdma_lpc17xx.o(i.GPDMA_ChannelDisable)
    GPDMA_ChannelGetCount                    0x00002c2d   Thumb Code    38  gpdma_lpc17xx.o(i.GPDMA_ChannelGetCount)
    GPDMA_Initialize                         0x00002c5d   Thumb Code   154  gpdma_lpc17xx.o(i.GPDMA_Initialize)
    GPDMA_PeripheralSelect                   0x00002d0d   Thumb Code    62  gpdma_lpc17xx.o(i.GPDMA_PeripheralSelect)
    GPDMA_Uninitialize                       0x00002d51   Thumb Code   116  gpdma_lpc17xx.o(i.GPDMA_Uninitialize)
    GPIO_PinRead                             0x00002dd1   Thumb Code    28  gpio_lpc17xx.o(i.GPIO_PinRead)
    GPIO_PinWrite                            0x00002df1   Thumb Code    36  gpio_lpc17xx.o(i.GPIO_PinWrite)
    GPIO_PortClock                           0x00002e19   Thumb Code    38  gpio_lpc17xx.o(i.GPIO_PortClock)
    GPIO_SetDir                              0x00002e45   Thumb Code    52  gpio_lpc17xx.o(i.GPIO_SetDir)
    Gestion_DFPLAYER                         0x00002e7d   Thumb Code    42  main.o(i.Gestion_DFPLAYER)
    Init_PWM_Lidar                           0x00002f35   Thumb Code    74  gestion_lidar.o(i.Init_PWM_Lidar)
    Init_UART0                               0x00002f8d   Thumb Code    52  gestion_lidar.o(i.Init_UART0)
    Init_UART1                               0x00002fc5   Thumb Code    52  gestion gps.o(i.Init_UART1)
    Isolation_Donnee_GPS                     0x00003001   Thumb Code    40  gestion gps.o(i.Isolation_Donnee_GPS)
    LED_Initialize                           0x00003029   Thumb Code    88  led_mcb1700.o(i.LED_Initialize)
    LED_Off                                  0x00003085   Thumb Code    40  led_mcb1700.o(i.LED_Off)
    LED_On                                   0x000030b1   Thumb Code    40  led_mcb1700.o(i.LED_On)
    LectureDFPlayer                          0x000030dd   Thumb Code   196  gestion_dfplayer.o(i.LectureDFPlayer)
    PIN_Configure                            0x000031b1   Thumb Code   246  pin_lpc17xx.o(i.PIN_Configure)
    SSP0_GPDMA_Rx_SignalEvent                0x000032c5   Thumb Code    14  ssp_lpc17xx.o(i.SSP0_GPDMA_Rx_SignalEvent)
    SSP0_GPDMA_Tx_SignalEvent                0x000032d9   Thumb Code    14  ssp_lpc17xx.o(i.SSP0_GPDMA_Tx_SignalEvent)
    SSP0_IRQHandler                          0x0000330d   Thumb Code    10  ssp_lpc17xx.o(i.SSP0_IRQHandler)
    SSP1_GPDMA_Rx_SignalEvent                0x000033b9   Thumb Code    14  ssp_lpc17xx.o(i.SSP1_GPDMA_Rx_SignalEvent)
    SSP1_GPDMA_Tx_SignalEvent                0x000033cd   Thumb Code    14  ssp_lpc17xx.o(i.SSP1_GPDMA_Tx_SignalEvent)
    SSP1_IRQHandler                          0x00003401   Thumb Code    10  ssp_lpc17xx.o(i.SSP1_IRQHandler)
    SSPx_GPDMA_Rx_SignalEvent                0x000039cf   Thumb Code    54  ssp_lpc17xx.o(i.SSPx_GPDMA_Rx_SignalEvent)
    SSPx_GPDMA_Tx_SignalEvent                0x00003a05   Thumb Code    28  ssp_lpc17xx.o(i.SSPx_GPDMA_Tx_SignalEvent)
    SystemInit                               0x000042cd   Thumb Code   302  system_lpc17xx.o(i.SystemInit)
    Thread_CAN_Receiver                      0x0000440d   Thumb Code   418  main.o(i.Thread_CAN_Receiver)
    Thread_CAN_Transmiter                    0x00004639   Thumb Code    96  main.o(i.Thread_CAN_Transmiter)
    Thread_GPS                               0x000046a1   Thumb Code  1664  main.o(i.Thread_GPS)
    Thread_Gestion_Lidar                     0x00004d61   Thumb Code   112  main.o(i.Thread_Gestion_Lidar)
    UART0_IRQHandler                         0x00004dd9   Thumb Code    10  uart_lpc17xx.o(i.UART0_IRQHandler)
    UART1_IRQHandler                         0x00004de9   Thumb Code    10  uart_lpc17xx.o(i.UART1_IRQHandler)
    UART2_IRQHandler                         0x00004df9   Thumb Code    10  uart_lpc17xx.o(i.UART2_IRQHandler)
    USART0_GPDMA_Rx_Event                    0x00004e21   Thumb Code    14  uart_lpc17xx.o(i.USART0_GPDMA_Rx_Event)
    USART0_GPDMA_Tx_Event                    0x00004e35   Thumb Code    14  uart_lpc17xx.o(i.USART0_GPDMA_Tx_Event)
    USART1_GPDMA_Rx_Event                    0x00004f49   Thumb Code    14  uart_lpc17xx.o(i.USART1_GPDMA_Rx_Event)
    USART1_GPDMA_Tx_Event                    0x00004f5d   Thumb Code    14  uart_lpc17xx.o(i.USART1_GPDMA_Tx_Event)
    USART2_GPDMA_Rx_Event                    0x00005071   Thumb Code    14  uart_lpc17xx.o(i.USART2_GPDMA_Rx_Event)
    USART2_GPDMA_Tx_Event                    0x00005085   Thumb Code    14  uart_lpc17xx.o(i.USART2_GPDMA_Tx_Event)
    USART_SetBaudrate                        0x0000638d   Thumb Code   302  uart_lpc17xx.o(i.USART_SetBaudrate)
    _init_box                                0x00006721   Thumb Code    70  rt_membox.o(i._init_box)
    _is_digit                                0x00006767   Thumb Code    14  __printf_wp.o(i._is_digit)
    _mutex_acquire                           0x00006775   Thumb Code    22  rtx_conf_cm.o(i._mutex_acquire)
    _mutex_release                           0x00006795   Thumb Code    18  rtx_conf_cm.o(i._mutex_release)
    dbg_init                                 0x000067b1   Thumb Code    34  hal_cm.o(i.dbg_init)
    dbg_task_notify                          0x000067e1   Thumb Code    32  hal_cm.o(i.dbg_task_notify)
    dbg_task_switch                          0x00006801   Thumb Code    16  hal_cm.o(i.dbg_task_switch)
    init_CAN_Receiver                        0x00006841   Thumb Code    76  gestion_can.o(i.init_CAN_Receiver)
    init_CAN_Transmiter                      0x0000689d   Thumb Code    60  gestion_can.o(i.init_CAN_Transmiter)
    init_DFPlayer                            0x000068e9   Thumb Code   180  gestion_dfplayer.o(i.init_DFPlayer)
    init_UART2_DFPLAYER                      0x000069ad   Thumb Code    52  gestion_dfplayer.o(i.init_UART2_DFPLAYER)
    isrMessageGet                            0x000069e5   Thumb Code    42  rt_cmsis.o(i.isrMessageGet)
    isrMessagePut                            0x00006a0f   Thumb Code    44  rt_cmsis.o(i.isrMessagePut)
    isrSignalSet                             0x00006a3b   Thumb Code    36  rt_cmsis.o(i.isrSignalSet)
    isr_evt_set                              0x00006a61   Thumb Code    34  rt_event.o(i.isr_evt_set)
    isr_mbx_receive                          0x00006a89   Thumb Code    86  rt_mailbox.o(i.isr_mbx_receive)
    isr_mbx_send                             0x00006adf   Thumb Code    14  rt_mailbox.o(i.isr_mbx_send)
    main                                     0x00006aed   Thumb Code   150  main.o(i.main)
    osDelay                                  0x00006bc1   Thumb Code    18  rt_cmsis.o(i.osDelay)
    osKernelInitialize                       0x00006bd9   Thumb Code    30  rt_cmsis.o(i.osKernelInitialize)
    osKernelStart                            0x00006bfd   Thumb Code    98  rt_cmsis.o(i.osKernelStart)
    osMailAlloc                              0x00006c69   Thumb Code    22  rt_cmsis.o(i.osMailAlloc)
    osMailCreate                             0x00006c85   Thumb Code    36  rt_cmsis.o(i.osMailCreate)
    osMailFree                               0x00006cb1   Thumb Code    22  rt_cmsis.o(i.osMailFree)
    osMailGet                                0x00006ccd   Thumb Code    22  rt_cmsis.o(i.osMailGet)
    osMailPut                                0x00006ce3   Thumb Code    20  rt_cmsis.o(i.osMailPut)
    osMessageGet                             0x00006cf9   Thumb Code    18  rt_cmsis.o(i.osMessageGet)
    osMessagePut                             0x00006d11   Thumb Code    18  rt_cmsis.o(i.osMessagePut)
    osMutexCreate                            0x00006d29   Thumb Code    36  rt_cmsis.o(i.osMutexCreate)
    osMutexRelease                           0x00006d55   Thumb Code    18  rt_cmsis.o(i.osMutexRelease)
    osMutexWait                              0x00006d6d   Thumb Code    18  rt_cmsis.o(i.osMutexWait)
    osSignalSet                              0x00006d85   Thumb Code    18  rt_cmsis.o(i.osSignalSet)
    osSignalWait                             0x00006d9d   Thumb Code    18  rt_cmsis.o(i.osSignalWait)
    osThreadCreate                           0x00006db5   Thumb Code    36  rt_cmsis.o(i.osThreadCreate)
    osThreadExit                             0x00006de1   Thumb Code    14  rt_cmsis.o(i.osThreadExit)
    osTimerCall                              0x00006df9   Thumb Code     8  rt_cmsis.o(i.osTimerCall)
    osTimerThread                            0x00006e05   Thumb Code    38  rt_cmsis.o(i.osTimerThread)
    os_error                                 0x00006e31   Thumb Code    34  rtx_conf_cm.o(i.os_error)
    os_idle_demon                            0x00006e53   Thumb Code     4  rtx_conf_cm.o(i.os_idle_demon)
    os_tick_init                             0x00006e59   Thumb Code    32  rt_system.o(i.os_tick_init)
    os_tick_irqack                           0x00006e81   Thumb Code     2  rt_system.o(i.os_tick_irqack)
    rt_alloc_box                             0x00006f4d   Thumb Code    26  rt_membox.o(i.rt_alloc_box)
    rt_alloc_mem                             0x00006f67   Thumb Code    62  rt_memory.o(i.rt_alloc_mem)
    rt_block                                 0x00006fa5   Thumb Code    48  rt_task.o(i.rt_block)
    rt_chk_robin                             0x00006fdd   Thumb Code    60  rt_robin.o(i.rt_chk_robin)
    rt_dec_dly                               0x00007025   Thumb Code   102  rt_list.o(i.rt_dec_dly)
    rt_dispatch                              0x00007095   Thumb Code    60  rt_task.o(i.rt_dispatch)
    rt_dly_wait                              0x000070d9   Thumb Code     6  rt_time.o(i.rt_dly_wait)
    rt_evt_psh                               0x000070e1   Thumb Code    76  rt_event.o(i.rt_evt_psh)
    rt_evt_set                               0x00007131   Thumb Code    88  rt_event.o(i.rt_evt_set)
    rt_evt_wait                              0x0000718d   Thumb Code    56  rt_event.o(i.rt_evt_wait)
    rt_free_box                              0x000071c9   Thumb Code    44  rt_membox.o(i.rt_free_box)
    rt_free_mem                              0x000071f5   Thumb Code    40  rt_memory.o(i.rt_free_mem)
    rt_get_first                             0x0000721d   Thumb Code    40  rt_list.o(i.rt_get_first)
    rt_init_mem                              0x00007295   Thumb Code    26  rt_memory.o(i.rt_init_mem)
    rt_init_robin                            0x000072b1   Thumb Code    14  rt_robin.o(i.rt_init_robin)
    rt_init_stack                            0x000072c9   Thumb Code   118  hal_cm.o(i.rt_init_stack)
    rt_mbx_check                             0x00007349   Thumb Code     8  rt_mailbox.o(i.rt_mbx_check)
    rt_mbx_init                              0x00007351   Thumb Code    26  rt_mailbox.o(i.rt_mbx_init)
    rt_mbx_psh                               0x0000736d   Thumb Code   236  rt_mailbox.o(i.rt_mbx_psh)
    rt_mbx_send                              0x0000745d   Thumb Code   148  rt_mailbox.o(i.rt_mbx_send)
    rt_mbx_wait                              0x000074f5   Thumb Code   174  rt_mailbox.o(i.rt_mbx_wait)
    rt_mut_init                              0x000075ed   Thumb Code    16  rt_mutex.o(i.rt_mut_init)
    rt_mut_release                           0x000075fd   Thumb Code   208  rt_mutex.o(i.rt_mut_release)
    rt_mut_wait                              0x000076d5   Thumb Code   114  rt_mutex.o(i.rt_mut_wait)
    rt_pop_req                               0x0000774d   Thumb Code   112  rt_system.o(i.rt_pop_req)
    rt_psh_req                               0x000077c9   Thumb Code    22  rt_system.o(i.rt_psh_req)
    rt_psq_enq                               0x000077e9   Thumb Code    88  rt_list.o(i.rt_psq_enq)
    rt_put_dly                               0x00007845   Thumb Code    68  rt_list.o(i.rt_put_dly)
    rt_put_prio                              0x0000788d   Thumb Code    54  rt_list.o(i.rt_put_prio)
    rt_put_rdy_first                         0x000078c5   Thumb Code    14  rt_list.o(i.rt_put_rdy_first)
    rt_resort_prio                           0x000078d9   Thumb Code    46  rt_list.o(i.rt_resort_prio)
    rt_ret_val                               0x0000790d   Thumb Code     6  hal_cm.o(i.rt_ret_val)
    rt_ret_val2                              0x00007913   Thumb Code     8  hal_cm.o(i.rt_ret_val2)
    rt_rmv_dly                               0x0000791b   Thumb Code    40  rt_list.o(i.rt_rmv_dly)
    rt_rmv_list                              0x00007945   Thumb Code    44  rt_list.o(i.rt_rmv_list)
    rt_sem_psh                               0x00007975   Thumb Code    48  rt_semaphore.o(i.rt_sem_psh)
    rt_stk_check                             0x000079a9   Thumb Code    28  rt_system.o(i.rt_stk_check)
    rt_switch_req                            0x000079cd   Thumb Code    30  rt_task.o(i.rt_switch_req)
    rt_sys_init                              0x000079f5   Thumb Code   138  rt_task.o(i.rt_sys_init)
    rt_sys_start                             0x00007ac1   Thumb Code   110  rt_task.o(i.rt_sys_start)
    rt_systick                               0x00007b39   Thumb Code    50  rt_system.o(i.rt_systick)
    rt_tsk_create                            0x00007bc1   Thumb Code   118  rt_task.o(i.rt_tsk_create)
    rt_tsk_delete                            0x00007c49   Thumb Code   352  rt_task.o(i.rt_tsk_delete)
    rt_tsk_prio                              0x00007dc5   Thumb Code   108  rt_task.o(i.rt_tsk_prio)
    rt_tsk_self                              0x00007e41   Thumb Code    12  rt_task.o(i.rt_tsk_self)
    svcDelay                                 0x00007f05   Thumb Code    18  rt_cmsis.o(i.svcDelay)
    svcKernelInitialize                      0x00007f19   Thumb Code    80  rt_cmsis.o(i.svcKernelInitialize)
    svcKernelStart                           0x00007f89   Thumb Code    62  rt_cmsis.o(i.svcKernelStart)
    svcMailCreate                            0x00007fd1   Thumb Code    66  rt_cmsis.o(i.svcMailCreate)
    svcMessageCreate                         0x00008013   Thumb Code    36  rt_cmsis.o(i.svcMessageCreate)
    svcMessageGet                            0x00008037   Thumb Code    58  rt_cmsis.o(i.svcMessageGet)
    svcMessagePut                            0x00008071   Thumb Code    54  rt_cmsis.o(i.svcMessagePut)
    svcMutexCreate                           0x000080a7   Thumb Code    28  rt_cmsis.o(i.svcMutexCreate)
    svcMutexRelease                          0x000080c3   Thumb Code    34  rt_cmsis.o(i.svcMutexRelease)
    svcMutexWait                             0x000080e5   Thumb Code    58  rt_cmsis.o(i.svcMutexWait)
    svcSignalSet                             0x0000811f   Thumb Code    36  rt_cmsis.o(i.svcSignalSet)
    svcSignalWait                            0x00008145   Thumb Code    80  rt_cmsis.o(i.svcSignalWait)
    svcThreadCreate                          0x00008199   Thumb Code    96  rt_cmsis.o(i.svcThreadCreate)
    svcThreadGetId                           0x00008205   Thumb Code    22  rt_cmsis.o(i.svcThreadGetId)
    svcThreadTerminate                       0x00008221   Thumb Code    50  rt_cmsis.o(i.svcThreadTerminate)
    svcTimerCall                             0x00008259   Thumb Code    24  rt_cmsis.o(i.svcTimerCall)
    sysMailAlloc                             0x00008271   Thumb Code    84  rt_cmsis.o(i.sysMailAlloc)
    sysMailFree                              0x000082c9   Thumb Code    96  rt_cmsis.o(i.sysMailFree)
    sysTimerTick                             0x00008329   Thumb Code    84  rt_cmsis.o(i.sysTimerTick)
    __aeabi_d2f                              0x000084c1   Thumb Code     0  d2f.o(x$fpl$d2f)
    _d2f                                     0x000084c1   Thumb Code    98  d2f.o(x$fpl$d2f)
    __aeabi_dadd                             0x00008525   Thumb Code     0  daddsub_clz.o(x$fpl$dadd)
    _dadd                                    0x00008525   Thumb Code   332  daddsub_clz.o(x$fpl$dadd)
    __fpl_dcmp_Inf                           0x00008675   Thumb Code    24  dcmpi.o(x$fpl$dcmpinf)
    __aeabi_ddiv                             0x0000868d   Thumb Code     0  ddiv.o(x$fpl$ddiv)
    _ddiv                                    0x0000868d   Thumb Code   552  ddiv.o(x$fpl$ddiv)
    __aeabi_d2iz                             0x0000893d   Thumb Code     0  dfix.o(x$fpl$dfix)
    _dfix                                    0x0000893d   Thumb Code    94  dfix.o(x$fpl$dfix)
    __aeabi_cdcmple                          0x0000899d   Thumb Code     0  dleqf.o(x$fpl$dleqf)
    _dcmple                                  0x0000899d   Thumb Code   120  dleqf.o(x$fpl$dleqf)
    __fpl_dcmple_InfNaN                      0x000089ff   Thumb Code     0  dleqf.o(x$fpl$dleqf)
    __aeabi_dmul                             0x00008a15   Thumb Code     0  dmul.o(x$fpl$dmul)
    _dmul                                    0x00008a15   Thumb Code   332  dmul.o(x$fpl$dmul)
    __fpl_dnaninf                            0x00008b69   Thumb Code   156  dnaninf.o(x$fpl$dnaninf)
    __fpl_dretinf                            0x00008c05   Thumb Code    12  dretinf.o(x$fpl$dretinf)
    __aeabi_cdrcmple                         0x00008c11   Thumb Code     0  drleqf.o(x$fpl$drleqf)
    _drcmple                                 0x00008c11   Thumb Code   108  drleqf.o(x$fpl$drleqf)
    __aeabi_dsub                             0x00008c7d   Thumb Code     0  daddsub_clz.o(x$fpl$dsub)
    _dsub                                    0x00008c7d   Thumb Code   464  daddsub_clz.o(x$fpl$dsub)
    __aeabi_f2d                              0x00008e51   Thumb Code     0  f2d.o(x$fpl$f2d)
    _f2d                                     0x00008e51   Thumb Code    86  f2d.o(x$fpl$f2d)
    __aeabi_fadd                             0x00008ea9   Thumb Code     0  faddsub_clz.o(x$fpl$fadd)
    _fadd                                    0x00008ea9   Thumb Code   196  faddsub_clz.o(x$fpl$fadd)
    __aeabi_i2f                              0x00008f6d   Thumb Code     0  fflt_clz.o(x$fpl$fflt)
    _fflt                                    0x00008f6d   Thumb Code    48  fflt_clz.o(x$fpl$fflt)
    __aeabi_ui2f                             0x00008f9d   Thumb Code     0  fflt_clz.o(x$fpl$ffltu)
    _ffltu                                   0x00008f9d   Thumb Code    38  fflt_clz.o(x$fpl$ffltu)
    __aeabi_fmul                             0x00008fc5   Thumb Code     0  fmul.o(x$fpl$fmul)
    _fmul                                    0x00008fc5   Thumb Code   258  fmul.o(x$fpl$fmul)
    __fpl_fnaninf                            0x000090c7   Thumb Code   140  fnaninf.o(x$fpl$fnaninf)
    __fpl_fretinf                            0x00009153   Thumb Code    10  fretinf.o(x$fpl$fretinf)
    __aeabi_fsub                             0x0000915d   Thumb Code     0  faddsub_clz.o(x$fpl$fsub)
    _fsub                                    0x0000915d   Thumb Code   234  faddsub_clz.o(x$fpl$fsub)
    __I$use$fp                               0x00009246   Number         0  usenofp.o(x$fpl$usenofp)
    os_mutex_def_mut_GLCD                    0x00009248   Data           4  main.o(.constdata)
    os_mailQ_def_BAL_CAN                     0x0000924c   Data          12  main.o(.constdata)
    os_mailQ_def_BAL_DFPLAYER                0x00009258   Data          12  main.o(.constdata)
    os_thread_def_Thread_CAN_Transmiter      0x00009264   Data          16  main.o(.constdata)
    os_thread_def_Thread_CAN_Receiver        0x00009274   Data          16  main.o(.constdata)
    os_thread_def_Gestion_DFPLAYER           0x00009284   Data          16  main.o(.constdata)
    os_thread_def_Thread_Gestion_Lidar       0x00009294   Data          16  main.o(.constdata)
    os_thread_def_Thread_GPS                 0x000092a4   Data          16  main.o(.constdata)
    GLCD_Font_6x8                            0x0000ab34   Data          16  glcd_fonts.o(.constdata)
    GLCD_Font_16x24                          0x0000ab44   Data          16  glcd_fonts.o(.constdata)
    os_maxtaskrun                            0x0000ab6c   Data           2  rtx_conf_cm.o(.constdata)
    os_stackinfo                             0x0000ab70   Data           4  rtx_conf_cm.o(.constdata)
    os_rrobin                                0x0000ab74   Data           4  rtx_conf_cm.o(.constdata)
    os_tickfreq                              0x0000ab78   Data           4  rtx_conf_cm.o(.constdata)
    os_tickus_i                              0x0000ab7c   Data           2  rtx_conf_cm.o(.constdata)
    os_tickus_f                              0x0000ab7e   Data           2  rtx_conf_cm.o(.constdata)
    os_trv                                   0x0000ab80   Data           4  rtx_conf_cm.o(.constdata)
    os_flags                                 0x0000ab84   Data           1  rtx_conf_cm.o(.constdata)
    CMSIS_RTOS_API_Version                   0x0000ab88   Data           4  rtx_conf_cm.o(.constdata)
    CMSIS_RTOS_RTX_Version                   0x0000ab8c   Data           4  rtx_conf_cm.o(.constdata)
    os_clockrate                             0x0000ab90   Data           4  rtx_conf_cm.o(.constdata)
    os_timernum                              0x0000ab94   Data           4  rtx_conf_cm.o(.constdata)
    mp_tcb_size                              0x0000ab98   Data           2  rtx_conf_cm.o(.constdata)
    mp_stk_size                              0x0000ab9c   Data           4  rtx_conf_cm.o(.constdata)
    os_stack_sz                              0x0000aba0   Data           4  rtx_conf_cm.o(.constdata)
    os_fifo_size                             0x0000aba4   Data           1  rtx_conf_cm.o(.constdata)
    os_thread_def_osTimerThread              0x0000aba8   Data          16  rtx_conf_cm.o(.constdata)
    os_messageQ_def_osTimerMessageQ          0x0000abb8   Data           8  rtx_conf_cm.o(.constdata)
    mp_tmr_size                              0x0000abc0   Data           2  rtx_conf_cm.o(.constdata)
    os_thread_def_main                       0x0000abc4   Data          16  rtx_conf_cm.o(.constdata)
    Driver_CAN1                              0x0000abec   Data          60  can_lpc17xx.o(.constdata)
    Driver_CAN2                              0x0000ac28   Data          60  can_lpc17xx.o(.constdata)
    Driver_SPI0                              0x0000ad08   Data          44  ssp_lpc17xx.o(.constdata)
    Driver_SPI1                              0x0000ad34   Data          44  ssp_lpc17xx.o(.constdata)
    Driver_USART0                            0x0000afec   Data          56  uart_lpc17xx.o(.constdata)
    Driver_USART1                            0x0000b024   Data          56  uart_lpc17xx.o(.constdata)
    Driver_USART2                            0x0000b05c   Data          56  uart_lpc17xx.o(.constdata)
    Region$$Table$$Base                      0x0000b0d0   Number         0  anon$$obj.o(Region$$Table)
    Region$$Table$$Limit                     0x0000b0f0   Number         0  anon$$obj.o(Region$$Table)
    ID_mut_GLCD                              0x10000000   Data           4  main.o(.data)
    ID_BAL_CAN                               0x10000004   Data           4  main.o(.data)
    os_mailQ_p_BAL_CAN                       0x10000008   Data           8  main.o(.data)
    BAL_INIT                                 0x10000010   Data           1  main.o(.data)
    ID_BAL_DFPLAYER                          0x10000014   Data           4  main.o(.data)
    os_mailQ_p_BAL_DFPLAYER                  0x10000018   Data           8  main.o(.data)
    ID_CAN_Transmiter                        0x10000020   Data           4  main.o(.data)
    ID_CAN_Receiver                          0x10000024   Data           4  main.o(.data)
    ID_Gestion_DFPLAYER                      0x10000028   Data           4  main.o(.data)
    ID_Gestion_Lidar                         0x1000002c   Data           4  main.o(.data)
    ID_GestionGPS                            0x10000030   Data           4  main.o(.data)
    osThreadId_osTimerThread                 0x10000040   Data           4  rtx_conf_cm.o(.data)
    osMessageQId_osTimerMessageQ             0x10000044   Data           4  rtx_conf_cm.o(.data)
    os_tmr                                   0x10000048   Data           4  rtx_conf_cm.o(.data)
    m_tmr                                    0x1000004c   Data           4  rtx_conf_cm.o(.data)
    SystemCoreClock                          0x1000008c   Data           4  system_lpc17xx.o(.data)
    os_initialized                           0x10000090   Data           1  rt_cmsis.o(.data)
    os_running                               0x10000091   Data           1  rt_cmsis.o(.data)
    os_timer_head                            0x10000094   Data           4  rt_cmsis.o(.data)
    os_tsk                                   0x10000098   Data           8  rt_task.o(.data)
    os_tick_irqn                             0x100000a4   Data           4  rt_system.o(.data)
    os_time                                  0x100000a8   Data           4  rt_time.o(.data)
    os_robin                                 0x100000ac   Data           8  rt_robin.o(.data)
    dbg_msg                                  0x100000b4   Data           1  hal_cm.o(.data)
    os_mutex_cb_mut_GLCD                     0x100000b8   Data          16  main.o(.bss)
    BAL_INIT_CAN                             0x100000c8   Data          12  main.o(.bss)
    os_mailQ_q_BAL_CAN                       0x100000d4   Data          36  main.o(.bss)
    os_mailQ_m_BAL_CAN                       0x100000f8   Data          72  main.o(.bss)
    os_mailQ_q_BAL_DFPLAYER                  0x10000140   Data          36  main.o(.bss)
    os_mailQ_m_BAL_DFPLAYER                  0x10000164   Data          32  main.o(.bss)
    mp_tcb                                   0x10000188   Data         376  rtx_conf_cm.o(.bss)
    mp_stk                                   0x10000300   Data        4816  rtx_conf_cm.o(.bss)
    os_stack_mem                             0x100015d0   Data        1032  rtx_conf_cm.o(.bss)
    os_fifo                                  0x100019d8   Data         132  rtx_conf_cm.o(.bss)
    os_active_TCB                            0x10001a5c   Data          28  rtx_conf_cm.o(.bss)
    os_messageQ_q_osTimerMessageQ            0x10001a78   Data          32  rtx_conf_cm.o(.bss)
    os_idle_TCB                              0x10001f4c   Data          52  rt_task.o(.bss)
    os_rdy                                   0x10001f80   Data          24  rt_list.o(.bss)
    os_dly                                   0x10001f98   Data          24  rt_list.o(.bss)
    __libspace_start                         0x10001fb0   Data          96  libspace.o(.bss)
    __temporary_stack_top$libspace           0x10002010   Data           0  libspace.o(.bss)



==============================================================================

Memory Map of the image

  Image Entry point : 0x000000cd

  Load Region LR_IROM1 (Base: 0x00000000, Size: 0x0000b1a8, Max: 0x00080000, ABSOLUTE)

    Execution Region ER_IROM1 (Base: 0x00000000, Size: 0x0000b0f0, Max: 0x00080000, ABSOLUTE)

    Base Addr    Size         Type   Attr      Idx    E Section Name        Object

    0x00000000   0x000000cc   Data   RO         1601    RESET               startup_lpc17xx.o
    0x000000cc   0x00000008   Code   RO         2928  * !!!main             c_w.l(__main.o)
    0x000000d4   0x00000034   Code   RO         3151    !!!scatter          c_w.l(__scatter.o)
    0x00000108   0x0000001a   Code   RO         3153    !!handler_copy      c_w.l(__scatter_copy.o)
    0x00000122   0x00000002   PAD
    0x00000124   0x0000001c   Code   RO         3155    !!handler_zi        c_w.l(__scatter_zi.o)
    0x00000140   0x00000000   Code   RO         2919    .ARM.Collect$$_printf_percent$$00000000  c_w.l(_printf_percent.o)
    0x00000140   0x00000006   Code   RO         2918    .ARM.Collect$$_printf_percent$$00000009  c_w.l(_printf_d.o)
    0x00000146   0x00000006   Code   RO         2917    .ARM.Collect$$_printf_percent$$0000000C  c_w.l(_printf_x.o)
    0x0000014c   0x00000006   Code   RO         2916    .ARM.Collect$$_printf_percent$$00000014  c_w.l(_printf_s.o)
    0x00000152   0x00000004   Code   RO         2983    .ARM.Collect$$_printf_percent$$00000017  c_w.l(_printf_percent_end.o)
    0x00000156   0x00000002   Code   RO         3037    .ARM.Collect$$libinit$$00000000  c_w.l(libinit.o)
    0x00000158   0x00000000   Code   RO         3049    .ARM.Collect$$libinit$$00000002  c_w.l(libinit2.o)
    0x00000158   0x00000000   Code   RO         3051    .ARM.Collect$$libinit$$00000004  c_w.l(libinit2.o)
    0x00000158   0x00000000   Code   RO         3054    .ARM.Collect$$libinit$$0000000A  c_w.l(libinit2.o)
    0x00000158   0x00000000   Code   RO         3056    .ARM.Collect$$libinit$$0000000C  c_w.l(libinit2.o)
    0x00000158   0x00000000   Code   RO         3058    .ARM.Collect$$libinit$$0000000E  c_w.l(libinit2.o)
    0x00000158   0x00000000   Code   RO         3061    .ARM.Collect$$libinit$$00000011  c_w.l(libinit2.o)
    0x00000158   0x00000000   Code   RO         3063    .ARM.Collect$$libinit$$00000013  c_w.l(libinit2.o)
    0x00000158   0x00000000   Code   RO         3065    .ARM.Collect$$libinit$$00000015  c_w.l(libinit2.o)
    0x00000158   0x00000000   Code   RO         3067    .ARM.Collect$$libinit$$00000017  c_w.l(libinit2.o)
    0x00000158   0x00000000   Code   RO         3069    .ARM.Collect$$libinit$$00000019  c_w.l(libinit2.o)
    0x00000158   0x00000000   Code   RO         3071    .ARM.Collect$$libinit$$0000001B  c_w.l(libinit2.o)
    0x00000158   0x00000000   Code   RO         3073    .ARM.Collect$$libinit$$0000001D  c_w.l(libinit2.o)
    0x00000158   0x00000000   Code   RO         3075    .ARM.Collect$$libinit$$0000001F  c_w.l(libinit2.o)
    0x00000158   0x00000000   Code   RO         3077    .ARM.Collect$$libinit$$00000021  c_w.l(libinit2.o)
    0x00000158   0x00000000   Code   RO         3079    .ARM.Collect$$libinit$$00000023  c_w.l(libinit2.o)
    0x00000158   0x00000000   Code   RO         3081    .ARM.Collect$$libinit$$00000025  c_w.l(libinit2.o)
    0x00000158   0x00000000   Code   RO         3085    .ARM.Collect$$libinit$$0000002C  c_w.l(libinit2.o)
    0x00000158   0x00000000   Code   RO         3087    .ARM.Collect$$libinit$$0000002E  c_w.l(libinit2.o)
    0x00000158   0x00000000   Code   RO         3089    .ARM.Collect$$libinit$$00000030  c_w.l(libinit2.o)
    0x00000158   0x00000000   Code   RO         3091    .ARM.Collect$$libinit$$00000032  c_w.l(libinit2.o)
    0x00000158   0x00000002   Code   RO         3092    .ARM.Collect$$libinit$$00000033  c_w.l(libinit2.o)
    0x0000015a   0x00000002   Code   RO         3038    .ARM.Collect$$libshutdown$$00000000  c_w.l(libshutdown.o)
    0x0000015c   0x00000000   Code   RO         3094    .ARM.Collect$$libshutdown$$00000002  c_w.l(libshutdown2.o)
    0x0000015c   0x00000000   Code   RO         3096    .ARM.Collect$$libshutdown$$00000004  c_w.l(libshutdown2.o)
    0x0000015c   0x00000000   Code   RO         3099    .ARM.Collect$$libshutdown$$00000007  c_w.l(libshutdown2.o)
    0x0000015c   0x00000000   Code   RO         3102    .ARM.Collect$$libshutdown$$0000000A  c_w.l(libshutdown2.o)
    0x0000015c   0x00000000   Code   RO         3104    .ARM.Collect$$libshutdown$$0000000C  c_w.l(libshutdown2.o)
    0x0000015c   0x00000000   Code   RO         3107    .ARM.Collect$$libshutdown$$0000000F  c_w.l(libshutdown2.o)
    0x0000015c   0x00000002   Code   RO         3108    .ARM.Collect$$libshutdown$$00000010  c_w.l(libshutdown2.o)
    0x0000015e   0x00000000   Code   RO         2968    .ARM.Collect$$rtentry$$00000000  c_w.l(__rtentry.o)
    0x0000015e   0x00000000   Code   RO         2998    .ARM.Collect$$rtentry$$00000002  c_w.l(__rtentry2.o)
    0x0000015e   0x00000006   Code   RO         3010    .ARM.Collect$$rtentry$$00000004  c_w.l(__rtentry4.o)
    0x00000164   0x00000000   Code   RO         3000    .ARM.Collect$$rtentry$$00000009  c_w.l(__rtentry2.o)
    0x00000164   0x00000004   Code   RO         3001    .ARM.Collect$$rtentry$$0000000A  c_w.l(__rtentry2.o)
    0x00000168   0x00000008   Code   RO         3002    .ARM.Collect$$rtentry$$0000000B  c_w.l(__rtentry2.o)
    0x00000170   0x00000008   Code   RO         3004    .ARM.Collect$$rtentry$$0000000D  c_w.l(__rtentry2.o)
    0x00000178   0x00000002   Code   RO         2969    .ARM.Collect$$rtexit$$00000000  c_w.l(rtexit.o)
    0x0000017a   0x00000000   Code   RO         3013    .ARM.Collect$$rtexit$$00000002  c_w.l(rtexit2.o)
    0x0000017a   0x00000004   Code   RO         3014    .ARM.Collect$$rtexit$$00000003  c_w.l(rtexit2.o)
    0x0000017e   0x00000006   Code   RO         3015    .ARM.Collect$$rtexit$$00000004  c_w.l(rtexit2.o)
    0x00000184   0x0000001c   Code   RO          473    .emb_text           rtx_conf_cm.o
    0x000001a0   0x00000130   Code   RO         2843    .emb_text           RTX_CM3.lib(hal_cm3.o)
    0x000002d0   0x00000008   Code   RO         2858    .text               c_w.l(libspace.o)
    0x000002d8   0x00000012   Code   RO         2920    .text               c_w.l(exit.o)
    0x000002ea   0x00000006   Code   RO         2926    .text               c_w.l(heapauxi.o)
    0x000002f0   0x0000000a   Code   RO         2979    .text               c_w.l(_sputc.o)
    0x000002fa   0x00000002   Code   RO         3039    .text               c_w.l(use_no_semi.o)
    0x000002fc   0x00000004   Code   RO         1602    .ARM.__at_0x02FC    startup_lpc17xx.o
    0x00000300   0x0000003c   Code   RO         1603    .text               startup_lpc17xx.o
    0x0000033c   0x000000ee   Code   RO         2861    .text               c_w.l(lludivv7m.o)
    0x0000042a   0x00000002   PAD
    0x0000042c   0x00000028   Code   RO         2865    .text               c_w.l(noretval__2sprintf.o)
    0x00000454   0x0000004e   Code   RO         2869    .text               c_w.l(_printf_pad.o)
    0x000004a2   0x00000052   Code   RO         2871    .text               c_w.l(_printf_str.o)
    0x000004f4   0x00000078   Code   RO         2873    .text               c_w.l(_printf_dec.o)
    0x0000056c   0x00000058   Code   RO         2878    .text               c_w.l(_printf_hex_int.o)
    0x000005c4   0x00000138   Code   RO         2908    .text               c_w.l(__printf_flags_wp.o)
    0x000006fc   0x0000008a   Code   RO         2922    .text               c_w.l(rt_memcpy_v6.o)
    0x00000786   0x0000004e   Code   RO         2924    .text               c_w.l(rt_memclr_w.o)
    0x000007d4   0x000000b2   Code   RO         2975    .text               c_w.l(_printf_intcommon.o)
    0x00000886   0x00000002   PAD
    0x00000888   0x00000030   Code   RO         2977    .text               c_w.l(_printf_char_common.o)
    0x000008b8   0x0000002c   Code   RO         2981    .text               c_w.l(_printf_char.o)
    0x000008e4   0x00000064   Code   RO         2984    .text               c_w.l(rt_memcpy_w.o)
    0x00000948   0x0000000c   Code   RO         3023    .text               c_w.l(sys_exit.o)
    0x00000954   0x0000004a   Code   RO         3025    .text               c_w.l(sys_stackheap_outer.o)
    0x0000099e   0x00000000   Code   RO         3041    .text               c_w.l(indicate_semi.o)
    0x0000099e   0x00000002   PAD
    0x000009a0   0x00000004   Code   RO         2853    SVC_TABLE           RTX_CM3.lib(svc_table.o)
    0x000009a4   0x00000012   Code   RO          534    i.CAN1_Control      can_lpc17xx.o
    0x000009b6   0x0000000a   Code   RO          535    i.CAN1_GetClock     can_lpc17xx.o
    0x000009c0   0x0000000c   Code   RO          536    i.CAN1_GetStatus    can_lpc17xx.o
    0x000009cc   0x00000012   Code   RO          537    i.CAN1_Initialize   can_lpc17xx.o
    0x000009de   0x0000001c   Code   RO          538    i.CAN1_MessageRead  can_lpc17xx.o
    0x000009fa   0x0000001c   Code   RO          539    i.CAN1_MessageSend  can_lpc17xx.o
    0x00000a16   0x00000012   Code   RO          540    i.CAN1_ObjectConfigure  can_lpc17xx.o
    0x00000a28   0x00000010   Code   RO          541    i.CAN1_ObjectGetCapabilities  can_lpc17xx.o
    0x00000a38   0x0000001c   Code   RO          542    i.CAN1_ObjectSetFilter  can_lpc17xx.o
    0x00000a54   0x0000000e   Code   RO          543    i.CAN1_PowerControl  can_lpc17xx.o
    0x00000a62   0x00000016   Code   RO          544    i.CAN1_SetBitrate   can_lpc17xx.o
    0x00000a78   0x0000000e   Code   RO          545    i.CAN1_SetMode      can_lpc17xx.o
    0x00000a86   0x0000000a   Code   RO          546    i.CAN1_Uninitialize  can_lpc17xx.o
    0x00000a90   0x00000012   Code   RO          547    i.CAN2_Control      can_lpc17xx.o
    0x00000aa2   0x0000000a   Code   RO          548    i.CAN2_GetClock     can_lpc17xx.o
    0x00000aac   0x0000000c   Code   RO          549    i.CAN2_GetStatus    can_lpc17xx.o
    0x00000ab8   0x00000012   Code   RO          550    i.CAN2_Initialize   can_lpc17xx.o
    0x00000aca   0x0000001c   Code   RO          551    i.CAN2_MessageRead  can_lpc17xx.o
    0x00000ae6   0x0000001c   Code   RO          552    i.CAN2_MessageSend  can_lpc17xx.o
    0x00000b02   0x00000012   Code   RO          553    i.CAN2_ObjectConfigure  can_lpc17xx.o
    0x00000b14   0x00000010   Code   RO          554    i.CAN2_ObjectGetCapabilities  can_lpc17xx.o
    0x00000b24   0x0000001c   Code   RO          555    i.CAN2_ObjectSetFilter  can_lpc17xx.o
    0x00000b40   0x0000000e   Code   RO          556    i.CAN2_PowerControl  can_lpc17xx.o
    0x00000b4e   0x00000016   Code   RO          557    i.CAN2_SetBitrate   can_lpc17xx.o
    0x00000b64   0x0000000e   Code   RO          558    i.CAN2_SetMode      can_lpc17xx.o
    0x00000b72   0x0000000a   Code   RO          559    i.CAN2_Uninitialize  can_lpc17xx.o
    0x00000b7c   0x0000000c   Code   RO          560    i.CAN_GetCapabilities  can_lpc17xx.o
    0x00000b88   0x00000010   Code   RO          561    i.CAN_GetVersion    can_lpc17xx.o
    0x00000b98   0x000001f0   Code   RO          562    i.CAN_IRQHandler    can_lpc17xx.o
    0x00000d88   0x00000438   Code   RO          563    i.CANx_AddFilter    can_lpc17xx.o
    0x000011c0   0x00000084   Code   RO          564    i.CANx_Control      can_lpc17xx.o
    0x00001244   0x000000a4   Code   RO          565    i.CANx_GetClock     can_lpc17xx.o
    0x000012e8   0x000000d8   Code   RO          566    i.CANx_GetStatus    can_lpc17xx.o
    0x000013c0   0x00000080   Code   RO          567    i.CANx_Initialize   can_lpc17xx.o
    0x00001440   0x000000b4   Code   RO          568    i.CANx_MessageRead  can_lpc17xx.o
    0x000014f4   0x00000240   Code   RO          569    i.CANx_MessageSend  can_lpc17xx.o
    0x00001734   0x00000090   Code   RO          570    i.CANx_ObjectConfigure  can_lpc17xx.o
    0x000017c4   0x0000002c   Code   RO          571    i.CANx_ObjectGetCapabilities  can_lpc17xx.o
    0x000017f0   0x000000a8   Code   RO          572    i.CANx_ObjectSetFilter  can_lpc17xx.o
    0x00001898   0x00000158   Code   RO          573    i.CANx_PowerControl  can_lpc17xx.o
    0x000019f0   0x000003f8   Code   RO          574    i.CANx_RemoveFilter  can_lpc17xx.o
    0x00001de8   0x0000005c   Code   RO          575    i.CANx_ResetRuntimeInfo  can_lpc17xx.o
    0x00001e44   0x00000138   Code   RO          576    i.CANx_SetBitrate   can_lpc17xx.o
    0x00001f7c   0x00000140   Code   RO          577    i.CANx_SetMode      can_lpc17xx.o
    0x000020bc   0x0000005c   Code   RO          578    i.CANx_Uninitialize  can_lpc17xx.o
    0x00002118   0x00000020   Code   RO           89    i.Callback_CAN_Receiver  gestion_can.o
    0x00002138   0x0000001c   Code   RO           90    i.Callback_CAN_Transmiter  gestion_can.o
    0x00002154   0x0000001c   Code   RO          145    i.Callback_USART    gestion gps.o
    0x00002170   0x00000020   Code   RO         1422    i.Clear_Channel_active_flag  gpdma_lpc17xx.o
    0x00002190   0x00000180   Code   RO         1423    i.DMA_IRQHandler    gpdma_lpc17xx.o
    0x00002310   0x0000003c   Code   RO          237    i.GLCD_ClearScreen  glcd_mcb1700.o
    0x0000234c   0x000000d0   Code   RO          240    i.GLCD_DrawChar     glcd_mcb1700.o
    0x0000241c   0x0000002c   Code   RO          244    i.GLCD_DrawString   glcd_mcb1700.o
    0x00002448   0x000005fe   Code   RO          248    i.GLCD_Initialize   glcd_mcb1700.o
    0x00002a46   0x00000002   PAD
    0x00002a48   0x00000010   Code   RO          249    i.GLCD_SetBackgroundColor  glcd_mcb1700.o
    0x00002a58   0x00000010   Code   RO          250    i.GLCD_SetFont      glcd_mcb1700.o
    0x00002a68   0x000000a0   Code   RO          252    i.GLCD_SetWindow    glcd_mcb1700.o
    0x00002b08   0x000000f4   Code   RO         1424    i.GPDMA_ChannelConfigure  gpdma_lpc17xx.o
    0x00002bfc   0x00000030   Code   RO         1425    i.GPDMA_ChannelDisable  gpdma_lpc17xx.o
    0x00002c2c   0x00000030   Code   RO         1427    i.GPDMA_ChannelGetCount  gpdma_lpc17xx.o
    0x00002c5c   0x000000b0   Code   RO         1429    i.GPDMA_Initialize  gpdma_lpc17xx.o
    0x00002d0c   0x00000044   Code   RO         1430    i.GPDMA_PeripheralSelect  gpdma_lpc17xx.o
    0x00002d50   0x00000080   Code   RO         1431    i.GPDMA_Uninitialize  gpdma_lpc17xx.o
    0x00002dd0   0x00000020   Code   RO         1512    i.GPIO_PinRead      gpio_lpc17xx.o
    0x00002df0   0x00000028   Code   RO         1513    i.GPIO_PinWrite     gpio_lpc17xx.o
    0x00002e18   0x0000002c   Code   RO         1514    i.GPIO_PortClock    gpio_lpc17xx.o
    0x00002e44   0x00000038   Code   RO         1517    i.GPIO_SetDir       gpio_lpc17xx.o
    0x00002e7c   0x00000030   Code   RO            1    i.Gestion_DFPLAYER  main.o
    0x00002eac   0x00000044   Code   RO          805    i.GetSSPClockFreq   ssp_lpc17xx.o
    0x00002ef0   0x00000044   Code   RO         1042    i.GetUsartClockFreq  uart_lpc17xx.o
    0x00002f34   0x00000058   Code   RO          173    i.Init_PWM_Lidar    gestion_lidar.o
    0x00002f8c   0x00000038   Code   RO          174    i.Init_UART0        gestion_lidar.o
    0x00002fc4   0x0000003c   Code   RO          146    i.Init_UART1        gestion gps.o
    0x00003000   0x00000028   Code   RO          147    i.Isolation_Donnee_GPS  gestion gps.o
    0x00003028   0x0000005c   Code   RO          421    i.LED_Initialize    led_mcb1700.o
    0x00003084   0x0000002c   Code   RO          422    i.LED_Off           led_mcb1700.o
    0x000030b0   0x0000002c   Code   RO          423    i.LED_On            led_mcb1700.o
    0x000030dc   0x000000d4   Code   RO          120    i.LectureDFPlayer   gestion_dfplayer.o
    0x000031b0   0x000000fc   Code   RO         1566    i.PIN_Configure     pin_lpc17xx.o
    0x000032ac   0x00000018   Code   RO          806    i.SSP0_Control      ssp_lpc17xx.o
    0x000032c4   0x00000014   Code   RO          807    i.SSP0_GPDMA_Rx_SignalEvent  ssp_lpc17xx.o
    0x000032d8   0x00000014   Code   RO          808    i.SSP0_GPDMA_Tx_SignalEvent  ssp_lpc17xx.o
    0x000032ec   0x00000010   Code   RO          809    i.SSP0_GetDataCount  ssp_lpc17xx.o
    0x000032fc   0x00000010   Code   RO          810    i.SSP0_GetStatus    ssp_lpc17xx.o
    0x0000330c   0x00000010   Code   RO          811    i.SSP0_IRQHandler   ssp_lpc17xx.o
    0x0000331c   0x00000014   Code   RO          812    i.SSP0_Initialize   ssp_lpc17xx.o
    0x00003330   0x00000014   Code   RO          813    i.SSP0_PowerControl  ssp_lpc17xx.o
    0x00003344   0x00000018   Code   RO          814    i.SSP0_Receive      ssp_lpc17xx.o
    0x0000335c   0x00000018   Code   RO          815    i.SSP0_Send         ssp_lpc17xx.o
    0x00003374   0x0000001c   Code   RO          816    i.SSP0_Transfer     ssp_lpc17xx.o
    0x00003390   0x00000010   Code   RO          817    i.SSP0_Uninitialize  ssp_lpc17xx.o
    0x000033a0   0x00000018   Code   RO          818    i.SSP1_Control      ssp_lpc17xx.o
    0x000033b8   0x00000014   Code   RO          819    i.SSP1_GPDMA_Rx_SignalEvent  ssp_lpc17xx.o
    0x000033cc   0x00000014   Code   RO          820    i.SSP1_GPDMA_Tx_SignalEvent  ssp_lpc17xx.o
    0x000033e0   0x00000010   Code   RO          821    i.SSP1_GetDataCount  ssp_lpc17xx.o
    0x000033f0   0x00000010   Code   RO          822    i.SSP1_GetStatus    ssp_lpc17xx.o
    0x00003400   0x00000010   Code   RO          823    i.SSP1_IRQHandler   ssp_lpc17xx.o
    0x00003410   0x00000014   Code   RO          824    i.SSP1_Initialize   ssp_lpc17xx.o
    0x00003424   0x00000014   Code   RO          825    i.SSP1_PowerControl  ssp_lpc17xx.o
    0x00003438   0x00000018   Code   RO          826    i.SSP1_Receive      ssp_lpc17xx.o
    0x00003450   0x00000018   Code   RO          827    i.SSP1_Send         ssp_lpc17xx.o
    0x00003468   0x0000001c   Code   RO          828    i.SSP1_Transfer     ssp_lpc17xx.o
    0x00003484   0x00000010   Code   RO          829    i.SSP1_Uninitialize  ssp_lpc17xx.o
    0x00003494   0x0000000c   Code   RO          830    i.SSP_GetCapabilities  ssp_lpc17xx.o
    0x000034a0   0x00000010   Code   RO          831    i.SSP_GetVersion    ssp_lpc17xx.o
    0x000034b0   0x0000051e   Code   RO          832    i.SSPx_Control      ssp_lpc17xx.o
    0x000039ce   0x00000036   Code   RO          833    i.SSPx_GPDMA_Rx_SignalEvent  ssp_lpc17xx.o
    0x00003a04   0x0000001c   Code   RO          834    i.SSPx_GPDMA_Tx_SignalEvent  ssp_lpc17xx.o
    0x00003a20   0x0000002c   Code   RO          835    i.SSPx_GetDataCount  ssp_lpc17xx.o
    0x00003a4c   0x0000005a   Code   RO          836    i.SSPx_GetStatus    ssp_lpc17xx.o
    0x00003aa6   0x00000104   Code   RO          837    i.SSPx_IRQHandler   ssp_lpc17xx.o
    0x00003baa   0x000000a8   Code   RO          838    i.SSPx_Initialize   ssp_lpc17xx.o
    0x00003c52   0x00000002   PAD
    0x00003c54   0x000001cc   Code   RO          839    i.SSPx_PowerControl  ssp_lpc17xx.o
    0x00003e20   0x0000015c   Code   RO          840    i.SSPx_Receive      ssp_lpc17xx.o
    0x00003f7c   0x00000154   Code   RO          841    i.SSPx_Send         ssp_lpc17xx.o
    0x000040d0   0x00000152   Code   RO          842    i.SSPx_Transfer     ssp_lpc17xx.o
    0x00004222   0x00000070   Code   RO          843    i.SSPx_Uninitialize  ssp_lpc17xx.o
    0x00004292   0x00000002   PAD
    0x00004294   0x00000038   Code   RO         1432    i.Set_Channel_active_flag  gpdma_lpc17xx.o
    0x000042cc   0x00000140   Code   RO         1613    i.SystemInit        system_lpc17xx.o
    0x0000440c   0x0000022c   Code   RO            2    i.Thread_CAN_Receiver  main.o
    0x00004638   0x00000068   Code   RO            3    i.Thread_CAN_Transmiter  main.o
    0x000046a0   0x000006c0   Code   RO            4    i.Thread_GPS        main.o
    0x00004d60   0x00000078   Code   RO            5    i.Thread_Gestion_Lidar  main.o
    0x00004dd8   0x00000010   Code   RO         1043    i.UART0_IRQHandler  uart_lpc17xx.o
    0x00004de8   0x00000010   Code   RO         1044    i.UART1_IRQHandler  uart_lpc17xx.o
    0x00004df8   0x00000010   Code   RO         1045    i.UART2_IRQHandler  uart_lpc17xx.o
    0x00004e08   0x00000018   Code   RO         1046    i.USART0_Control    uart_lpc17xx.o
    0x00004e20   0x00000014   Code   RO         1047    i.USART0_GPDMA_Rx_Event  uart_lpc17xx.o
    0x00004e34   0x00000014   Code   RO         1048    i.USART0_GPDMA_Tx_Event  uart_lpc17xx.o
    0x00004e48   0x00000010   Code   RO         1049    i.USART0_GetCapabilities  uart_lpc17xx.o
    0x00004e58   0x00000010   Code   RO         1050    i.USART0_GetModemStatus  uart_lpc17xx.o
    0x00004e68   0x00000010   Code   RO         1051    i.USART0_GetRxCount  uart_lpc17xx.o
    0x00004e78   0x00000010   Code   RO         1052    i.USART0_GetStatus  uart_lpc17xx.o
    0x00004e88   0x00000010   Code   RO         1053    i.USART0_GetTxCount  uart_lpc17xx.o
    0x00004e98   0x00000014   Code   RO         1054    i.USART0_Initialize  uart_lpc17xx.o
    0x00004eac   0x00000014   Code   RO         1055    i.USART0_PowerControl  uart_lpc17xx.o
    0x00004ec0   0x00000018   Code   RO         1056    i.USART0_Receive    uart_lpc17xx.o
    0x00004ed8   0x00000018   Code   RO         1057    i.USART0_Send       uart_lpc17xx.o
    0x00004ef0   0x00000014   Code   RO         1058    i.USART0_SetModemControl  uart_lpc17xx.o
    0x00004f04   0x0000001c   Code   RO         1059    i.USART0_Transfer   uart_lpc17xx.o
    0x00004f20   0x00000010   Code   RO         1060    i.USART0_Uninitialize  uart_lpc17xx.o
    0x00004f30   0x00000018   Code   RO         1061    i.USART1_Control    uart_lpc17xx.o
    0x00004f48   0x00000014   Code   RO         1062    i.USART1_GPDMA_Rx_Event  uart_lpc17xx.o
    0x00004f5c   0x00000014   Code   RO         1063    i.USART1_GPDMA_Tx_Event  uart_lpc17xx.o
    0x00004f70   0x00000010   Code   RO         1064    i.USART1_GetCapabilities  uart_lpc17xx.o
    0x00004f80   0x00000010   Code   RO         1065    i.USART1_GetModemStatus  uart_lpc17xx.o
    0x00004f90   0x00000010   Code   RO         1066    i.USART1_GetRxCount  uart_lpc17xx.o
    0x00004fa0   0x00000010   Code   RO         1067    i.USART1_GetStatus  uart_lpc17xx.o
    0x00004fb0   0x00000010   Code   RO         1068    i.USART1_GetTxCount  uart_lpc17xx.o
    0x00004fc0   0x00000014   Code   RO         1069    i.USART1_Initialize  uart_lpc17xx.o
    0x00004fd4   0x00000014   Code   RO         1070    i.USART1_PowerControl  uart_lpc17xx.o
    0x00004fe8   0x00000018   Code   RO         1071    i.USART1_Receive    uart_lpc17xx.o
    0x00005000   0x00000018   Code   RO         1072    i.USART1_Send       uart_lpc17xx.o
    0x00005018   0x00000014   Code   RO         1073    i.USART1_SetModemControl  uart_lpc17xx.o
    0x0000502c   0x0000001c   Code   RO         1074    i.USART1_Transfer   uart_lpc17xx.o
    0x00005048   0x00000010   Code   RO         1075    i.USART1_Uninitialize  uart_lpc17xx.o
    0x00005058   0x00000018   Code   RO         1076    i.USART2_Control    uart_lpc17xx.o
    0x00005070   0x00000014   Code   RO         1077    i.USART2_GPDMA_Rx_Event  uart_lpc17xx.o
    0x00005084   0x00000014   Code   RO         1078    i.USART2_GPDMA_Tx_Event  uart_lpc17xx.o
    0x00005098   0x00000010   Code   RO         1079    i.USART2_GetCapabilities  uart_lpc17xx.o
    0x000050a8   0x00000010   Code   RO         1080    i.USART2_GetModemStatus  uart_lpc17xx.o
    0x000050b8   0x00000010   Code   RO         1081    i.USART2_GetRxCount  uart_lpc17xx.o
    0x000050c8   0x00000010   Code   RO         1082    i.USART2_GetStatus  uart_lpc17xx.o
    0x000050d8   0x00000010   Code   RO         1083    i.USART2_GetTxCount  uart_lpc17xx.o
    0x000050e8   0x00000014   Code   RO         1084    i.USART2_Initialize  uart_lpc17xx.o
    0x000050fc   0x00000014   Code   RO         1085    i.USART2_PowerControl  uart_lpc17xx.o
    0x00005110   0x00000018   Code   RO         1086    i.USART2_Receive    uart_lpc17xx.o
    0x00005128   0x00000018   Code   RO         1087    i.USART2_Send       uart_lpc17xx.o
    0x00005140   0x00000014   Code   RO         1088    i.USART2_SetModemControl  uart_lpc17xx.o
    0x00005154   0x0000001c   Code   RO         1089    i.USART2_Transfer   uart_lpc17xx.o
    0x00005170   0x00000010   Code   RO         1090    i.USART2_Uninitialize  uart_lpc17xx.o
    0x00005180   0x00000670   Code   RO         1091    i.USART_Control     uart_lpc17xx.o
    0x000057f0   0x00000086   Code   RO         1092    i.USART_GPDMA_Rx_Event  uart_lpc17xx.o
    0x00005876   0x0000004a   Code   RO         1093    i.USART_GPDMA_Tx_Event  uart_lpc17xx.o
    0x000058c0   0x00000006   Code   RO         1094    i.USART_GetCapabilities  uart_lpc17xx.o
    0x000058c6   0x000000ec   Code   RO         1095    i.USART_GetModemStatus  uart_lpc17xx.o
    0x000059b2   0x0000001c   Code   RO         1096    i.USART_GetRxCount  uart_lpc17xx.o
    0x000059ce   0x000000bc   Code   RO         1097    i.USART_GetStatus   uart_lpc17xx.o
    0x00005a8a   0x0000001c   Code   RO         1098    i.USART_GetTxCount  uart_lpc17xx.o
    0x00005aa6   0x00000270   Code   RO         1099    i.USART_IRQHandler  uart_lpc17xx.o
    0x00005d16   0x000000fe   Code   RO         1100    i.USART_Initialize  uart_lpc17xx.o
    0x00005e14   0x00000264   Code   RO         1101    i.USART_PowerControl  uart_lpc17xx.o
    0x00006078   0x00000110   Code   RO         1102    i.USART_Receive     uart_lpc17xx.o
    0x00006188   0x00000068   Code   RO         1103    i.USART_RxLineIntHandler  uart_lpc17xx.o
    0x000061f0   0x0000019c   Code   RO         1104    i.USART_Send        uart_lpc17xx.o
    0x0000638c   0x00000134   Code   RO         1105    i.USART_SetBaudrate  uart_lpc17xx.o
    0x000064c0   0x000000a0   Code   RO         1106    i.USART_SetModemControl  uart_lpc17xx.o
    0x00006560   0x0000007a   Code   RO         1107    i.USART_Transfer    uart_lpc17xx.o
    0x000065da   0x000000e2   Code   RO         1108    i.USART_Uninitialize  uart_lpc17xx.o
    0x000066bc   0x00000010   Code   RO         1109    i.USARTx_GetVersion  uart_lpc17xx.o
    0x000066cc   0x0000001c   Code   RO          844    i.__NVIC_ClearPendingIRQ  ssp_lpc17xx.o
    0x000066e8   0x0000001c   Code   RO         1110    i.__NVIC_ClearPendingIRQ  uart_lpc17xx.o
    0x00006704   0x0000001c   Code   RO         1433    i.__NVIC_ClearPendingIRQ  gpdma_lpc17xx.o
    0x00006720   0x00000046   Code   RO         2742    i._init_box         RTX_CM3.lib(rt_membox.o)
    0x00006766   0x0000000e   Code   RO         2906    i._is_digit         c_w.l(__printf_wp.o)
    0x00006774   0x00000020   Code   RO          475    i._mutex_acquire    rtx_conf_cm.o
    0x00006794   0x0000001c   Code   RO          477    i._mutex_release    rtx_conf_cm.o
    0x000067b0   0x00000030   Code   RO         2795    i.dbg_init          RTX_CM3.lib(hal_cm.o)
    0x000067e0   0x00000020   Code   RO         2796    i.dbg_task_notify   RTX_CM3.lib(hal_cm.o)
    0x00006800   0x00000010   Code   RO         2797    i.dbg_task_switch   RTX_CM3.lib(hal_cm.o)
    0x00006810   0x00000030   Code   RO          255    i.delay_ms          glcd_mcb1700.o
    0x00006840   0x0000005c   Code   RO           91    i.init_CAN_Receiver  gestion_can.o
    0x0000689c   0x0000004c   Code   RO           92    i.init_CAN_Transmiter  gestion_can.o
    0x000068e8   0x000000c4   Code   RO          121    i.init_DFPlayer     gestion_dfplayer.o
    0x000069ac   0x00000038   Code   RO          122    i.init_UART2_DFPLAYER  gestion_dfplayer.o
    0x000069e4   0x0000002a   Code   RO         1648    i.isrMessageGet     RTX_CM3.lib(rt_cmsis.o)
    0x00006a0e   0x0000002c   Code   RO         1649    i.isrMessagePut     RTX_CM3.lib(rt_cmsis.o)
    0x00006a3a   0x00000024   Code   RO         1651    i.isrSignalSet      RTX_CM3.lib(rt_cmsis.o)
    0x00006a5e   0x00000002   PAD
    0x00006a60   0x00000028   Code   RO         2479    i.isr_evt_set       RTX_CM3.lib(rt_event.o)
    0x00006a88   0x00000056   Code   RO         2597    i.isr_mbx_receive   RTX_CM3.lib(rt_mailbox.o)
    0x00006ade   0x0000000e   Code   RO         2598    i.isr_mbx_send      RTX_CM3.lib(rt_mailbox.o)
    0x00006aec   0x000000d4   Code   RO            6    i.main              main.o
    0x00006bc0   0x00000018   Code   RO         1652    i.osDelay           RTX_CM3.lib(rt_cmsis.o)
    0x00006bd8   0x00000024   Code   RO         1653    i.osKernelInitialize  RTX_CM3.lib(rt_cmsis.o)
    0x00006bfc   0x0000006c   Code   RO         1655    i.osKernelStart     RTX_CM3.lib(rt_cmsis.o)
    0x00006c68   0x0000001c   Code   RO         1657    i.osMailAlloc       RTX_CM3.lib(rt_cmsis.o)
    0x00006c84   0x0000002c   Code   RO         1659    i.osMailCreate      RTX_CM3.lib(rt_cmsis.o)
    0x00006cb0   0x0000001c   Code   RO         1660    i.osMailFree        RTX_CM3.lib(rt_cmsis.o)
    0x00006ccc   0x00000016   Code   RO         1661    i.osMailGet         RTX_CM3.lib(rt_cmsis.o)
    0x00006ce2   0x00000014   Code   RO         1662    i.osMailPut         RTX_CM3.lib(rt_cmsis.o)
    0x00006cf6   0x00000002   PAD
    0x00006cf8   0x00000018   Code   RO         1664    i.osMessageGet      RTX_CM3.lib(rt_cmsis.o)
    0x00006d10   0x00000018   Code   RO         1665    i.osMessagePut      RTX_CM3.lib(rt_cmsis.o)
    0x00006d28   0x0000002c   Code   RO         1666    i.osMutexCreate     RTX_CM3.lib(rt_cmsis.o)
    0x00006d54   0x00000018   Code   RO         1668    i.osMutexRelease    RTX_CM3.lib(rt_cmsis.o)
    0x00006d6c   0x00000018   Code   RO         1669    i.osMutexWait       RTX_CM3.lib(rt_cmsis.o)
    0x00006d84   0x00000018   Code   RO         1679    i.osSignalSet       RTX_CM3.lib(rt_cmsis.o)
    0x00006d9c   0x00000018   Code   RO         1680    i.osSignalWait      RTX_CM3.lib(rt_cmsis.o)
    0x00006db4   0x0000002c   Code   RO         1681    i.osThreadCreate    RTX_CM3.lib(rt_cmsis.o)
    0x00006de0   0x00000018   Code   RO         1682    i.osThreadExit      RTX_CM3.lib(rt_cmsis.o)
    0x00006df8   0x0000000c   Code   RO         1688    i.osTimerCall       RTX_CM3.lib(rt_cmsis.o)
    0x00006e04   0x0000002c   Code   RO         1693    i.osTimerThread     RTX_CM3.lib(rt_cmsis.o)
    0x00006e30   0x00000022   Code   RO          478    i.os_error          rtx_conf_cm.o
    0x00006e52   0x00000004   Code   RO          479    i.os_idle_demon     rtx_conf_cm.o
    0x00006e56   0x00000002   PAD
    0x00006e58   0x00000028   Code   RO         2389    i.os_tick_init      RTX_CM3.lib(rt_system.o)
    0x00006e80   0x00000002   Code   RO         2390    i.os_tick_irqack    RTX_CM3.lib(rt_system.o)
    0x00006e82   0x00000002   PAD
    0x00006e84   0x000000c8   Code   RO          256    i.rd_id_man         glcd_mcb1700.o
    0x00006f4c   0x0000001a   Code   RO         2743    i.rt_alloc_box      RTX_CM3.lib(rt_membox.o)
    0x00006f66   0x0000003e   Code   RO         2771    i.rt_alloc_mem      RTX_CM3.lib(rt_memory.o)
    0x00006fa4   0x00000038   Code   RO         2270    i.rt_block          RTX_CM3.lib(rt_task.o)
    0x00006fdc   0x00000048   Code   RO         2720    i.rt_chk_robin      RTX_CM3.lib(rt_robin.o)
    0x00007024   0x00000070   Code   RO         2521    i.rt_dec_dly        RTX_CM3.lib(rt_list.o)
    0x00007094   0x00000044   Code   RO         2271    i.rt_dispatch       RTX_CM3.lib(rt_task.o)
    0x000070d8   0x00000006   Code   RO         2687    i.rt_dly_wait       RTX_CM3.lib(rt_time.o)
    0x000070de   0x00000002   PAD
    0x000070e0   0x00000050   Code   RO         2482    i.rt_evt_psh        RTX_CM3.lib(rt_event.o)
    0x00007130   0x0000005c   Code   RO         2483    i.rt_evt_set        RTX_CM3.lib(rt_event.o)
    0x0000718c   0x0000003c   Code   RO         2484    i.rt_evt_wait       RTX_CM3.lib(rt_event.o)
    0x000071c8   0x0000002c   Code   RO         2744    i.rt_free_box       RTX_CM3.lib(rt_membox.o)
    0x000071f4   0x00000028   Code   RO         2772    i.rt_free_mem       RTX_CM3.lib(rt_memory.o)
    0x0000721c   0x00000028   Code   RO         2522    i.rt_get_first      RTX_CM3.lib(rt_list.o)
    0x00007244   0x00000008   Code   RO         1698    i.rt_id2obj         RTX_CM3.lib(rt_cmsis.o)
    0x0000724c   0x00000048   Code   RO         2272    i.rt_init_context   RTX_CM3.lib(rt_task.o)
    0x00007294   0x0000001a   Code   RO         2773    i.rt_init_mem       RTX_CM3.lib(rt_memory.o)
    0x000072ae   0x00000002   PAD
    0x000072b0   0x00000018   Code   RO         2721    i.rt_init_robin     RTX_CM3.lib(rt_robin.o)
    0x000072c8   0x00000080   Code   RO         2798    i.rt_init_stack     RTX_CM3.lib(hal_cm.o)
    0x00007348   0x00000008   Code   RO         2599    i.rt_mbx_check      RTX_CM3.lib(rt_mailbox.o)
    0x00007350   0x0000001a   Code   RO         2600    i.rt_mbx_init       RTX_CM3.lib(rt_mailbox.o)
    0x0000736a   0x00000002   PAD
    0x0000736c   0x000000f0   Code   RO         2601    i.rt_mbx_psh        RTX_CM3.lib(rt_mailbox.o)
    0x0000745c   0x00000098   Code   RO         2602    i.rt_mbx_send       RTX_CM3.lib(rt_mailbox.o)
    0x000074f4   0x000000b4   Code   RO         2603    i.rt_mbx_wait       RTX_CM3.lib(rt_mailbox.o)
    0x000075a8   0x00000044   Code   RO         1699    i.rt_ms2tick        RTX_CM3.lib(rt_cmsis.o)
    0x000075ec   0x00000010   Code   RO         2355    i.rt_mut_init       RTX_CM3.lib(rt_mutex.o)
    0x000075fc   0x000000d8   Code   RO         2356    i.rt_mut_release    RTX_CM3.lib(rt_mutex.o)
    0x000076d4   0x00000078   Code   RO         2357    i.rt_mut_wait       RTX_CM3.lib(rt_mutex.o)
    0x0000774c   0x0000007c   Code   RO         2393    i.rt_pop_req        RTX_CM3.lib(rt_system.o)
    0x000077c8   0x00000020   Code   RO         2394    i.rt_psh_req        RTX_CM3.lib(rt_system.o)
    0x000077e8   0x0000005c   Code   RO         2524    i.rt_psq_enq        RTX_CM3.lib(rt_list.o)
    0x00007844   0x00000048   Code   RO         2525    i.rt_put_dly        RTX_CM3.lib(rt_list.o)
    0x0000788c   0x00000036   Code   RO         2526    i.rt_put_prio       RTX_CM3.lib(rt_list.o)
    0x000078c2   0x00000002   PAD
    0x000078c4   0x00000014   Code   RO         2527    i.rt_put_rdy_first  RTX_CM3.lib(rt_list.o)
    0x000078d8   0x00000034   Code   RO         2528    i.rt_resort_prio    RTX_CM3.lib(rt_list.o)
    0x0000790c   0x00000006   Code   RO         2799    i.rt_ret_val        RTX_CM3.lib(hal_cm.o)
    0x00007912   0x00000008   Code   RO         2800    i.rt_ret_val2       RTX_CM3.lib(hal_cm.o)
    0x0000791a   0x00000028   Code   RO         2529    i.rt_rmv_dly        RTX_CM3.lib(rt_list.o)
    0x00007942   0x00000002   PAD
    0x00007944   0x00000030   Code   RO         2530    i.rt_rmv_list       RTX_CM3.lib(rt_list.o)
    0x00007974   0x00000034   Code   RO         2648    i.rt_sem_psh        RTX_CM3.lib(rt_semaphore.o)
    0x000079a8   0x00000024   Code   RO         2396    i.rt_stk_check      RTX_CM3.lib(rt_system.o)
    0x000079cc   0x00000028   Code   RO         2273    i.rt_switch_req     RTX_CM3.lib(rt_task.o)
    0x000079f4   0x000000cc   Code   RO         2274    i.rt_sys_init       RTX_CM3.lib(rt_task.o)
    0x00007ac0   0x00000078   Code   RO         2275    i.rt_sys_start      RTX_CM3.lib(rt_task.o)
    0x00007b38   0x00000040   Code   RO         2398    i.rt_systick        RTX_CM3.lib(rt_system.o)
    0x00007b78   0x00000012   Code   RO         1700    i.rt_tid2ptcb       RTX_CM3.lib(rt_cmsis.o)
    0x00007b8a   0x00000002   PAD
    0x00007b8c   0x00000034   Code   RO         1701    i.rt_timer_insert   RTX_CM3.lib(rt_cmsis.o)
    0x00007bc0   0x00000088   Code   RO         2276    i.rt_tsk_create     RTX_CM3.lib(rt_task.o)
    0x00007c48   0x0000017c   Code   RO         2277    i.rt_tsk_delete     RTX_CM3.lib(rt_task.o)
    0x00007dc4   0x0000007c   Code   RO         2279    i.rt_tsk_prio       RTX_CM3.lib(rt_task.o)
    0x00007e40   0x00000010   Code   RO         2280    i.rt_tsk_self       RTX_CM3.lib(rt_task.o)
    0x00007e50   0x0000002c   Code   RO          257    i.spi_tran          glcd_mcb1700.o
    0x00007e7c   0x00000088   Code   RO          258    i.spi_tran_man      glcd_mcb1700.o
    0x00007f04   0x00000012   Code   RO         1703    i.svcDelay          RTX_CM3.lib(rt_cmsis.o)
    0x00007f16   0x00000002   PAD
    0x00007f18   0x00000070   Code   RO         1704    i.svcKernelInitialize  RTX_CM3.lib(rt_cmsis.o)
    0x00007f88   0x00000048   Code   RO         1706    i.svcKernelStart    RTX_CM3.lib(rt_cmsis.o)
    0x00007fd0   0x00000042   Code   RO         1708    i.svcMailCreate     RTX_CM3.lib(rt_cmsis.o)
    0x00008012   0x00000024   Code   RO         1709    i.svcMessageCreate  RTX_CM3.lib(rt_cmsis.o)
    0x00008036   0x0000003a   Code   RO         1710    i.svcMessageGet     RTX_CM3.lib(rt_cmsis.o)
    0x00008070   0x00000036   Code   RO         1711    i.svcMessagePut     RTX_CM3.lib(rt_cmsis.o)
    0x000080a6   0x0000001c   Code   RO         1712    i.svcMutexCreate    RTX_CM3.lib(rt_cmsis.o)
    0x000080c2   0x00000022   Code   RO         1714    i.svcMutexRelease   RTX_CM3.lib(rt_cmsis.o)
    0x000080e4   0x0000003a   Code   RO         1715    i.svcMutexWait      RTX_CM3.lib(rt_cmsis.o)
    0x0000811e   0x00000024   Code   RO         1722    i.svcSignalSet      RTX_CM3.lib(rt_cmsis.o)
    0x00008142   0x00000002   PAD
    0x00008144   0x00000054   Code   RO         1723    i.svcSignalWait     RTX_CM3.lib(rt_cmsis.o)
    0x00008198   0x0000006c   Code   RO         1724    i.svcThreadCreate   RTX_CM3.lib(rt_cmsis.o)
    0x00008204   0x0000001c   Code   RO         1725    i.svcThreadGetId    RTX_CM3.lib(rt_cmsis.o)
    0x00008220   0x00000038   Code   RO         1728    i.svcThreadTerminate  RTX_CM3.lib(rt_cmsis.o)
    0x00008258   0x00000018   Code   RO         1730    i.svcTimerCall      RTX_CM3.lib(rt_cmsis.o)
    0x00008270   0x00000058   Code   RO         1735    i.sysMailAlloc      RTX_CM3.lib(rt_cmsis.o)
    0x000082c8   0x00000060   Code   RO         1736    i.sysMailFree       RTX_CM3.lib(rt_cmsis.o)
    0x00008328   0x0000005c   Code   RO         1739    i.sysTimerTick      RTX_CM3.lib(rt_cmsis.o)
    0x00008384   0x0000004c   Code   RO          259    i.wr_cmd            glcd_mcb1700.o
    0x000083d0   0x00000034   Code   RO          260    i.wr_dat_only       glcd_mcb1700.o
    0x00008404   0x00000018   Code   RO          261    i.wr_dat_start      glcd_mcb1700.o
    0x0000841c   0x00000014   Code   RO          262    i.wr_dat_stop       glcd_mcb1700.o
    0x00008430   0x00000090   Code   RO          263    i.wr_reg            glcd_mcb1700.o
    0x000084c0   0x00000062   Code   RO         2930    x$fpl$d2f           fz_ws.l(d2f.o)
    0x00008522   0x00000002   PAD
    0x00008524   0x00000150   Code   RO         2932    x$fpl$dadd          fz_ws.l(daddsub_clz.o)
    0x00008674   0x00000018   Code   RO         2986    x$fpl$dcmpinf       fz_ws.l(dcmpi.o)
    0x0000868c   0x000002b0   Code   RO         2939    x$fpl$ddiv          fz_ws.l(ddiv.o)
    0x0000893c   0x0000005e   Code   RO         2942    x$fpl$dfix          fz_ws.l(dfix.o)
    0x0000899a   0x00000002   PAD
    0x0000899c   0x00000078   Code   RO         2946    x$fpl$dleqf         fz_ws.l(dleqf.o)
    0x00008a14   0x00000154   Code   RO         2948    x$fpl$dmul          fz_ws.l(dmul.o)
    0x00008b68   0x0000009c   Code   RO         2988    x$fpl$dnaninf       fz_ws.l(dnaninf.o)
    0x00008c04   0x0000000c   Code   RO         2990    x$fpl$dretinf       fz_ws.l(dretinf.o)
    0x00008c10   0x0000006c   Code   RO         2950    x$fpl$drleqf        fz_ws.l(drleqf.o)
    0x00008c7c   0x000001d4   Code   RO         2934    x$fpl$dsub          fz_ws.l(daddsub_clz.o)
    0x00008e50   0x00000056   Code   RO         2952    x$fpl$f2d           fz_ws.l(f2d.o)
    0x00008ea6   0x00000002   PAD
    0x00008ea8   0x000000c4   Code   RO         2954    x$fpl$fadd          fz_ws.l(faddsub_clz.o)
    0x00008f6c   0x00000030   Code   RO         2961    x$fpl$fflt          fz_ws.l(fflt_clz.o)
    0x00008f9c   0x00000026   Code   RO         2960    x$fpl$ffltu         fz_ws.l(fflt_clz.o)
    0x00008fc2   0x00000002   PAD
    0x00008fc4   0x00000102   Code   RO         2966    x$fpl$fmul          fz_ws.l(fmul.o)
    0x000090c6   0x0000008c   Code   RO         2992    x$fpl$fnaninf       fz_ws.l(fnaninf.o)
    0x00009152   0x0000000a   Code   RO         2994    x$fpl$fretinf       fz_ws.l(fretinf.o)
    0x0000915c   0x000000ea   Code   RO         2956    x$fpl$fsub          fz_ws.l(faddsub_clz.o)
    0x00009246   0x00000000   Code   RO         2996    x$fpl$usenofp       fz_ws.l(usenofp.o)
    0x00009246   0x00000002   PAD
    0x00009248   0x0000006c   Data   RO            8    .constdata          main.o
    0x000092b4   0x000018a0   Data   RO          225    .constdata          glcd_fonts.o
    0x0000ab54   0x00000008   Data   RO          264    .constdata          glcd_mcb1700.o
    0x0000ab5c   0x00000010   Data   RO          426    .constdata          led_mcb1700.o
    0x0000ab6c   0x00000068   Data   RO          481    .constdata          rtx_conf_cm.o
    0x0000abd4   0x00000090   Data   RO          579    .constdata          can_lpc17xx.o
    0x0000ac64   0x000000fc   Data   RO          846    .constdata          ssp_lpc17xx.o
    0x0000ad60   0x00000334   Data   RO         1112    .constdata          uart_lpc17xx.o
    0x0000b094   0x00000028   Data   RO         2879    .constdata          c_w.l(_printf_hex_int.o)
    0x0000b0bc   0x00000011   Data   RO         2909    .constdata          c_w.l(__printf_flags_wp.o)
    0x0000b0cd   0x00000003   PAD
    0x0000b0d0   0x00000020   Data   RO         3149    Region$$Table       anon$$obj.o


    Execution Region RW_IRAM1 (Base: 0x10000000, Size: 0x00002210, Max: 0x00008000, ABSOLUTE)

    Base Addr    Size         Type   Attr      Idx    E Section Name        Object

    0x10000000   0x00000034   Data   RW            9    .data               main.o
    0x10000034   0x00000009   Data   RW          265    .data               glcd_mcb1700.o
    0x1000003d   0x00000003   PAD
    0x10000040   0x00000014   Data   RW          482    .data               rtx_conf_cm.o
    0x10000054   0x00000028   Data   RW          580    .data               can_lpc17xx.o
    0x1000007c   0x00000008   Data   RW          847    .data               ssp_lpc17xx.o
    0x10000084   0x00000008   Data   RW         1435    .data               gpdma_lpc17xx.o
    0x1000008c   0x00000004   Data   RW         1614    .data               system_lpc17xx.o
    0x10000090   0x00000008   Data   RW         1742    .data               RTX_CM3.lib(rt_cmsis.o)
    0x10000098   0x00000008   Data   RW         2282    .data               RTX_CM3.lib(rt_task.o)
    0x100000a0   0x00000008   Data   RW         2401    .data               RTX_CM3.lib(rt_system.o)
    0x100000a8   0x00000004   Data   RW         2691    .data               RTX_CM3.lib(rt_time.o)
    0x100000ac   0x00000008   Data   RW         2722    .data               RTX_CM3.lib(rt_robin.o)
    0x100000b4   0x00000001   Data   RW         2801    .data               RTX_CM3.lib(hal_cm.o)
    0x100000b5   0x00000003   PAD
    0x100000b8   0x000000cc   Zero   RW            7    .bss                main.o
    0x10000184   0x00000004   PAD
    0x10000188   0x00001c30   Zero   RW          480    .bss                rtx_conf_cm.o
    0x10001db8   0x00000058   Zero   RW          845    .bss                ssp_lpc17xx.o
    0x10001e10   0x0000009c   Zero   RW         1111    .bss                uart_lpc17xx.o
    0x10001eac   0x000000a0   Zero   RW         1434    .bss                gpdma_lpc17xx.o
    0x10001f4c   0x00000034   Zero   RW         2281    .bss                RTX_CM3.lib(rt_task.o)
    0x10001f80   0x00000030   Zero   RW         2531    .bss                RTX_CM3.lib(rt_list.o)
    0x10001fb0   0x00000060   Zero   RW         2859    .bss                c_w.l(libspace.o)
    0x10002010   0x00000000   Zero   RW         1600    HEAP                startup_lpc17xx.o
    0x10002010   0x00000200   Zero   RW         1599    STACK               startup_lpc17xx.o


==============================================================================

Image component sizes


      Code (inc. data)   RO Data    RW Data    ZI Data      Debug   Object Name

      6004        288        144         40          0      59061   can_lpc17xx.o
       128         12          0          0          0       1497   gestion gps.o
       228         42          0          0          0       1964   gestion_can.o
       464         36          0          0          0       1676   gestion_dfplayer.o
       144         18          0          0          0      17618   gestion_lidar.o
         0          0       6304          0          0        736   glcd_fonts.o
      2782        104          8          9          0      16786   glcd_mcb1700.o
      1212         94          0          8        160       8082   gpdma_lpc17xx.o
       172         18          0          0          0       2294   gpio_lpc17xx.o
       180         12         16          0          0       2492   led_mcb1700.o
      2768        406        108         52        204      28156   main.o
       252          6          0          0          0        804   pin_lpc17xx.o
       126         26        104         20       7216       9059   rtx_conf_cm.o
      4164        176        252          8         88      33382   ssp_lpc17xx.o
        64         26        204          0        512       1004   startup_lpc17xx.o
       320         18          0          4          0        811   system_lpc17xx.o
      6484        332        820          0        156      50189   uart_lpc17xx.o

    ----------------------------------------------------------------------
     25500       1614       7992        144       8340     235611   Object Totals
         0          0         32          0          0          0   (incl. Generated)
         8          0          0          3          4          0   (incl. Padding)

    ----------------------------------------------------------------------

      Code (inc. data)   RO Data    RW Data    ZI Data      Debug   Library Member Name

       238         24          0          1          0       3268   hal_cm.o
       304         36          0          0          0        760   hal_cm3.o
      2038        210          0          8          0      47073   rt_cmsis.o
       272         18          0          0          0       2618   rt_event.o
       530         34          0          0         48       8169   rt_list.o
       706         14          0          0          0       4731   rt_mailbox.o
       140          0          0          0          0       1901   rt_membox.o
       128          0          0          0          0       2275   rt_memory.o
       352         14          0          0          0       2085   rt_mutex.o
        96         22          0          8          0       1134   rt_robin.o
        52          4          0          0          0        565   rt_semaphore.o
       298         52          0          8          0       6151   rt_system.o
      1216        174          0          8         52       9565   rt_task.o
         6          0          0          4          0        644   rt_time.o
         4          4          0          0          0        200   svc_table.o
         8          0          0          0          0         68   __main.o
       312          4         17          0          0         92   __printf_flags_wp.o
        14          0          0          0          0         68   __printf_wp.o
         0          0          0          0          0          0   __rtentry.o
        20          0          0          0          0          0   __rtentry2.o
         6          0          0          0          0          0   __rtentry4.o
        52          8          0          0          0          0   __scatter.o
        26          0          0          0          0          0   __scatter_copy.o
        28          0          0          0          0          0   __scatter_zi.o
        44          0          0          0          0        108   _printf_char.o
        48          6          0          0          0         96   _printf_char_common.o
         6          0          0          0          0          0   _printf_d.o
       120         16          0          0          0         92   _printf_dec.o
        88          4         40          0          0         88   _printf_hex_int.o
       178          0          0          0          0         88   _printf_intcommon.o
        78          0          0          0          0        108   _printf_pad.o
         0          0          0          0          0          0   _printf_percent.o
         4          0          0          0          0          0   _printf_percent_end.o
         6          0          0          0          0          0   _printf_s.o
        82          0          0          0          0         80   _printf_str.o
         6          0          0          0          0          0   _printf_x.o
        10          0          0          0          0         68   _sputc.o
        18          0          0          0          0         80   exit.o
         6          0          0          0          0        152   heapauxi.o
         0          0          0          0          0          0   indicate_semi.o
         2          0          0          0          0          0   libinit.o
         2          0          0          0          0          0   libinit2.o
         2          0          0          0          0          0   libshutdown.o
         2          0          0          0          0          0   libshutdown2.o
         8          4          0          0         96         68   libspace.o
       238          0          0          0          0        100   lludivv7m.o
        40          6          0          0          0         84   noretval__2sprintf.o
        78          0          0          0          0         80   rt_memclr_w.o
       138          0          0          0          0         68   rt_memcpy_v6.o
       100          0          0          0          0         80   rt_memcpy_w.o
         2          0          0          0          0          0   rtexit.o
        10          0          0          0          0          0   rtexit2.o
        12          4          0          0          0         68   sys_exit.o
        74          0          0          0          0         80   sys_stackheap_outer.o
         2          0          0          0          0         68   use_no_semi.o
        98          4          0          0          0         92   d2f.o
       804         16          0          0          0        272   daddsub_clz.o
        24          0          0          0          0         68   dcmpi.o
       688        140          0          0          0        208   ddiv.o
        94          4          0          0          0         92   dfix.o
       120          4          0          0          0         92   dleqf.o
       340         12          0          0          0        104   dmul.o
       156          4          0          0          0         92   dnaninf.o
        12          0          0          0          0         68   dretinf.o
       108          0          0          0          0         80   drleqf.o
        86          4          0          0          0         84   f2d.o
       430          8          0          0          0        168   faddsub_clz.o
        86          0          0          0          0        136   fflt_clz.o
       258          4          0          0          0         84   fmul.o
       140          4          0          0          0         84   fnaninf.o
        10          0          0          0          0         68   fretinf.o
         0          0          0          0          0          0   usenofp.o

    ----------------------------------------------------------------------
     11744        862         60         40        196      94815   Library Totals
        40          0          3          3          0          0   (incl. Padding)

    ----------------------------------------------------------------------

      Code (inc. data)   RO Data    RW Data    ZI Data      Debug   Library Name

      6380        606          0         37        100      91139   RTX_CM3.lib
      1870         52         57          0         96       1884   c_w.l
      3454        204          0          0          0       1792   fz_ws.l

    ----------------------------------------------------------------------
     11744        862         60         40        196      94815   Library Totals

    ----------------------------------------------------------------------

==============================================================================


      Code (inc. data)   RO Data    RW Data    ZI Data      Debug   

     37244       2476       8052        184       8536     312690   Grand Totals
     37244       2476       8052        184       8536     312690   ELF Image Totals
     37244       2476       8052        184          0          0   ROM Totals

==============================================================================

    Total RO  Size (Code + RO Data)                45296 (  44.23kB)
    Total RW  Size (RW Data + ZI Data)              8720 (   8.52kB)
    Total ROM Size (Code + RO Data + RW Data)      45480 (  44.41kB)

==============================================================================

