Component: ARM Compiler 5.06 update 1 (build 61) Tool: armlink [4d35a8]

==============================================================================

Section Cross References

    main.o(i.Gestion_DFPLAYER) refers to rt_cmsis.o(i.osMailGet) for osMailGet
    main.o(i.Gestion_DFPLAYER) refers to rt_cmsis.o(i.osMailFree) for osMailFree
    main.o(i.Gestion_DFPLAYER) refers to gestion_dfplayer.o(i.LectureDFPlayer) for LectureDFPlayer
    main.o(i.Gestion_DFPLAYER) refers to main.o(.data) for ID_BAL_DFPLAYER
    main.o(i.Thread_CAN_Receiver) refers to _printf_percent.o(.ARM.Collect$$_printf_percent$$00000000) for _printf_percent
    main.o(i.Thread_CAN_Receiver) refers to _printf_x.o(.ARM.Collect$$_printf_percent$$0000000C) for _printf_x
    main.o(i.Thread_CAN_Receiver) refers to _printf_hex_int.o(.text) for _printf_longlong_hex
    main.o(i.Thread_CAN_Receiver) refers to _printf_d.o(.ARM.Collect$$_printf_percent$$00000009) for _printf_d
    main.o(i.Thread_CAN_Receiver) refers to _printf_dec.o(.text) for _printf_int_dec
    main.o(i.Thread_CAN_Receiver) refers to rt_cmsis.o(i.osSignalWait) for osSignalWait
    main.o(i.Thread_CAN_Receiver) refers to led_mcb1700.o(i.LED_On) for LED_On
    main.o(i.Thread_CAN_Receiver) refers to noretval__2sprintf.o(.text) for __2sprintf
    main.o(i.Thread_CAN_Receiver) refers to glcd_mcb1700.o(i.GLCD_DrawString) for GLCD_DrawString
    main.o(i.Thread_CAN_Receiver) refers to can_lpc17xx.o(.constdata) for Driver_CAN1
    main.o(i.Thread_CAN_Transmiter) refers to rt_cmsis.o(i.osMailGet) for osMailGet
    main.o(i.Thread_CAN_Transmiter) refers to rt_cmsis.o(i.osMailFree) for osMailFree
    main.o(i.Thread_CAN_Transmiter) refers to led_mcb1700.o(i.LED_On) for LED_On
    main.o(i.Thread_CAN_Transmiter) refers to rt_cmsis.o(i.osSignalWait) for osSignalWait
    main.o(i.Thread_CAN_Transmiter) refers to rt_cmsis.o(i.osDelay) for osDelay
    main.o(i.Thread_CAN_Transmiter) refers to main.o(.data) for ID_BAL_CAN
    main.o(i.Thread_CAN_Transmiter) refers to can_lpc17xx.o(.constdata) for Driver_CAN2
    main.o(i.Thread_GPS) refers to gestion gps.o(i.Isolation_Donnee_GPS) for Isolation_Donnee_GPS
    main.o(i.Thread_GPS) refers to fflt_clz.o(x$fpl$ffltu) for __aeabi_ui2f
    main.o(i.Thread_GPS) refers to fmul.o(x$fpl$fmul) for __aeabi_fmul
    main.o(i.Thread_GPS) refers to f2d.o(x$fpl$f2d) for __aeabi_f2d
    main.o(i.Thread_GPS) refers to dmul.o(x$fpl$dmul) for __aeabi_dmul
    main.o(i.Thread_GPS) refers to fflt_clz.o(x$fpl$fflt) for __aeabi_i2f
    main.o(i.Thread_GPS) refers to faddsub_clz.o(x$fpl$fadd) for __aeabi_fadd
    main.o(i.Thread_GPS) refers to daddsub_clz.o(x$fpl$dadd) for __aeabi_dadd
    main.o(i.Thread_GPS) refers to d2f.o(x$fpl$d2f) for __aeabi_d2f
    main.o(i.Thread_GPS) refers to daddsub_clz.o(x$fpl$dsub) for __aeabi_dsub
    main.o(i.Thread_GPS) refers to ddiv.o(x$fpl$ddiv) for __aeabi_ddiv
    main.o(i.Thread_GPS) refers to dfix.o(x$fpl$dfix) for __aeabi_d2iz
    main.o(i.Thread_GPS) refers to drleqf.o(x$fpl$drleqf) for __aeabi_cdrcmple
    main.o(i.Thread_GPS) refers to uart_lpc17xx.o(.constdata) for Driver_USART1
    main.o(i.Thread_GPS) refers to dleqf.o(x$fpl$dleqf) for __aeabi_cdcmple
    main.o(i.Thread_GPS) refers to rt_cmsis.o(i.osMailAlloc) for osMailAlloc
    main.o(i.Thread_GPS) refers to rt_cmsis.o(i.osMailPut) for osMailPut
    main.o(i.Thread_GPS) refers to led_mcb1700.o(i.LED_On) for LED_On
    main.o(i.Thread_GPS) refers to rt_cmsis.o(i.osDelay) for osDelay
    main.o(i.Thread_GPS) refers to led_mcb1700.o(i.LED_Off) for LED_Off
    main.o(i.Thread_GPS) refers to main.o(.data) for ID_BAL_CAN
    main.o(i.main) refers to gestion_can.o(i.init_CAN_Transmiter) for init_CAN_Transmiter
    main.o(i.main) refers to gestion_can.o(i.init_CAN_Receiver) for init_CAN_Receiver
    main.o(i.main) refers to gestion_dfplayer.o(i.init_UART2_DFPLAYER) for init_UART2_DFPLAYER
    main.o(i.main) refers to gestion_dfplayer.o(i.init_DFPlayer) for init_DFPlayer
    main.o(i.main) refers to glcd_mcb1700.o(i.GLCD_Initialize) for GLCD_Initialize
    main.o(i.main) refers to glcd_mcb1700.o(i.GLCD_SetBackgroundColor) for GLCD_SetBackgroundColor
    main.o(i.main) refers to glcd_mcb1700.o(i.GLCD_ClearScreen) for GLCD_ClearScreen
    main.o(i.main) refers to glcd_mcb1700.o(i.GLCD_SetFont) for GLCD_SetFont
    main.o(i.main) refers to gestion gps.o(i.Init_UART1) for Init_UART1
    main.o(i.main) refers to led_mcb1700.o(i.LED_Initialize) for LED_Initialize
    main.o(i.main) refers to rt_cmsis.o(i.osKernelInitialize) for osKernelInitialize
    main.o(i.main) refers to rt_cmsis.o(i.osThreadCreate) for osThreadCreate
    main.o(i.main) refers to rt_cmsis.o(i.osMailCreate) for osMailCreate
    main.o(i.main) refers to rt_cmsis.o(i.osKernelStart) for osKernelStart
    main.o(i.main) refers to glcd_fonts.o(.constdata) for GLCD_Font_16x24
    main.o(i.main) refers to main.o(.constdata) for os_thread_def_Thread_CAN_Transmiter
[...]
    STACK                                    0x10002020   Section      512  startup_lpc17xx.o(STACK)
    Heap_Mem                                 0x10002020   Data           0  startup_lpc17xx.o(HEAP)
    Stack_Mem                                0x10002020   Data         512  startup_lpc17xx.o(STACK)
    __initial_sp                             0x10002220   Data           0  startup_lpc17xx.o(STACK)

    Global Symbols

    Symbol Name                              Value     Ov Type        Size  Object(Section)

    BuildAttributes$$THM_ISAv4$P$D$K$B$S$PE$A:L22UL41UL21$X:L11$S22US41US21$IEEE1$IW$USESV6$~STKCKD$USESV7$~SHL$OSPACE$ROPI$EBA8$UX$STANDARDLIB$REQ8$PRES8$EABIv2 0x00000000   Number         0  anon$$obj.o ABSOLUTE
    __ARM_use_no_argv                        0x00000000   Number         0  main.o ABSOLUTE
    __Vectors                                0x00000000   Data           4  startup_lpc17xx.o(RESET)
    _printf_flags                            0x00000000   Number         0  printf_stubs.o ABSOLUTE
    _printf_return_value                     0x00000000   Number         0  printf_stubs.o ABSOLUTE
    _printf_sizespec                         0x00000000   Number         0  printf_stubs.o ABSOLUTE
    _printf_widthprec                        0x00000000   Number         0  printf_stubs.o ABSOLUTE
    __ARM_exceptions_init                     - Undefined Weak Reference
    __alloca_initialize                       - Undefined Weak Reference
    __arm_preinit_                            - Undefined Weak Reference
    __cpp_initialize__aeabi_                  - Undefined Weak Reference
    __cxa_finalize                            - Undefined Weak Reference
    __rt_locale                               - Undefined Weak Reference
    __sigvec_lookup                           - Undefined Weak Reference
    _atexit_init                              - Undefined Weak Reference
    _call_atexit_fns                          - Undefined Weak Reference
    _clock_init                               - Undefined Weak Reference
    _fp_trap_init                             - Undefined Weak Reference
    _fp_trap_shutdown                         - Undefined Weak Reference
    _get_lc_collate                           - Undefined Weak Reference
    _get_lc_ctype                             - Undefined Weak Reference
    _get_lc_monetary                          - Undefined Weak Reference
    _get_lc_numeric                           - Undefined Weak Reference
    _get_lc_time                              - Undefined Weak Reference
    _getenv_init                              - Undefined Weak Reference
    _handle_redirection                       - Undefined Weak Reference
    _init_alloc                               - Undefined Weak Reference
    _init_user_alloc                          - Undefined Weak Reference
    _initio                                   - Undefined Weak Reference
    _printf_post_padding                      - Undefined Weak Reference
    _printf_pre_padding                       - Undefined Weak Reference
    _printf_truncate_signed                   - Undefined Weak Reference
    _printf_truncate_unsigned                 - Undefined Weak Reference
    _rand_init                                - Undefined Weak Reference
    _signal_finish                            - Undefined Weak Reference
    _signal_init                              - Undefined Weak Reference
    _terminate_alloc                          - Undefined Weak Reference
    _terminate_user_alloc                     - Undefined Weak Reference
    _terminateio                              - Undefined Weak Reference
    __main                                   0x000000cd   Thumb Code     8  __main.o(!!!main)
    __scatterload                            0x000000d5   Thumb Code     0  __scatter.o(!!!scatter)
    __scatterload_rt2                        0x000000d5   Thumb Code    44  __scatter.o(!!!scatter)
    __scatterload_rt2_thumb_only             0x000000d5   Thumb Code     0  __scatter.o(!!!scatter)
    __scatterload_null                       0x000000e3   Thumb Code     0  __scatter.o(!!!scatter)
    __scatterload_copy                       0x00000109   Thumb Code    26  __scatter_copy.o(!!handler_copy)
    __scatterload_zeroinit                   0x00000125   Thumb Code    28  __scatter_zi.o(!!handler_zi)
    _printf_d                                0x00000141   Thumb Code     0  _printf_d.o(.ARM.Collect$$_printf_percent$$00000009)
    _printf_percent                          0x00000141   Thumb Code     0  _printf_percent.o(.ARM.Collect$$_printf_percent$$00000000)
    _printf_x                                0x00000147   Thumb Code     0  _printf_x.o(.ARM.Collect$$_printf_percent$$0000000C)
    _printf_percent_end                      0x0000014d   Thumb Code     0  _printf_percent_end.o(.ARM.Collect$$_printf_percent$$00000017)
    __rt_lib_init                            0x00000151   Thumb Code     0  libinit.o(.ARM.Collect$$libinit$$00000000)
    __rt_lib_init_alloca_1                   0x00000153   Thumb Code     0  libinit2.o(.ARM.Collect$$libinit$$0000002E)
    __rt_lib_init_argv_1                     0x00000153   Thumb Code     0  libinit2.o(.ARM.Collect$$libinit$$0000002C)
    __rt_lib_init_atexit_1                   0x00000153   Thumb Code     0  libinit2.o(.ARM.Collect$$libinit$$0000001B)
    __rt_lib_init_clock_1                    0x00000153   Thumb Code     0  libinit2.o(.ARM.Collect$$libinit$$00000021)
    __rt_lib_init_cpp_1                      0x00000153   Thumb Code     0  libinit2.o(.ARM.Collect$$libinit$$00000032)
    __rt_lib_init_exceptions_1               0x00000153   Thumb Code     0  libinit2.o(.ARM.Collect$$libinit$$00000030)
    __rt_lib_init_fp_1                       0x00000153   Thumb Code     0  libinit2.o(.ARM.Collect$$libinit$$00000002)
    __rt_lib_init_fp_trap_1                  0x00000153   Thumb Code     0  libinit2.o(.ARM.Collect$$libinit$$0000001F)
    __rt_lib_init_getenv_1                   0x00000153   Thumb Code     0  libinit2.o(.ARM.Collect$$libinit$$00000023)
    __rt_lib_init_heap_1                     0x00000153   Thumb Code     0  libinit2.o(.ARM.Collect$$libinit$$0000000A)
    __rt_lib_init_lc_collate_1               0x00000153   Thumb Code     0  libinit2.o(.ARM.Collect$$libinit$$00000011)
    __rt_lib_init_lc_ctype_1                 0x00000153   Thumb Code     0  libinit2.o(.ARM.Collect$$libinit$$00000013)
    __rt_lib_init_lc_monetary_1              0x00000153   Thumb Code     0  libinit2.o(.ARM.Collect$$libinit$$00000015)
    __rt_lib_init_lc_numeric_1               0x00000153   Thumb Code     0  libinit2.o(.ARM.Collect$$libinit$$00000017)
    __rt_lib_init_lc_time_1                  0x00000153   Thumb Code     0  libinit2.o(.ARM.Collect$$libinit$$00000019)
    __rt_lib_init_preinit_1                  0x00000153   Thumb Code     0  libinit2.o(.ARM.Collect$$libinit$$00000004)
    __rt_lib_init_rand_1                     0x00000153   Thumb Code     0  libinit2.o(.ARM.Collect$$libinit$$0000000E)
    __rt_lib_init_return                     0x00000153   Thumb Code     0  libinit2.o(.ARM.Collect$$libinit$$00000033)
    __rt_lib_init_signal_1                   0x00000153   Thumb Code     0  libinit2.o(.ARM.Collect$$libinit$$0000001D)
    __rt_lib_init_stdio_1                    0x00000153   Thumb Code     0  libinit2.o(.ARM.Collect$$libinit$$00000025)
    __rt_lib_init_user_alloc_1               0x00000153   Thumb Code     0  libinit2.o(.ARM.Collect$$libinit$$0000000C)
    __rt_lib_shutdown                        0x00000155   Thumb Code     0  libshutdown.o(.ARM.Collect$$libshutdown$$00000000)
    __rt_lib_shutdown_cpp_1                  0x00000157   Thumb Code     0  libshutdown2.o(.ARM.Collect$$libshutdown$$00000002)
    __rt_lib_shutdown_fp_trap_1              0x00000157   Thumb Code     0  libshutdown2.o(.ARM.Collect$$libshutdown$$00000007)
    __rt_lib_shutdown_heap_1                 0x00000157   Thumb Code     0  libshutdown2.o(.ARM.Collect$$libshutdown$$0000000F)
    __rt_lib_shutdown_return                 0x00000157   Thumb Code     0  libshutdown2.o(.ARM.Collect$$libshutdown$$00000010)
    __rt_lib_shutdown_signal_1               0x00000157   Thumb Code     0  libshutdown2.o(.ARM.Collect$$libshutdown$$0000000A)
    __rt_lib_shutdown_stdio_1                0x00000157   Thumb Code     0  libshutdown2.o(.ARM.Collect$$libshutdown$$00000004)
    __rt_lib_shutdown_user_alloc_1           0x00000157   Thumb Code     0  libshutdown2.o(.ARM.Collect$$libshutdown$$0000000C)
    __rt_entry                               0x00000159   Thumb Code     0  __rtentry.o(.ARM.Collect$$rtentry$$00000000)
    __rt_entry_presh_1                       0x00000159   Thumb Code     0  __rtentry2.o(.ARM.Collect$$rtentry$$00000002)
    __rt_entry_sh                            0x00000159   Thumb Code     0  __rtentry4.o(.ARM.Collect$$rtentry$$00000004)
    __rt_entry_li                            0x0000015f   Thumb Code     0  __rtentry2.o(.ARM.Collect$$rtentry$$0000000A)
    __rt_entry_postsh_1                      0x0000015f   Thumb Code     0  __rtentry2.o(.ARM.Collect$$rtentry$$00000009)
    __rt_entry_postli_1                      0x00000163   Thumb Code     0  __rtentry2.o(.ARM.Collect$$rtentry$$0000000B)
    __rt_entry_main                          0x0000016b   Thumb Code     0  __rtentry2.o(.ARM.Collect$$rtentry$$0000000D)
    __rt_exit                                0x00000173   Thumb Code     0  rtexit.o(.ARM.Collect$$rtexit$$00000000)
    __rt_exit_ls                             0x00000175   Thumb Code     0  rtexit2.o(.ARM.Collect$$rtexit$$00000003)
    __rt_exit_prels_1                        0x00000175   Thumb Code     0  rtexit2.o(.ARM.Collect$$rtexit$$00000002)
    __rt_exit_exit                           0x00000179   Thumb Code     0  rtexit2.o(.ARM.Collect$$rtexit$$00000004)
    _platform_post_lib_init                  0x00000181   Thumb Code    24  rtx_conf_cm.o(.emb_text)
    rt_set_PSP                               0x0000019d   Thumb Code     6  hal_cm3.o(.emb_text)
    rt_get_PSP                               0x000001a3   Thumb Code     6  hal_cm3.o(.emb_text)
    os_set_env                               0x000001a9   Thumb Code    24  hal_cm3.o(.emb_text)
    _alloc_box                               0x000001c5   Thumb Code    28  hal_cm3.o(.emb_text)
    _free_box                                0x000001e5   Thumb Code    28  hal_cm3.o(.emb_text)
    SVC_Handler                              0x00000205   Thumb Code   108  hal_cm3.o(.emb_text)
    PendSV_Handler                           0x0000027d   Thumb Code    56  hal_cm3.o(.emb_text)
    SysTick_Handler                          0x000002b9   Thumb Code     8  hal_cm3.o(.emb_text)
    OS_Tick_Handler                          0x000002c1   Thumb Code    12  hal_cm3.o(.emb_text)
    __user_libspace                          0x000002cd   Thumb Code     8  libspace.o(.text)
    __user_perproc_libspace                  0x000002cd   Thumb Code     0  libspace.o(.text)
    __2sprintf                               0x000002d5   Thumb Code    34  noretval__2sprintf.o(.text)
    Reset_Handler                            0x00000301   Thumb Code     8  startup_lpc17xx.o(.text)
    NMI_Handler                              0x00000309   Thumb Code     2  startup_lpc17xx.o(.text)
    HardFault_Handler                        0x0000030b   Thumb Code     2  startup_lpc17xx.o(.text)
    MemManage_Handler                        0x0000030d   Thumb Code     2  startup_lpc17xx.o(.text)
    BusFault_Handler                         0x0000030f   Thumb Code     2  startup_lpc17xx.o(.text)
    UsageFault_Handler                       0x00000311   Thumb Code     2  startup_lpc17xx.o(.text)
    DebugMon_Handler                         0x00000315   Thumb Code     2  startup_lpc17xx.o(.text)
    ADC_IRQHandler                           0x0000031b   Thumb Code     0  startup_lpc17xx.o(.text)
    BOD_IRQHandler                           0x0000031b   Thumb Code     0  startup_lpc17xx.o(.text)
    CANActivity_IRQHandler                   0x0000031b   Thumb Code     0  startup_lpc17xx.o(.text)
    EINT0_IRQHandler                         0x0000031b   Thumb Code     0  startup_lpc17xx.o(.text)
    EINT1_IRQHandler                         0x0000031b   Thumb Code     0  startup_lpc17xx.o(.text)
    EINT2_IRQHandler                         0x0000031b   Thumb Code     0  startup_lpc17xx.o(.text)
    EINT3_IRQHandler                         0x0000031b   Thumb Code     0  startup_lpc17xx.o(.text)
    ENET_IRQHandler                          0x0000031b   Thumb Code     0  startup_lpc17xx.o(.text)
    I2C0_IRQHandler                          0x0000031b   Thumb Code     0  startup_lpc17xx.o(.text)
    I2C1_IRQHandler                          0x0000031b   Thumb Code     0  startup_lpc17xx.o(.text)
    I2C2_IRQHandler                          0x0000031b   Thumb Code     0  startup_lpc17xx.o(.text)
    I2S_IRQHandler                           0x0000031b   Thumb Code     0  startup_lpc17xx.o(.text)
    MCPWM_IRQHandler                         0x0000031b   Thumb Code     0  startup_lpc17xx.o(.text)
    PLL0_IRQHandler                          0x0000031b   Thumb Code     0  startup_lpc17xx.o(.text)
    PLL1_IRQHandler                          0x0000031b   Thumb Code     0  startup_lpc17xx.o(.text)
    PWM1_IRQHandler                          0x0000031b   Thumb Code     0  startup_lpc17xx.o(.text)
    QEI_IRQHandler                           0x0000031b   Thumb Code     0  startup_lpc17xx.o(.text)
    RIT_IRQHandler                           0x0000031b   Thumb Code     0  startup_lpc17xx.o(.text)
    RTC_IRQHandler                           0x0000031b   Thumb Code     0  startup_lpc17xx.o(.text)
    SPI_IRQHandler                           0x0000031b   Thumb Code     0  startup_lpc17xx.o(.text)
    TIMER0_IRQHandler                        0x0000031b   Thumb Code     0  startup_lpc17xx.o(.text)
    TIMER1_IRQHandler                        0x0000031b   Thumb Code     0  startup_lpc17xx.o(.text)
    TIMER2_IRQHandler                        0x0000031b   Thumb Code     0  startup_lpc17xx.o(.text)
    TIMER3_IRQHandler                        0x0000031b   Thumb Code     0  startup_lpc17xx.o(.text)
    UART0_IRQHandler                         0x0000031b   Thumb Code     0  startup_lpc17xx.o(.text)
    UART3_IRQHandler                         0x0000031b   Thumb Code     0  startup_lpc17xx.o(.text)
    USBActivity_IRQHandler                   0x0000031b   Thumb Code     0  startup_lpc17xx.o(.text)
    USB_IRQHandler                           0x0000031b   Thumb Code     0  startup_lpc17xx.o(.text)
    WDT_IRQHandler                           0x0000031b   Thumb Code     0  startup_lpc17xx.o(.text)
    __user_initial_stackheap                 0x0000031d   Thumb Code     0  startup_lpc17xx.o(.text)
    __aeabi_uldivmod                         0x0000033d   Thumb Code     0  lludivv7m.o(.text)
    _ll_udiv                                 0x0000033d   Thumb Code   238  lludivv7m.o(.text)
    _printf_int_dec                          0x0000042d   Thumb Code   104  _printf_dec.o(.text)
    __RL_RTX_VER                             0x00000482   Number         0  rt_system.o ABSOLUTE
    _printf_int_hex                          0x000004a5   Thumb Code    84  _printf_hex_int.o(.text)
    _printf_longlong_hex                     0x000004a5   Thumb Code     0  _printf_hex_int.o(.text)
    __printf                                 0x000004fd   Thumb Code   144  __printf_flags.o(.text)
    exit                                     0x00000591   Thumb Code    18  exit.o(.text)
    __aeabi_memcpy                           0x000005a3   Thumb Code     0  rt_memcpy_v6.o(.text)
    __rt_memcpy                              0x000005a3   Thumb Code   138  rt_memcpy_v6.o(.text)
    _memcpy_lastbytes                        0x00000609   Thumb Code     0  rt_memcpy_v6.o(.text)
    __aeabi_memclr4                          0x0000062d   Thumb Code     0  rt_memclr_w.o(.text)
    __aeabi_memclr8                          0x0000062d   Thumb Code     0  rt_memclr_w.o(.text)
    __rt_memclr_w                            0x0000062d   Thumb Code    78  rt_memclr_w.o(.text)
    _memset_w                                0x00000631   Thumb Code     0  rt_memclr_w.o(.text)
    __use_two_region_memory                  0x0000067b   Thumb Code     2  heapauxi.o(.text)
    __rt_heap_escrow$2region                 0x0000067d   Thumb Code     2  heapauxi.o(.text)
    __rt_heap_expand$2region                 0x0000067f   Thumb Code     2  heapauxi.o(.text)
    _printf_int_common                       0x00000681   Thumb Code   178  _printf_intcommon.o(.text)
    _printf_char_common                      0x0000073f   Thumb Code    32  _printf_char_common.o(.text)
    _sputc                                   0x00000765   Thumb Code    10  _sputc.o(.text)
    __aeabi_memcpy4                          0x0000076f   Thumb Code     0  rt_memcpy_w.o(.text)
    __aeabi_memcpy8                          0x0000076f   Thumb Code     0  rt_memcpy_w.o(.text)
    __rt_memcpy_w                            0x0000076f   Thumb Code   100  rt_memcpy_w.o(.text)
    _memcpy_lastbytes_aligned                0x000007b7   Thumb Code     0  rt_memcpy_w.o(.text)
    _sys_exit                                0x000007d5   Thumb Code     8  sys_exit.o(.text)
    __user_setup_stackheap                   0x000007e1   Thumb Code    74  sys_stackheap_outer.o(.text)
    __I$use$semihosting                      0x0000082b   Thumb Code     0  use_no_semi.o(.text)
    __use_no_semihosting_swi                 0x0000082b   Thumb Code     2  use_no_semi.o(.text)
    SVC_Count                                0x0000082c   Data           4  svc_table.o(SVC_TABLE)
    __semihosting_library_function           0x0000082d   Thumb Code     0  indicate_semi.o(.text)
    SVC_Table                                0x00000830   Data           0  svc_table.o(SVC_TABLE)
    CAN1_ObjectGetCapabilities               0x000008b5   Thumb Code    16  can_lpc17xx.o(i.CAN1_ObjectGetCapabilities)
    CAN2_ObjectGetCapabilities               0x000009a1   Thumb Code    16  can_lpc17xx.o(i.CAN2_ObjectGetCapabilities)
    CAN_IRQHandler                           0x00000a25   Thumb Code   468  can_lpc17xx.o(i.CAN_IRQHandler)
    CANx_GetClock                            0x000010d1   Thumb Code   156  can_lpc17xx.o(i.CANx_GetClock)
    CANx_ObjectGetCapabilities               0x00001651   Thumb Code    34  can_lpc17xx.o(i.CANx_ObjectGetCapabilities)
    Callback_CAN_Receiver                    0x00001fa5   Thumb Code    26  gestion_can.o(i.Callback_CAN_Receiver)
    Callback_CAN_Transmiter                  0x00001fc5   Thumb Code    24  gestion_can.o(i.Callback_CAN_Transmiter)
    DMA_IRQHandler                           0x00002001   Thumb Code   372  gpdma_lpc17xx.o(i.DMA_IRQHandler)
    GLCD_ClearScreen                         0x00002181   Thumb Code    54  glcd_mcb1700.o(i.GLCD_ClearScreen)
    GLCD_DrawChar                            0x000021bd   Thumb Code   194  glcd_mcb1700.o(i.GLCD_DrawChar)
    GLCD_DrawString                          0x0000228d   Thumb Code    38  glcd_mcb1700.o(i.GLCD_DrawString)
    GLCD_Initialize                          0x000022b9   Thumb Code  1534  glcd_mcb1700.o(i.GLCD_Initialize)
    GLCD_SetBackgroundColor                  0x000028b9   Thumb Code    10  glcd_mcb1700.o(i.GLCD_SetBackgroundColor)
    GLCD_SetFont                             0x000028c9   Thumb Code    10  glcd_mcb1700.o(i.GLCD_SetFont)
    GPDMA_ChannelConfigure                   0x00002979   Thumb Code   232  gpdma_lpc17xx.o(i.GPDMA_ChannelConfigure)
    GPDMA_ChannelDisable                     0x00002a6d   Thumb Code    44  gpdma_lpc17xx.o(i.GPDMA_ChannelDisable)
    GPDMA_ChannelGetCount                    0x00002a9d   Thumb Code    38  gpdma_lpc17xx.o(i.GPDMA_ChannelGetCount)
    GPDMA_Initialize                         0x00002acd   Thumb Code   154  gpdma_lpc17xx.o(i.GPDMA_Initialize)
    GPDMA_PeripheralSelect                   0x00002b7d   Thumb Code    62  gpdma_lpc17xx.o(i.GPDMA_PeripheralSelect)
    GPDMA_Uninitialize                       0x00002bc1   Thumb Code   116  gpdma_lpc17xx.o(i.GPDMA_Uninitialize)
    GPIO_PinRead                             0x00002c41   Thumb Code    28  gpio_lpc17xx.o(i.GPIO_PinRead)
    GPIO_PinWrite                            0x00002c61   Thumb Code    36  gpio_lpc17xx.o(i.GPIO_PinWrite)
    GPIO_PortClock                           0x00002c89   Thumb Code    38  gpio_lpc17xx.o(i.GPIO_PortClock)
    GPIO_SetDir                              0x00002cb5   Thumb Code    52  gpio_lpc17xx.o(i.GPIO_SetDir)
    Gestion_DFPLAYER                         0x00002ced   Thumb Code    42  main.o(i.Gestion_DFPLAYER)
    Init_UART1                               0x00002da5   Thumb Code    52  gestion gps.o(i.Init_UART1)
    Isolation_Donnee_GPS                     0x00002ddd   Thumb Code    40  gestion gps.o(i.Isolation_Donnee_GPS)
    LED_Initialize                           0x00002e05   Thumb Code    88  led_mcb1700.o(i.LED_Initialize)
    LED_Off                                  0x00002e61   Thumb Code    40  led_mcb1700.o(i.LED_Off)
    LED_On                                   0x00002e8d   Thumb Code    40  led_mcb1700.o(i.LED_On)
    LectureDFPlayer                          0x00002eb9   Thumb Code   196  gestion_dfplayer.o(i.LectureDFPlayer)
    PIN_Configure                            0x00002f8d   Thumb Code   246  pin_lpc17xx.o(i.PIN_Configure)
    SSP0_GPDMA_Rx_SignalEvent                0x000030a1   Thumb Code    14  ssp_lpc17xx.o(i.SSP0_GPDMA_Rx_SignalEvent)
    SSP0_GPDMA_Tx_SignalEvent                0x000030b5   Thumb Code    14  ssp_lpc17xx.o(i.SSP0_GPDMA_Tx_SignalEvent)
    SSP0_IRQHandler                          0x000030e9   Thumb Code    10  ssp_lpc17xx.o(i.SSP0_IRQHandler)
    SSP1_GPDMA_Rx_SignalEvent                0x00003195   Thumb Code    14  ssp_lpc17xx.o(i.SSP1_GPDMA_Rx_SignalEvent)
    SSP1_GPDMA_Tx_SignalEvent                0x000031a9   Thumb Code    14  ssp_lpc17xx.o(i.SSP1_GPDMA_Tx_SignalEvent)
    SSP1_IRQHandler                          0x000031dd   Thumb Code    10  ssp_lpc17xx.o(i.SSP1_IRQHandler)
    SSPx_GPDMA_Rx_SignalEvent                0x000037ab   Thumb Code    54  ssp_lpc17xx.o(i.SSPx_GPDMA_Rx_SignalEvent)
    SSPx_GPDMA_Tx_SignalEvent                0x000037e1   Thumb Code    28  ssp_lpc17xx.o(i.SSPx_GPDMA_Tx_SignalEvent)
    SystemInit                               0x000040a9   Thumb Code   302  system_lpc17xx.o(i.SystemInit)
    Thread_CAN_Receiver                      0x000041e9   Thumb Code   212  main.o(i.Thread_CAN_Receiver)
    Thread_CAN_Transmiter                    0x00004321   Thumb Code   108  main.o(i.Thread_CAN_Transmiter)
    Thread_GPS                               0x00004395   Thumb Code  1570  main.o(i.Thread_GPS)
    UART1_IRQHandler                         0x000049d9   Thumb Code    10  uart_lpc17xx.o(i.UART1_IRQHandler)
    UART2_IRQHandler                         0x000049e9   Thumb Code    10  uart_lpc17xx.o(i.UART2_IRQHandler)
    USART1_GPDMA_Rx_Event                    0x00004a11   Thumb Code    14  uart_lpc17xx.o(i.USART1_GPDMA_Rx_Event)
    USART1_GPDMA_Tx_Event                    0x00004a25   Thumb Code    14  uart_lpc17xx.o(i.USART1_GPDMA_Tx_Event)
    USART2_GPDMA_Rx_Event                    0x00004b39   Thumb Code    14  uart_lpc17xx.o(i.USART2_GPDMA_Rx_Event)
    USART2_GPDMA_Tx_Event                    0x00004b4d   Thumb Code    14  uart_lpc17xx.o(i.USART2_GPDMA_Tx_Event)
    USART_SetBaudrate                        0x00005e55   Thumb Code   302  uart_lpc17xx.o(i.USART_SetBaudrate)
    _init_box                                0x000061e9   Thumb Code    70  rt_membox.o(i._init_box)
    _mutex_acquire                           0x00006231   Thumb Code    22  rtx_conf_cm.o(i._mutex_acquire)
    _mutex_release                           0x00006251   Thumb Code    18  rtx_conf_cm.o(i._mutex_release)
    dbg_init                                 0x0000626d   Thumb Code    34  hal_cm.o(i.dbg_init)
    dbg_task_notify                          0x0000629d   Thumb Code    32  hal_cm.o(i.dbg_task_notify)
    dbg_task_switch                          0x000062bd   Thumb Code    16  hal_cm.o(i.dbg_task_switch)
    init_CAN_Receiver                        0x000062fd   Thumb Code    76  gestion_can.o(i.init_CAN_Receiver)
    init_CAN_Transmiter                      0x00006359   Thumb Code    60  gestion_can.o(i.init_CAN_Transmiter)
    init_DFPlayer                            0x000063a5   Thumb Code   180  gestion_dfplayer.o(i.init_DFPlayer)
    init_UART2_DFPLAYER                      0x00006469   Thumb Code    52  gestion_dfplayer.o(i.init_UART2_DFPLAYER)
    isrMessageGet                            0x000064a1   Thumb Code    42  rt_cmsis.o(i.isrMessageGet)
    isrMessagePut                            0x000064cb   Thumb Code    44  rt_cmsis.o(i.isrMessagePut)
    isrSignalSet                             0x000064f7   Thumb Code    36  rt_cmsis.o(i.isrSignalSet)
    isr_evt_set                              0x0000651d   Thumb Code    34  rt_event.o(i.isr_evt_set)
    isr_mbx_receive                          0x00006545   Thumb Code    86  rt_mailbox.o(i.isr_mbx_receive)
    isr_mbx_send                             0x0000659b   Thumb Code    14  rt_mailbox.o(i.isr_mbx_send)
    main                                     0x000065a9   Thumb Code   144  main.o(i.main)
    osDelay                                  0x00006675   Thumb Code    18  rt_cmsis.o(i.osDelay)
    osKernelInitialize                       0x0000668d   Thumb Code    30  rt_cmsis.o(i.osKernelInitialize)
    osKernelStart                            0x000066b1   Thumb Code    98  rt_cmsis.o(i.osKernelStart)
    osMailAlloc                              0x0000671d   Thumb Code    22  rt_cmsis.o(i.osMailAlloc)
    osMailCreate                             0x00006739   Thumb Code    36  rt_cmsis.o(i.osMailCreate)
    osMailFree                               0x00006765   Thumb Code    22  rt_cmsis.o(i.osMailFree)
    osMailGet                                0x00006781   Thumb Code    22  rt_cmsis.o(i.osMailGet)
    osMailPut                                0x00006797   Thumb Code    20  rt_cmsis.o(i.osMailPut)
    osMessageGet                             0x000067ad   Thumb Code    18  rt_cmsis.o(i.osMessageGet)
    osMessagePut                             0x000067c5   Thumb Code    18  rt_cmsis.o(i.osMessagePut)
    osSignalSet                              0x000067dd   Thumb Code    18  rt_cmsis.o(i.osSignalSet)
    osSignalWait                             0x000067f5   Thumb Code    18  rt_cmsis.o(i.osSignalWait)
    osThreadCreate                           0x0000680d   Thumb Code    36  rt_cmsis.o(i.osThreadCreate)
    osThreadExit                             0x00006839   Thumb Code    14  rt_cmsis.o(i.osThreadExit)
    osTimerCall                              0x00006851   Thumb Code     8  rt_cmsis.o(i.osTimerCall)
    osTimerThread                            0x0000685d   Thumb Code    38  rt_cmsis.o(i.osTimerThread)
    os_error                                 0x00006889   Thumb Code    34  rtx_conf_cm.o(i.os_error)
    os_idle_demon                            0x000068ab   Thumb Code     4  rtx_conf_cm.o(i.os_idle_demon)
    os_tick_init                             0x000068b1   Thumb Code    32  rt_system.o(i.os_tick_init)
    os_tick_irqack                           0x000068d9   Thumb Code     2  rt_system.o(i.os_tick_irqack)
    rt_alloc_box                             0x000069a5   Thumb Code    26  rt_membox.o(i.rt_alloc_box)
    rt_alloc_mem                             0x000069bf   Thumb Code    62  rt_memory.o(i.rt_alloc_mem)
    rt_block                                 0x000069fd   Thumb Code    48  rt_task.o(i.rt_block)
    rt_chk_robin                             0x00006a35   Thumb Code    60  rt_robin.o(i.rt_chk_robin)
    rt_dec_dly                               0x00006a7d   Thumb Code   102  rt_list.o(i.rt_dec_dly)
    rt_dispatch                              0x00006aed   Thumb Code    60  rt_task.o(i.rt_dispatch)
    rt_dly_wait                              0x00006b31   Thumb Code     6  rt_time.o(i.rt_dly_wait)
    rt_evt_psh                               0x00006b39   Thumb Code    76  rt_event.o(i.rt_evt_psh)
    rt_evt_set                               0x00006b89   Thumb Code    88  rt_event.o(i.rt_evt_set)
    rt_evt_wait                              0x00006be5   Thumb Code    56  rt_event.o(i.rt_evt_wait)
    rt_free_box                              0x00006c21   Thumb Code    44  rt_membox.o(i.rt_free_box)
    rt_free_mem                              0x00006c4d   Thumb Code    40  rt_memory.o(i.rt_free_mem)
    rt_get_first                             0x00006c75   Thumb Code    40  rt_list.o(i.rt_get_first)
    rt_init_mem                              0x00006ced   Thumb Code    26  rt_memory.o(i.rt_init_mem)
    rt_init_robin                            0x00006d09   Thumb Code    14  rt_robin.o(i.rt_init_robin)
    rt_init_stack                            0x00006d21   Thumb Code   118  hal_cm.o(i.rt_init_stack)
    rt_mbx_check                             0x00006da1   Thumb Code     8  rt_mailbox.o(i.rt_mbx_check)
    rt_mbx_init                              0x00006da9   Thumb Code    26  rt_mailbox.o(i.rt_mbx_init)
    rt_mbx_psh                               0x00006dc5   Thumb Code   236  rt_mailbox.o(i.rt_mbx_psh)
    rt_mbx_send                              0x00006eb5   Thumb Code   148  rt_mailbox.o(i.rt_mbx_send)
    rt_mbx_wait                              0x00006f4d   Thumb Code   174  rt_mailbox.o(i.rt_mbx_wait)
    rt_mut_release                           0x00007045   Thumb Code   208  rt_mutex.o(i.rt_mut_release)
    rt_mut_wait                              0x0000711d   Thumb Code   114  rt_mutex.o(i.rt_mut_wait)
    rt_pop_req                               0x00007195   Thumb Code   112  rt_system.o(i.rt_pop_req)
    rt_psh_req                               0x00007211   Thumb Code    22  rt_system.o(i.rt_psh_req)
    rt_psq_enq                               0x00007231   Thumb Code    88  rt_list.o(i.rt_psq_enq)
    rt_put_dly                               0x0000728d   Thumb Code    68  rt_list.o(i.rt_put_dly)
    rt_put_prio                              0x000072d5   Thumb Code    54  rt_list.o(i.rt_put_prio)
    rt_put_rdy_first                         0x0000730d   Thumb Code    14  rt_list.o(i.rt_put_rdy_first)
    rt_resort_prio                           0x00007321   Thumb Code    46  rt_list.o(i.rt_resort_prio)
    rt_ret_val                               0x00007355   Thumb Code     6  hal_cm.o(i.rt_ret_val)
    rt_ret_val2                              0x0000735b   Thumb Code     8  hal_cm.o(i.rt_ret_val2)
    rt_rmv_dly                               0x00007363   Thumb Code    40  rt_list.o(i.rt_rmv_dly)
    rt_rmv_list                              0x0000738d   Thumb Code    44  rt_list.o(i.rt_rmv_list)
    rt_sem_psh                               0x000073bd   Thumb Code    48  rt_semaphore.o(i.rt_sem_psh)
    rt_stk_check                             0x000073f1   Thumb Code    28  rt_system.o(i.rt_stk_check)
    rt_switch_req                            0x00007415   Thumb Code    30  rt_task.o(i.rt_switch_req)
    rt_sys_init                              0x0000743d   Thumb Code   138  rt_task.o(i.rt_sys_init)
    rt_sys_start                             0x00007509   Thumb Code   110  rt_task.o(i.rt_sys_start)
    rt_systick                               0x00007581   Thumb Code    50  rt_system.o(i.rt_systick)
    rt_tsk_create                            0x00007609   Thumb Code   118  rt_task.o(i.rt_tsk_create)
    rt_tsk_delete                            0x00007691   Thumb Code   352  rt_task.o(i.rt_tsk_delete)
    rt_tsk_prio                              0x0000780d   Thumb Code   108  rt_task.o(i.rt_tsk_prio)
    rt_tsk_self                              0x00007889   Thumb Code    12  rt_task.o(i.rt_tsk_self)
    svcDelay                                 0x0000794d   Thumb Code    18  rt_cmsis.o(i.svcDelay)
    svcKernelInitialize                      0x00007961   Thumb Code    80  rt_cmsis.o(i.svcKernelInitialize)
    svcKernelStart                           0x000079d1   Thumb Code    62  rt_cmsis.o(i.svcKernelStart)
    svcMailCreate                            0x00007a19   Thumb Code    66  rt_cmsis.o(i.svcMailCreate)
    svcMessageCreate                         0x00007a5b   Thumb Code    36  rt_cmsis.o(i.svcMessageCreate)
    svcMessageGet                            0x00007a7f   Thumb Code    58  rt_cmsis.o(i.svcMessageGet)
    svcMessagePut                            0x00007ab9   Thumb Code    54  rt_cmsis.o(i.svcMessagePut)
    svcSignalSet                             0x00007aef   Thumb Code    36  rt_cmsis.o(i.svcSignalSet)
    svcSignalWait                            0x00007b15   Thumb Code    80  rt_cmsis.o(i.svcSignalWait)
    svcThreadCreate                          0x00007b69   Thumb Code    96  rt_cmsis.o(i.svcThreadCreate)
    svcThreadGetId                           0x00007bd5   Thumb Code    22  rt_cmsis.o(i.svcThreadGetId)
    svcThreadTerminate                       0x00007bf1   Thumb Code    50  rt_cmsis.o(i.svcThreadTerminate)
    svcTimerCall                             0x00007c29   Thumb Code    24  rt_cmsis.o(i.svcTimerCall)
    sysMailAlloc                             0x00007c41   Thumb Code    84  rt_cmsis.o(i.sysMailAlloc)
    sysMailFree                              0x00007c99   Thumb Code    96  rt_cmsis.o(i.sysMailFree)
    sysTimerTick                             0x00007cf9   Thumb Code    84  rt_cmsis.o(i.sysTimerTick)
    test_DFPLAYER                            0x00007d55   Thumb Code    38  main.o(i.test_DFPLAYER)
    __aeabi_d2f                              0x00007ebd   Thumb Code     0  d2f.o(x$fpl$d2f)
    _d2f                                     0x00007ebd   Thumb Code    98  d2f.o(x$fpl$d2f)
    __aeabi_dadd                             0x00007f21   Thumb Code     0  daddsub_clz.o(x$fpl$dadd)
    _dadd                                    0x00007f21   Thumb Code   332  daddsub_clz.o(x$fpl$dadd)
    __fpl_dcmp_Inf                           0x00008071   Thumb Code    24  dcmpi.o(x$fpl$dcmpinf)
    __aeabi_ddiv                             0x00008089   Thumb Code     0  ddiv.o(x$fpl$ddiv)
    _ddiv                                    0x00008089   Thumb Code   552  ddiv.o(x$fpl$ddiv)
    __aeabi_d2iz                             0x00008339   Thumb Code     0  dfix.o(x$fpl$dfix)
    _dfix                                    0x00008339   Thumb Code    94  dfix.o(x$fpl$dfix)
    __aeabi_cdcmple                          0x00008399   Thumb Code     0  dleqf.o(x$fpl$dleqf)
    _dcmple                                  0x00008399   Thumb Code   120  dleqf.o(x$fpl$dleqf)
    __fpl_dcmple_InfNaN                      0x000083fb   Thumb Code     0  dleqf.o(x$fpl$dleqf)
    __aeabi_dmul                             0x00008411   Thumb Code     0  dmul.o(x$fpl$dmul)
    _dmul                                    0x00008411   Thumb Code   332  dmul.o(x$fpl$dmul)
    __fpl_dnaninf                            0x00008565   Thumb Code   156  dnaninf.o(x$fpl$dnaninf)
    __fpl_dretinf                            0x00008601   Thumb Code    12  dretinf.o(x$fpl$dretinf)
    __aeabi_cdrcmple                         0x0000860d   Thumb Code     0  drleqf.o(x$fpl$drleqf)
    _drcmple                                 0x0000860d   Thumb Code   108  drleqf.o(x$fpl$drleqf)
    __aeabi_dsub                             0x00008679   Thumb Code     0  daddsub_clz.o(x$fpl$dsub)
    _dsub                                    0x00008679   Thumb Code   464  daddsub_clz.o(x$fpl$dsub)
    __aeabi_f2d                              0x0000884d   Thumb Code     0  f2d.o(x$fpl$f2d)
    _f2d                                     0x0000884d   Thumb Code    86  f2d.o(x$fpl$f2d)
    __aeabi_fadd                             0x000088a5   Thumb Code     0  faddsub_clz.o(x$fpl$fadd)
    _fadd                                    0x000088a5   Thumb Code   196  faddsub_clz.o(x$fpl$fadd)
    __aeabi_i2f                              0x00008969   Thumb Code     0  fflt_clz.o(x$fpl$fflt)
    _fflt                                    0x00008969   Thumb Code    48  fflt_clz.o(x$fpl$fflt)
    __aeabi_ui2f                             0x00008999   Thumb Code     0  fflt_clz.o(x$fpl$ffltu)
    _ffltu                                   0x00008999   Thumb Code    38  fflt_clz.o(x$fpl$ffltu)
    __aeabi_fmul                             0x000089c1   Thumb Code     0  fmul.o(x$fpl$fmul)
    _fmul                                    0x000089c1   Thumb Code   258  fmul.o(x$fpl$fmul)
    __fpl_fnaninf                            0x00008ac3   Thumb Code   140  fnaninf.o(x$fpl$fnaninf)
    __fpl_fretinf                            0x00008b4f   Thumb Code    10  fretinf.o(x$fpl$fretinf)
    __aeabi_fsub                             0x00008b59   Thumb Code     0  faddsub_clz.o(x$fpl$fsub)
    _fsub                                    0x00008b59   Thumb Code   234  faddsub_clz.o(x$fpl$fsub)
    __I$use$fp                               0x00008c42   Number         0  usenofp.o(x$fpl$usenofp)
    os_mailQ_def_BAL_CAN                     0x00008c44   Data          12  main.o(.constdata)
    os_mailQ_def_BAL_DFPLAYER                0x00008c50   Data          12  main.o(.constdata)
    os_thread_def_Thread_CAN_Transmiter      0x00008c5c   Data          16  main.o(.constdata)
    os_thread_def_Thread_CAN_Receiver        0x00008c6c   Data          16  main.o(.constdata)
    os_thread_def_Gestion_DFPLAYER           0x00008c7c   Data          16  main.o(.constdata)
    os_thread_def_test_DFPLAYER              0x00008c8c   Data          16  main.o(.constdata)
    os_thread_def_Thread_GPS                 0x00008c9c   Data          16  main.o(.constdata)
    GLCD_Font_6x8                            0x0000a52c   Data          16  glcd_fonts.o(.constdata)
    GLCD_Font_16x24                          0x0000a53c   Data          16  glcd_fonts.o(.constdata)
    os_maxtaskrun                            0x0000a564   Data           2  rtx_conf_cm.o(.constdata)
    os_stackinfo                             0x0000a568   Data           4  rtx_conf_cm.o(.constdata)
    os_rrobin                                0x0000a56c   Data           4  rtx_conf_cm.o(.constdata)
    os_tickfreq                              0x0000a570   Data           4  rtx_conf_cm.o(.constdata)
    os_tickus_i                              0x0000a574   Data           2  rtx_conf_cm.o(.constdata)
    os_tickus_f                              0x0000a576   Data           2  rtx_conf_cm.o(.constdata)
    os_trv                                   0x0000a578   Data           4  rtx_conf_cm.o(.constdata)
    os_flags                                 0x0000a57c   Data           1  rtx_conf_cm.o(.constdata)
    CMSIS_RTOS_API_Version                   0x0000a580   Data           4  rtx_conf_cm.o(.constdata)
    CMSIS_RTOS_RTX_Version                   0x0000a584   Data           4  rtx_conf_cm.o(.constdata)
    os_clockrate                             0x0000a588   Data           4  rtx_conf_cm.o(.constdata)
    os_timernum                              0x0000a58c   Data           4  rtx_conf_cm.o(.constdata)
    mp_tcb_size                              0x0000a590   Data           2  rtx_conf_cm.o(.constdata)
    mp_stk_size                              0x0000a594   Data           4  rtx_conf_cm.o(.constdata)
    os_stack_sz                              0x0000a598   Data           4  rtx_conf_cm.o(.constdata)
    os_fifo_size                             0x0000a59c   Data           1  rtx_conf_cm.o(.constdata)
    os_thread_def_osTimerThread              0x0000a5a0   Data          16  rtx_conf_cm.o(.constdata)
    os_messageQ_def_osTimerMessageQ          0x0000a5b0   Data           8  rtx_conf_cm.o(.constdata)
    mp_tmr_size                              0x0000a5b8   Data           2  rtx_conf_cm.o(.constdata)
    os_thread_def_main                       0x0000a5bc   Data          16  rtx_conf_cm.o(.constdata)
    Driver_CAN1                              0x0000a5e4   Data          60  can_lpc17xx.o(.constdata)
    Driver_CAN2                              0x0000a620   Data          60  can_lpc17xx.o(.constdata)
    Driver_SPI0                              0x0000a700   Data          44  ssp_lpc17xx.o(.constdata)
    Driver_SPI1                              0x0000a72c   Data          44  ssp_lpc17xx.o(.constdata)
    Driver_USART1                            0x0000a96c   Data          56  uart_lpc17xx.o(.constdata)
    Driver_USART2                            0x0000a9a4   Data          56  uart_lpc17xx.o(.constdata)
    Region$$Table$$Base                      0x0000aa18   Number         0  anon$$obj.o(Region$$Table)
    Region$$Table$$Limit                     0x0000aa38   Number         0  anon$$obj.o(Region$$Table)
    ID_BAL_CAN                               0x10000000   Data           4  main.o(.data)
    os_mailQ_p_BAL_CAN                       0x10000004   Data           8  main.o(.data)
    BAL_INIT                                 0x1000000c   Data           1  main.o(.data)
    ID_BAL_DFPLAYER                          0x10000010   Data           4  main.o(.data)
    os_mailQ_p_BAL_DFPLAYER                  0x10000014   Data           8  main.o(.data)
    ID_CAN_Transmiter                        0x1000001c   Data           4  main.o(.data)
    ID_CAN_Receiver                          0x10000020   Data           4  main.o(.data)
    ID_Gestion_DFPLAYER                      0x10000024   Data           4  main.o(.data)
    ID_test_DFPLAYER                         0x10000028   Data           4  main.o(.data)
    ID_GestionGPS                            0x1000002c   Data           4  main.o(.data)
    osThreadId_osTimerThread                 0x1000003c   Data           4  rtx_conf_cm.o(.data)
    osMessageQId_osTimerMessageQ             0x10000040   Data           4  rtx_conf_cm.o(.data)
    os_tmr                                   0x10000044   Data           4  rtx_conf_cm.o(.data)
    m_tmr                                    0x10000048   Data           4  rtx_conf_cm.o(.data)
    SystemCoreClock                          0x10000088   Data           4  system_lpc17xx.o(.data)
    os_initialized                           0x1000008c   Data           1  rt_cmsis.o(.data)
    os_running                               0x1000008d   Data           1  rt_cmsis.o(.data)
    os_timer_head                            0x10000090   Data           4  rt_cmsis.o(.data)
    os_tsk                                   0x10000094   Data           8  rt_task.o(.data)
    os_tick_irqn                             0x100000a0   Data           4  rt_system.o(.data)
    os_time                                  0x100000a4   Data           4  rt_time.o(.data)
    os_robin                                 0x100000a8   Data           8  rt_robin.o(.data)
    dbg_msg                                  0x100000b0   Data           1  hal_cm.o(.data)
    BAL_INIT_CAN                             0x100000b4   Data          12  main.o(.bss)
    os_mailQ_q_BAL_CAN                       0x100000c0   Data          36  main.o(.bss)
    os_mailQ_m_BAL_CAN                       0x100000e4   Data          72  main.o(.bss)
    os_mailQ_q_BAL_DFPLAYER                  0x1000012c   Data          80  main.o(.bss)
    os_mailQ_m_BAL_DFPLAYER                  0x1000017c   Data          76  main.o(.bss)
    mp_tcb                                   0x100001c8   Data         376  rtx_conf_cm.o(.bss)
    mp_stk                                   0x10000340   Data        4816  rtx_conf_cm.o(.bss)
    os_stack_mem                             0x10001610   Data        1032  rtx_conf_cm.o(.bss)
    os_fifo                                  0x10001a18   Data         132  rtx_conf_cm.o(.bss)
    os_active_TCB                            0x10001a9c   Data          28  rtx_conf_cm.o(.bss)
    os_messageQ_q_osTimerMessageQ            0x10001ab8   Data          32  rtx_conf_cm.o(.bss)
    os_idle_TCB                              0x10001f58   Data          52  rt_task.o(.bss)
    os_rdy                                   0x10001f8c   Data          24  rt_list.o(.bss)
    os_dly                                   0x10001fa4   Data          24  rt_list.o(.bss)
    __libspace_start                         0x10001fbc   Data          96  libspace.o(.bss)
    __temporary_stack_top$libspace           0x1000201c   Data           0  libspace.o(.bss)



==============================================================================

Memory Map of the image

  Image Entry point : 0x000000cd

  Load Region LR_IROM1 (Base: 0x00000000, Size: 0x0000aaec, Max: 0x00080000, ABSOLUTE)

    Execution Region ER_IROM1 (Base: 0x00000000, Size: 0x0000aa38, Max: 0x00080000, ABSOLUTE)

    Base Addr    Size         Type   Attr      Idx    E Section Name        Object

    0x00000000   0x000000cc   Data   RO         1481    RESET               startup_lpc17xx.o
    0x000000cc   0x00000008   Code   RO         2803  * !!!main             c_w.l(__main.o)
    0x000000d4   0x00000034   Code   RO         3024    !!!scatter          c_w.l(__scatter.o)
    0x00000108   0x0000001a   Code   RO         3026    !!handler_copy      c_w.l(__scatter_copy.o)
    0x00000122   0x00000002   PAD
    0x00000124   0x0000001c   Code   RO         3028    !!handler_zi        c_w.l(__scatter_zi.o)
    0x00000140   0x00000000   Code   RO         2794    .ARM.Collect$$_printf_percent$$00000000  c_w.l(_printf_percent.o)
    0x00000140   0x00000006   Code   RO         2793    .ARM.Collect$$_printf_percent$$00000009  c_w.l(_printf_d.o)
    0x00000146   0x00000006   Code   RO         2792    .ARM.Collect$$_printf_percent$$0000000C  c_w.l(_printf_x.o)
    0x0000014c   0x00000004   Code   RO         2856    .ARM.Collect$$_printf_percent$$00000017  c_w.l(_printf_percent_end.o)
    0x00000150   0x00000002   Code   RO         2910    .ARM.Collect$$libinit$$00000000  c_w.l(libinit.o)
    0x00000152   0x00000000   Code   RO         2922    .ARM.Collect$$libinit$$00000002  c_w.l(libinit2.o)
    0x00000152   0x00000000   Code   RO         2924    .ARM.Collect$$libinit$$00000004  c_w.l(libinit2.o)
    0x00000152   0x00000000   Code   RO         2927    .ARM.Collect$$libinit$$0000000A  c_w.l(libinit2.o)
    0x00000152   0x00000000   Code   RO         2929    .ARM.Collect$$libinit$$0000000C  c_w.l(libinit2.o)
    0x00000152   0x00000000   Code   RO         2931    .ARM.Collect$$libinit$$0000000E  c_w.l(libinit2.o)
    0x00000152   0x00000000   Code   RO         2934    .ARM.Collect$$libinit$$00000011  c_w.l(libinit2.o)
    0x00000152   0x00000000   Code   RO         2936    .ARM.Collect$$libinit$$00000013  c_w.l(libinit2.o)
    0x00000152   0x00000000   Code   RO         2938    .ARM.Collect$$libinit$$00000015  c_w.l(libinit2.o)
    0x00000152   0x00000000   Code   RO         2940    .ARM.Collect$$libinit$$00000017  c_w.l(libinit2.o)
    0x00000152   0x00000000   Code   RO         2942    .ARM.Collect$$libinit$$00000019  c_w.l(libinit2.o)
    0x00000152   0x00000000   Code   RO         2944    .ARM.Collect$$libinit$$0000001B  c_w.l(libinit2.o)
    0x00000152   0x00000000   Code   RO         2946    .ARM.Collect$$libinit$$0000001D  c_w.l(libinit2.o)
    0x00000152   0x00000000   Code   RO         2948    .ARM.Collect$$libinit$$0000001F  c_w.l(libinit2.o)
    0x00000152   0x00000000   Code   RO         2950    .ARM.Collect$$libinit$$00000021  c_w.l(libinit2.o)
    0x00000152   0x00000000   Code   RO         2952    .ARM.Collect$$libinit$$00000023  c_w.l(libinit2.o)
    0x00000152   0x00000000   Code   RO         2954    .ARM.Collect$$libinit$$00000025  c_w.l(libinit2.o)
    0x00000152   0x00000000   Code   RO         2958    .ARM.Collect$$libinit$$0000002C  c_w.l(libinit2.o)
    0x00000152   0x00000000   Code   RO         2960    .ARM.Collect$$libinit$$0000002E  c_w.l(libinit2.o)
    0x00000152   0x00000000   Code   RO         2962    .ARM.Collect$$libinit$$00000030  c_w.l(libinit2.o)
    0x00000152   0x00000000   Code   RO         2964    .ARM.Collect$$libinit$$00000032  c_w.l(libinit2.o)
    0x00000152   0x00000002   Code   RO         2965    .ARM.Collect$$libinit$$00000033  c_w.l(libinit2.o)
    0x00000154   0x00000002   Code   RO         2911    .ARM.Collect$$libshutdown$$00000000  c_w.l(libshutdown.o)
    0x00000156   0x00000000   Code   RO         2967    .ARM.Collect$$libshutdown$$00000002  c_w.l(libshutdown2.o)
    0x00000156   0x00000000   Code   RO         2969    .ARM.Collect$$libshutdown$$00000004  c_w.l(libshutdown2.o)
    0x00000156   0x00000000   Code   RO         2972    .ARM.Collect$$libshutdown$$00000007  c_w.l(libshutdown2.o)
    0x00000156   0x00000000   Code   RO         2975    .ARM.Collect$$libshutdown$$0000000A  c_w.l(libshutdown2.o)
    0x00000156   0x00000000   Code   RO         2977    .ARM.Collect$$libshutdown$$0000000C  c_w.l(libshutdown2.o)
    0x00000156   0x00000000   Code   RO         2980    .ARM.Collect$$libshutdown$$0000000F  c_w.l(libshutdown2.o)
    0x00000156   0x00000002   Code   RO         2981    .ARM.Collect$$libshutdown$$00000010  c_w.l(libshutdown2.o)
    0x00000158   0x00000000   Code   RO         2843    .ARM.Collect$$rtentry$$00000000  c_w.l(__rtentry.o)
    0x00000158   0x00000000   Code   RO         2871    .ARM.Collect$$rtentry$$00000002  c_w.l(__rtentry2.o)
    0x00000158   0x00000006   Code   RO         2883    .ARM.Collect$$rtentry$$00000004  c_w.l(__rtentry4.o)
    0x0000015e   0x00000000   Code   RO         2873    .ARM.Collect$$rtentry$$00000009  c_w.l(__rtentry2.o)
    0x0000015e   0x00000004   Code   RO         2874    .ARM.Collect$$rtentry$$0000000A  c_w.l(__rtentry2.o)
    0x00000162   0x00000008   Code   RO         2875    .ARM.Collect$$rtentry$$0000000B  c_w.l(__rtentry2.o)
    0x0000016a   0x00000008   Code   RO         2877    .ARM.Collect$$rtentry$$0000000D  c_w.l(__rtentry2.o)
    0x00000172   0x00000002   Code   RO         2844    .ARM.Collect$$rtexit$$00000000  c_w.l(rtexit.o)
    0x00000174   0x00000000   Code   RO         2886    .ARM.Collect$$rtexit$$00000002  c_w.l(rtexit2.o)
    0x00000174   0x00000004   Code   RO         2887    .ARM.Collect$$rtexit$$00000003  c_w.l(rtexit2.o)
    0x00000178   0x00000006   Code   RO         2888    .ARM.Collect$$rtexit$$00000004  c_w.l(rtexit2.o)
    0x0000017e   0x00000002   PAD
    0x00000180   0x0000001c   Code   RO          436    .emb_text           rtx_conf_cm.o
    0x0000019c   0x00000130   Code   RO         2723    .emb_text           RTX_CM3.lib(hal_cm3.o)
    0x000002cc   0x00000008   Code   RO         2738    .text               c_w.l(libspace.o)
    0x000002d4   0x00000028   Code   RO         2745    .text               c_w.l(noretval__2sprintf.o)
    0x000002fc   0x00000004   Code   RO         1482    .ARM.__at_0x02FC    startup_lpc17xx.o
    0x00000300   0x0000003c   Code   RO         1483    .text               startup_lpc17xx.o
    0x0000033c   0x000000ee   Code   RO         2741    .text               c_w.l(lludivv7m.o)
    0x0000042a   0x00000002   PAD
    0x0000042c   0x00000078   Code   RO         2749    .text               c_w.l(_printf_dec.o)
    0x000004a4   0x00000058   Code   RO         2754    .text               c_w.l(_printf_hex_int.o)
    0x000004fc   0x00000094   Code   RO         2772    .text               c_w.l(__printf_flags.o)
    0x00000590   0x00000012   Code   RO         2795    .text               c_w.l(exit.o)
    0x000005a2   0x0000008a   Code   RO         2797    .text               c_w.l(rt_memcpy_v6.o)
    0x0000062c   0x0000004e   Code   RO         2799    .text               c_w.l(rt_memclr_w.o)
    0x0000067a   0x00000006   Code   RO         2801    .text               c_w.l(heapauxi.o)
    0x00000680   0x000000b2   Code   RO         2850    .text               c_w.l(_printf_intcommon.o)
    0x00000732   0x00000002   PAD
    0x00000734   0x00000030   Code   RO         2852    .text               c_w.l(_printf_char_common.o)
    0x00000764   0x0000000a   Code   RO         2854    .text               c_w.l(_sputc.o)
    0x0000076e   0x00000064   Code   RO         2857    .text               c_w.l(rt_memcpy_w.o)
    0x000007d2   0x00000002   PAD
    0x000007d4   0x0000000c   Code   RO         2896    .text               c_w.l(sys_exit.o)
    0x000007e0   0x0000004a   Code   RO         2898    .text               c_w.l(sys_stackheap_outer.o)
    0x0000082a   0x00000002   Code   RO         2912    .text               c_w.l(use_no_semi.o)
    0x0000082c   0x00000000   Code   RO         2914    .text               c_w.l(indicate_semi.o)
    0x0000082c   0x00000004   Code   RO         2733    SVC_TABLE           RTX_CM3.lib(svc_table.o)
    0x00000830   0x00000012   Code   RO          497    i.CAN1_Control      can_lpc17xx.o
    0x00000842   0x0000000a   Code   RO          498    i.CAN1_GetClock     can_lpc17xx.o
    0x0000084c   0x0000000c   Code   RO          499    i.CAN1_GetStatus    can_lpc17xx.o
    0x00000858   0x00000012   Code   RO          500    i.CAN1_Initialize   can_lpc17xx.o
    0x0000086a   0x0000001c   Code   RO          501    i.CAN1_MessageRead  can_lpc17xx.o
    0x00000886   0x0000001c   Code   RO          502    i.CAN1_MessageSend  can_lpc17xx.o
    0x000008a2   0x00000012   Code   RO          503    i.CAN1_ObjectConfigure  can_lpc17xx.o
    0x000008b4   0x00000010   Code   RO          504    i.CAN1_ObjectGetCapabilities  can_lpc17xx.o
    0x000008c4   0x0000001c   Code   RO          505    i.CAN1_ObjectSetFilter  can_lpc17xx.o
    0x000008e0   0x0000000e   Code   RO          506    i.CAN1_PowerControl  can_lpc17xx.o
    0x000008ee   0x00000016   Code   RO          507    i.CAN1_SetBitrate   can_lpc17xx.o
    0x00000904   0x0000000e   Code   RO          508    i.CAN1_SetMode      can_lpc17xx.o
    0x00000912   0x0000000a   Code   RO          509    i.CAN1_Uninitialize  can_lpc17xx.o
    0x0000091c   0x00000012   Code   RO          510    i.CAN2_Control      can_lpc17xx.o
    0x0000092e   0x0000000a   Code   RO          511    i.CAN2_GetClock     can_lpc17xx.o
    0x00000938   0x0000000c   Code   RO          512    i.CAN2_GetStatus    can_lpc17xx.o
    0x00000944   0x00000012   Code   RO          513    i.CAN2_Initialize   can_lpc17xx.o
    0x00000956   0x0000001c   Code   RO          514    i.CAN2_MessageRead  can_lpc17xx.o
    0x00000972   0x0000001c   Code   RO          515    i.CAN2_MessageSend  can_lpc17xx.o
    0x0000098e   0x00000012   Code   RO          516    i.CAN2_ObjectConfigure  can_lpc17xx.o
    0x000009a0   0x00000010   Code   RO          517    i.CAN2_ObjectGetCapabilities  can_lpc17xx.o
    0x000009b0   0x0000001c   Code   RO          518    i.CAN2_ObjectSetFilter  can_lpc17xx.o
    0x000009cc   0x0000000e   Code   RO          519    i.CAN2_PowerControl  can_lpc17xx.o
    0x000009da   0x00000016   Code   RO          520    i.CAN2_SetBitrate   can_lpc17xx.o
    0x000009f0   0x0000000e   Code   RO          521    i.CAN2_SetMode      can_lpc17xx.o
    0x000009fe   0x0000000a   Code   RO          522    i.CAN2_Uninitialize  can_lpc17xx.o
    0x00000a08   0x0000000c   Code   RO          523    i.CAN_GetCapabilities  can_lpc17xx.o
    0x00000a14   0x00000010   Code   RO          524    i.CAN_GetVersion    can_lpc17xx.o
    0x00000a24   0x000001f0   Code   RO          525    i.CAN_IRQHandler    can_lpc17xx.o
    0x00000c14   0x00000438   Code   RO          526    i.CANx_AddFilter    can_lpc17xx.o
    0x0000104c   0x00000084   Code   RO          527    i.CANx_Control      can_lpc17xx.o
    0x000010d0   0x000000a4   Code   RO          528    i.CANx_GetClock     can_lpc17xx.o
    0x00001174   0x000000d8   Code   RO          529    i.CANx_GetStatus    can_lpc17xx.o
    0x0000124c   0x00000080   Code   RO          530    i.CANx_Initialize   can_lpc17xx.o
    0x000012cc   0x000000b4   Code   RO          531    i.CANx_MessageRead  can_lpc17xx.o
    0x00001380   0x00000240   Code   RO          532    i.CANx_MessageSend  can_lpc17xx.o
    0x000015c0   0x00000090   Code   RO          533    i.CANx_ObjectConfigure  can_lpc17xx.o
    0x00001650   0x0000002c   Code   RO          534    i.CANx_ObjectGetCapabilities  can_lpc17xx.o
    0x0000167c   0x000000a8   Code   RO          535    i.CANx_ObjectSetFilter  can_lpc17xx.o
    0x00001724   0x00000158   Code   RO          536    i.CANx_PowerControl  can_lpc17xx.o
    0x0000187c   0x000003f8   Code   RO          537    i.CANx_RemoveFilter  can_lpc17xx.o
    0x00001c74   0x0000005c   Code   RO          538    i.CANx_ResetRuntimeInfo  can_lpc17xx.o
    0x00001cd0   0x00000138   Code   RO          539    i.CANx_SetBitrate   can_lpc17xx.o
    0x00001e08   0x00000140   Code   RO          540    i.CANx_SetMode      can_lpc17xx.o
    0x00001f48   0x0000005c   Code   RO          541    i.CANx_Uninitialize  can_lpc17xx.o
    0x00001fa4   0x00000020   Code   RO           89    i.Callback_CAN_Receiver  gestion_can.o
    0x00001fc4   0x0000001c   Code   RO           90    i.Callback_CAN_Transmiter  gestion_can.o
    0x00001fe0   0x00000020   Code   RO         1302    i.Clear_Channel_active_flag  gpdma_lpc17xx.o
    0x00002000   0x00000180   Code   RO         1303    i.DMA_IRQHandler    gpdma_lpc17xx.o
    0x00002180   0x0000003c   Code   RO          176    i.GLCD_ClearScreen  glcd_mcb1700.o
    0x000021bc   0x000000d0   Code   RO          179    i.GLCD_DrawChar     glcd_mcb1700.o
    0x0000228c   0x0000002c   Code   RO          183    i.GLCD_DrawString   glcd_mcb1700.o
    0x000022b8   0x000005fe   Code   RO          187    i.GLCD_Initialize   glcd_mcb1700.o
    0x000028b6   0x00000002   PAD
    0x000028b8   0x00000010   Code   RO          188    i.GLCD_SetBackgroundColor  glcd_mcb1700.o
    0x000028c8   0x00000010   Code   RO          189    i.GLCD_SetFont      glcd_mcb1700.o
    0x000028d8   0x000000a0   Code   RO          191    i.GLCD_SetWindow    glcd_mcb1700.o
    0x00002978   0x000000f4   Code   RO         1304    i.GPDMA_ChannelConfigure  gpdma_lpc17xx.o
    0x00002a6c   0x00000030   Code   RO         1305    i.GPDMA_ChannelDisable  gpdma_lpc17xx.o
    0x00002a9c   0x00000030   Code   RO         1307    i.GPDMA_ChannelGetCount  gpdma_lpc17xx.o
    0x00002acc   0x000000b0   Code   RO         1309    i.GPDMA_Initialize  gpdma_lpc17xx.o
    0x00002b7c   0x00000044   Code   RO         1310    i.GPDMA_PeripheralSelect  gpdma_lpc17xx.o
    0x00002bc0   0x00000080   Code   RO         1311    i.GPDMA_Uninitialize  gpdma_lpc17xx.o
    0x00002c40   0x00000020   Code   RO         1392    i.GPIO_PinRead      gpio_lpc17xx.o
    0x00002c60   0x00000028   Code   RO         1393    i.GPIO_PinWrite     gpio_lpc17xx.o
    0x00002c88   0x0000002c   Code   RO         1394    i.GPIO_PortClock    gpio_lpc17xx.o
    0x00002cb4   0x00000038   Code   RO         1397    i.GPIO_SetDir       gpio_lpc17xx.o
    0x00002cec   0x00000030   Code   RO            1    i.Gestion_DFPLAYER  main.o
    0x00002d1c   0x00000044   Code   RO          768    i.GetSSPClockFreq   ssp_lpc17xx.o
    0x00002d60   0x00000044   Code   RO         1005    i.GetUsartClockFreq  uart_lpc17xx.o
    0x00002da4   0x00000038   Code   RO          145    i.Init_UART1        gestion gps.o
    0x00002ddc   0x00000028   Code   RO          146    i.Isolation_Donnee_GPS  gestion gps.o
    0x00002e04   0x0000005c   Code   RO          384    i.LED_Initialize    led_mcb1700.o
    0x00002e60   0x0000002c   Code   RO          385    i.LED_Off           led_mcb1700.o
    0x00002e8c   0x0000002c   Code   RO          386    i.LED_On            led_mcb1700.o
    0x00002eb8   0x000000d4   Code   RO          120    i.LectureDFPlayer   gestion_dfplayer.o
    0x00002f8c   0x000000fc   Code   RO         1446    i.PIN_Configure     pin_lpc17xx.o
    0x00003088   0x00000018   Code   RO          769    i.SSP0_Control      ssp_lpc17xx.o
    0x000030a0   0x00000014   Code   RO          770    i.SSP0_GPDMA_Rx_SignalEvent  ssp_lpc17xx.o
    0x000030b4   0x00000014   Code   RO          771    i.SSP0_GPDMA_Tx_SignalEvent  ssp_lpc17xx.o
    0x000030c8   0x00000010   Code   RO          772    i.SSP0_GetDataCount  ssp_lpc17xx.o
    0x000030d8   0x00000010   Code   RO          773    i.SSP0_GetStatus    ssp_lpc17xx.o
    0x000030e8   0x00000010   Code   RO          774    i.SSP0_IRQHandler   ssp_lpc17xx.o
    0x000030f8   0x00000014   Code   RO          775    i.SSP0_Initialize   ssp_lpc17xx.o
    0x0000310c   0x00000014   Code   RO          776    i.SSP0_PowerControl  ssp_lpc17xx.o
    0x00003120   0x00000018   Code   RO          777    i.SSP0_Receive      ssp_lpc17xx.o
    0x00003138   0x00000018   Code   RO          778    i.SSP0_Send         ssp_lpc17xx.o
    0x00003150   0x0000001c   Code   RO          779    i.SSP0_Transfer     ssp_lpc17xx.o
    0x0000316c   0x00000010   Code   RO          780    i.SSP0_Uninitialize  ssp_lpc17xx.o
    0x0000317c   0x00000018   Code   RO          781    i.SSP1_Control      ssp_lpc17xx.o
    0x00003194   0x00000014   Code   RO          782    i.SSP1_GPDMA_Rx_SignalEvent  ssp_lpc17xx.o
    0x000031a8   0x00000014   Code   RO          783    i.SSP1_GPDMA_Tx_SignalEvent  ssp_lpc17xx.o
    0x000031bc   0x00000010   Code   RO          784    i.SSP1_GetDataCount  ssp_lpc17xx.o
    0x000031cc   0x00000010   Code   RO          785    i.SSP1_GetStatus    ssp_lpc17xx.o
    0x000031dc   0x00000010   Code   RO          786    i.SSP1_IRQHandler   ssp_lpc17xx.o
    0x000031ec   0x00000014   Code   RO          787    i.SSP1_Initialize   ssp_lpc17xx.o
    0x00003200   0x00000014   Code   RO          788    i.SSP1_PowerControl  ssp_lpc17xx.o
    0x00003214   0x00000018   Code   RO          789    i.SSP1_Receive      ssp_lpc17xx.o
    0x0000322c   0x00000018   Code   RO          790    i.SSP1_Send         ssp_lpc17xx.o
    0x00003244   0x0000001c   Code   RO          791    i.SSP1_Transfer     ssp_lpc17xx.o
    0x00003260   0x00000010   Code   RO          792    i.SSP1_Uninitialize  ssp_lpc17xx.o
    0x00003270   0x0000000c   Code   RO          793    i.SSP_GetCapabilities  ssp_lpc17xx.o
    0x0000327c   0x00000010   Code   RO          794    i.SSP_GetVersion    ssp_lpc17xx.o
    0x0000328c   0x0000051e   Code   RO          795    i.SSPx_Control      ssp_lpc17xx.o
    0x000037aa   0x00000036   Code   RO          796    i.SSPx_GPDMA_Rx_SignalEvent  ssp_lpc17xx.o
    0x000037e0   0x0000001c   Code   RO          797    i.SSPx_GPDMA_Tx_SignalEvent  ssp_lpc17xx.o
    0x000037fc   0x0000002c   Code   RO          798    i.SSPx_GetDataCount  ssp_lpc17xx.o
    0x00003828   0x0000005a   Code   RO          799    i.SSPx_GetStatus    ssp_lpc17xx.o
    0x00003882   0x00000104   Code   RO          800    i.SSPx_IRQHandler   ssp_lpc17xx.o
    0x00003986   0x000000a8   Code   RO          801    i.SSPx_Initialize   ssp_lpc17xx.o
    0x00003a2e   0x00000002   PAD
    0x00003a30   0x000001cc   Code   RO          802    i.SSPx_PowerControl  ssp_lpc17xx.o
    0x00003bfc   0x0000015c   Code   RO          803    i.SSPx_Receive      ssp_lpc17xx.o
    0x00003d58   0x00000154   Code   RO          804    i.SSPx_Send         ssp_lpc17xx.o
    0x00003eac   0x00000152   Code   RO          805    i.SSPx_Transfer     ssp_lpc17xx.o
    0x00003ffe   0x00000070   Code   RO          806    i.SSPx_Uninitialize  ssp_lpc17xx.o
    0x0000406e   0x00000002   PAD
    0x00004070   0x00000038   Code   RO         1312    i.Set_Channel_active_flag  gpdma_lpc17xx.o
    0x000040a8   0x00000140   Code   RO         1493    i.SystemInit        system_lpc17xx.o
    0x000041e8   0x00000138   Code   RO            2    i.Thread_CAN_Receiver  main.o
    0x00004320   0x00000074   Code   RO            3    i.Thread_CAN_Transmiter  main.o
    0x00004394   0x00000644   Code   RO            4    i.Thread_GPS        main.o
    0x000049d8   0x00000010   Code   RO         1006    i.UART1_IRQHandler  uart_lpc17xx.o
    0x000049e8   0x00000010   Code   RO         1007    i.UART2_IRQHandler  uart_lpc17xx.o
    0x000049f8   0x00000018   Code   RO         1008    i.USART1_Control    uart_lpc17xx.o
    0x00004a10   0x00000014   Code   RO         1009    i.USART1_GPDMA_Rx_Event  uart_lpc17xx.o
    0x00004a24   0x00000014   Code   RO         1010    i.USART1_GPDMA_Tx_Event  uart_lpc17xx.o
    0x00004a38   0x00000010   Code   RO         1011    i.USART1_GetCapabilities  uart_lpc17xx.o
    0x00004a48   0x00000010   Code   RO         1012    i.USART1_GetModemStatus  uart_lpc17xx.o
    0x00004a58   0x00000010   Code   RO         1013    i.USART1_GetRxCount  uart_lpc17xx.o
    0x00004a68   0x00000010   Code   RO         1014    i.USART1_GetStatus  uart_lpc17xx.o
    0x00004a78   0x00000010   Code   RO         1015    i.USART1_GetTxCount  uart_lpc17xx.o
    0x00004a88   0x00000014   Code   RO         1016    i.USART1_Initialize  uart_lpc17xx.o
    0x00004a9c   0x00000014   Code   RO         1017    i.USART1_PowerControl  uart_lpc17xx.o
    0x00004ab0   0x00000018   Code   RO         1018    i.USART1_Receive    uart_lpc17xx.o
    0x00004ac8   0x00000018   Code   RO         1019    i.USART1_Send       uart_lpc17xx.o
    0x00004ae0   0x00000014   Code   RO         1020    i.USART1_SetModemControl  uart_lpc17xx.o
    0x00004af4   0x0000001c   Code   RO         1021    i.USART1_Transfer   uart_lpc17xx.o
    0x00004b10   0x00000010   Code   RO         1022    i.USART1_Uninitialize  uart_lpc17xx.o
    0x00004b20   0x00000018   Code   RO         1023    i.USART2_Control    uart_lpc17xx.o
    0x00004b38   0x00000014   Code   RO         1024    i.USART2_GPDMA_Rx_Event  uart_lpc17xx.o
    0x00004b4c   0x00000014   Code   RO         1025    i.USART2_GPDMA_Tx_Event  uart_lpc17xx.o
    0x00004b60   0x00000010   Code   RO         1026    i.USART2_GetCapabilities  uart_lpc17xx.o
    0x00004b70   0x00000010   Code   RO         1027    i.USART2_GetModemStatus  uart_lpc17xx.o
    0x00004b80   0x00000010   Code   RO         1028    i.USART2_GetRxCount  uart_lpc17xx.o
    0x00004b90   0x00000010   Code   RO         1029    i.USART2_GetStatus  uart_lpc17xx.o
    0x00004ba0   0x00000010   Code   RO         1030    i.USART2_GetTxCount  uart_lpc17xx.o
    0x00004bb0   0x00000014   Code   RO         1031    i.USART2_Initialize  uart_lpc17xx.o
    0x00004bc4   0x00000014   Code   RO         1032    i.USART2_PowerControl  uart_lpc17xx.o
    0x00004bd8   0x00000018   Code   RO         1033    i.USART2_Receive    uart_lpc17xx.o
    0x00004bf0   0x00000018   Code   RO         1034    i.USART2_Send       uart_lpc17xx.o
    0x00004c08   0x00000014   Code   RO         1035    i.USART2_SetModemControl  uart_lpc17xx.o
    0x00004c1c   0x0000001c   Code   RO         1036    i.USART2_Transfer   uart_lpc17xx.o
    0x00004c38   0x00000010   Code   RO         1037    i.USART2_Uninitialize  uart_lpc17xx.o
    0x00004c48   0x00000670   Code   RO         1038    i.USART_Control     uart_lpc17xx.o
    0x000052b8   0x00000086   Code   RO         1039    i.USART_GPDMA_Rx_Event  uart_lpc17xx.o
    0x0000533e   0x0000004a   Code   RO         1040    i.USART_GPDMA_Tx_Event  uart_lpc17xx.o
    0x00005388   0x00000006   Code   RO         1041    i.USART_GetCapabilities  uart_lpc17xx.o
    0x0000538e   0x000000ec   Code   RO         1042    i.USART_GetModemStatus  uart_lpc17xx.o
    0x0000547a   0x0000001c   Code   RO         1043    i.USART_GetRxCount  uart_lpc17xx.o
    0x00005496   0x000000bc   Code   RO         1044    i.USART_GetStatus   uart_lpc17xx.o
    0x00005552   0x0000001c   Code   RO         1045    i.USART_GetTxCount  uart_lpc17xx.o
    0x0000556e   0x00000270   Code   RO         1046    i.USART_IRQHandler  uart_lpc17xx.o
    0x000057de   0x000000fe   Code   RO         1047    i.USART_Initialize  uart_lpc17xx.o
    0x000058dc   0x00000264   Code   RO         1048    i.USART_PowerControl  uart_lpc17xx.o
    0x00005b40   0x00000110   Code   RO         1049    i.USART_Receive     uart_lpc17xx.o
    0x00005c50   0x00000068   Code   RO         1050    i.USART_RxLineIntHandler  uart_lpc17xx.o
    0x00005cb8   0x0000019c   Code   RO         1051    i.USART_Send        uart_lpc17xx.o
    0x00005e54   0x00000134   Code   RO         1052    i.USART_SetBaudrate  uart_lpc17xx.o
    0x00005f88   0x000000a0   Code   RO         1053    i.USART_SetModemControl  uart_lpc17xx.o
    0x00006028   0x0000007a   Code   RO         1054    i.USART_Transfer    uart_lpc17xx.o
    0x000060a2   0x000000e2   Code   RO         1055    i.USART_Uninitialize  uart_lpc17xx.o
    0x00006184   0x00000010   Code   RO         1056    i.USARTx_GetVersion  uart_lpc17xx.o
    0x00006194   0x0000001c   Code   RO          807    i.__NVIC_ClearPendingIRQ  ssp_lpc17xx.o
    0x000061b0   0x0000001c   Code   RO         1057    i.__NVIC_ClearPendingIRQ  uart_lpc17xx.o
    0x000061cc   0x0000001c   Code   RO         1313    i.__NVIC_ClearPendingIRQ  gpdma_lpc17xx.o
    0x000061e8   0x00000046   Code   RO         2622    i._init_box         RTX_CM3.lib(rt_membox.o)
    0x0000622e   0x00000002   PAD
    0x00006230   0x00000020   Code   RO          438    i._mutex_acquire    rtx_conf_cm.o
    0x00006250   0x0000001c   Code   RO          440    i._mutex_release    rtx_conf_cm.o
    0x0000626c   0x00000030   Code   RO         2675    i.dbg_init          RTX_CM3.lib(hal_cm.o)
    0x0000629c   0x00000020   Code   RO         2676    i.dbg_task_notify   RTX_CM3.lib(hal_cm.o)
    0x000062bc   0x00000010   Code   RO         2677    i.dbg_task_switch   RTX_CM3.lib(hal_cm.o)
    0x000062cc   0x00000030   Code   RO          194    i.delay_ms          glcd_mcb1700.o
    0x000062fc   0x0000005c   Code   RO           91    i.init_CAN_Receiver  gestion_can.o
    0x00006358   0x0000004c   Code   RO           92    i.init_CAN_Transmiter  gestion_can.o
    0x000063a4   0x000000c4   Code   RO          121    i.init_DFPlayer     gestion_dfplayer.o
    0x00006468   0x00000038   Code   RO          122    i.init_UART2_DFPLAYER  gestion_dfplayer.o
    0x000064a0   0x0000002a   Code   RO         1528    i.isrMessageGet     RTX_CM3.lib(rt_cmsis.o)
    0x000064ca   0x0000002c   Code   RO         1529    i.isrMessagePut     RTX_CM3.lib(rt_cmsis.o)
    0x000064f6   0x00000024   Code   RO         1531    i.isrSignalSet      RTX_CM3.lib(rt_cmsis.o)
    0x0000651a   0x00000002   PAD
    0x0000651c   0x00000028   Code   RO         2359    i.isr_evt_set       RTX_CM3.lib(rt_event.o)
    0x00006544   0x00000056   Code   RO         2477    i.isr_mbx_receive   RTX_CM3.lib(rt_mailbox.o)
    0x0000659a   0x0000000e   Code   RO         2478    i.isr_mbx_send      RTX_CM3.lib(rt_mailbox.o)
    0x000065a8   0x000000cc   Code   RO            5    i.main              main.o
    0x00006674   0x00000018   Code   RO         1532    i.osDelay           RTX_CM3.lib(rt_cmsis.o)
    0x0000668c   0x00000024   Code   RO         1533    i.osKernelInitialize  RTX_CM3.lib(rt_cmsis.o)
    0x000066b0   0x0000006c   Code   RO         1535    i.osKernelStart     RTX_CM3.lib(rt_cmsis.o)
    0x0000671c   0x0000001c   Code   RO         1537    i.osMailAlloc       RTX_CM3.lib(rt_cmsis.o)
    0x00006738   0x0000002c   Code   RO         1539    i.osMailCreate      RTX_CM3.lib(rt_cmsis.o)
    0x00006764   0x0000001c   Code   RO         1540    i.osMailFree        RTX_CM3.lib(rt_cmsis.o)
    0x00006780   0x00000016   Code   RO         1541    i.osMailGet         RTX_CM3.lib(rt_cmsis.o)
    0x00006796   0x00000014   Code   RO         1542    i.osMailPut         RTX_CM3.lib(rt_cmsis.o)
    0x000067aa   0x00000002   PAD
    0x000067ac   0x00000018   Code   RO         1544    i.osMessageGet      RTX_CM3.lib(rt_cmsis.o)
    0x000067c4   0x00000018   Code   RO         1545    i.osMessagePut      RTX_CM3.lib(rt_cmsis.o)
    0x000067dc   0x00000018   Code   RO         1559    i.osSignalSet       RTX_CM3.lib(rt_cmsis.o)
    0x000067f4   0x00000018   Code   RO         1560    i.osSignalWait      RTX_CM3.lib(rt_cmsis.o)
    0x0000680c   0x0000002c   Code   RO         1561    i.osThreadCreate    RTX_CM3.lib(rt_cmsis.o)
    0x00006838   0x00000018   Code   RO         1562    i.osThreadExit      RTX_CM3.lib(rt_cmsis.o)
    0x00006850   0x0000000c   Code   RO         1568    i.osTimerCall       RTX_CM3.lib(rt_cmsis.o)
    0x0000685c   0x0000002c   Code   RO         1573    i.osTimerThread     RTX_CM3.lib(rt_cmsis.o)
    0x00006888   0x00000022   Code   RO          441    i.os_error          rtx_conf_cm.o
    0x000068aa   0x00000004   Code   RO          442    i.os_idle_demon     rtx_conf_cm.o
    0x000068ae   0x00000002   PAD
    0x000068b0   0x00000028   Code   RO         2269    i.os_tick_init      RTX_CM3.lib(rt_system.o)
    0x000068d8   0x00000002   Code   RO         2270    i.os_tick_irqack    RTX_CM3.lib(rt_system.o)
    0x000068da   0x00000002   PAD
    0x000068dc   0x000000c8   Code   RO          195    i.rd_id_man         glcd_mcb1700.o
    0x000069a4   0x0000001a   Code   RO         2623    i.rt_alloc_box      RTX_CM3.lib(rt_membox.o)
    0x000069be   0x0000003e   Code   RO         2651    i.rt_alloc_mem      RTX_CM3.lib(rt_memory.o)
    0x000069fc   0x00000038   Code   RO         2150    i.rt_block          RTX_CM3.lib(rt_task.o)
    0x00006a34   0x00000048   Code   RO         2600    i.rt_chk_robin      RTX_CM3.lib(rt_robin.o)
    0x00006a7c   0x00000070   Code   RO         2401    i.rt_dec_dly        RTX_CM3.lib(rt_list.o)
    0x00006aec   0x00000044   Code   RO         2151    i.rt_dispatch       RTX_CM3.lib(rt_task.o)
    0x00006b30   0x00000006   Code   RO         2567    i.rt_dly_wait       RTX_CM3.lib(rt_time.o)
    0x00006b36   0x00000002   PAD
    0x00006b38   0x00000050   Code   RO         2362    i.rt_evt_psh        RTX_CM3.lib(rt_event.o)
    0x00006b88   0x0000005c   Code   RO         2363    i.rt_evt_set        RTX_CM3.lib(rt_event.o)
    0x00006be4   0x0000003c   Code   RO         2364    i.rt_evt_wait       RTX_CM3.lib(rt_event.o)
    0x00006c20   0x0000002c   Code   RO         2624    i.rt_free_box       RTX_CM3.lib(rt_membox.o)
    0x00006c4c   0x00000028   Code   RO         2652    i.rt_free_mem       RTX_CM3.lib(rt_memory.o)
    0x00006c74   0x00000028   Code   RO         2402    i.rt_get_first      RTX_CM3.lib(rt_list.o)
    0x00006c9c   0x00000008   Code   RO         1578    i.rt_id2obj         RTX_CM3.lib(rt_cmsis.o)
    0x00006ca4   0x00000048   Code   RO         2152    i.rt_init_context   RTX_CM3.lib(rt_task.o)
    0x00006cec   0x0000001a   Code   RO         2653    i.rt_init_mem       RTX_CM3.lib(rt_memory.o)
    0x00006d06   0x00000002   PAD
    0x00006d08   0x00000018   Code   RO         2601    i.rt_init_robin     RTX_CM3.lib(rt_robin.o)
    0x00006d20   0x00000080   Code   RO         2678    i.rt_init_stack     RTX_CM3.lib(hal_cm.o)
    0x00006da0   0x00000008   Code   RO         2479    i.rt_mbx_check      RTX_CM3.lib(rt_mailbox.o)
    0x00006da8   0x0000001a   Code   RO         2480    i.rt_mbx_init       RTX_CM3.lib(rt_mailbox.o)
    0x00006dc2   0x00000002   PAD
    0x00006dc4   0x000000f0   Code   RO         2481    i.rt_mbx_psh        RTX_CM3.lib(rt_mailbox.o)
    0x00006eb4   0x00000098   Code   RO         2482    i.rt_mbx_send       RTX_CM3.lib(rt_mailbox.o)
    0x00006f4c   0x000000b4   Code   RO         2483    i.rt_mbx_wait       RTX_CM3.lib(rt_mailbox.o)
    0x00007000   0x00000044   Code   RO         1579    i.rt_ms2tick        RTX_CM3.lib(rt_cmsis.o)
    0x00007044   0x000000d8   Code   RO         2236    i.rt_mut_release    RTX_CM3.lib(rt_mutex.o)
    0x0000711c   0x00000078   Code   RO         2237    i.rt_mut_wait       RTX_CM3.lib(rt_mutex.o)
    0x00007194   0x0000007c   Code   RO         2273    i.rt_pop_req        RTX_CM3.lib(rt_system.o)
    0x00007210   0x00000020   Code   RO         2274    i.rt_psh_req        RTX_CM3.lib(rt_system.o)
    0x00007230   0x0000005c   Code   RO         2404    i.rt_psq_enq        RTX_CM3.lib(rt_list.o)
    0x0000728c   0x00000048   Code   RO         2405    i.rt_put_dly        RTX_CM3.lib(rt_list.o)
    0x000072d4   0x00000036   Code   RO         2406    i.rt_put_prio       RTX_CM3.lib(rt_list.o)
    0x0000730a   0x00000002   PAD
    0x0000730c   0x00000014   Code   RO         2407    i.rt_put_rdy_first  RTX_CM3.lib(rt_list.o)
    0x00007320   0x00000034   Code   RO         2408    i.rt_resort_prio    RTX_CM3.lib(rt_list.o)
    0x00007354   0x00000006   Code   RO         2679    i.rt_ret_val        RTX_CM3.lib(hal_cm.o)
    0x0000735a   0x00000008   Code   RO         2680    i.rt_ret_val2       RTX_CM3.lib(hal_cm.o)
    0x00007362   0x00000028   Code   RO         2409    i.rt_rmv_dly        RTX_CM3.lib(rt_list.o)
    0x0000738a   0x00000002   PAD
    0x0000738c   0x00000030   Code   RO         2410    i.rt_rmv_list       RTX_CM3.lib(rt_list.o)
    0x000073bc   0x00000034   Code   RO         2528    i.rt_sem_psh        RTX_CM3.lib(rt_semaphore.o)
    0x000073f0   0x00000024   Code   RO         2276    i.rt_stk_check      RTX_CM3.lib(rt_system.o)
    0x00007414   0x00000028   Code   RO         2153    i.rt_switch_req     RTX_CM3.lib(rt_task.o)
    0x0000743c   0x000000cc   Code   RO         2154    i.rt_sys_init       RTX_CM3.lib(rt_task.o)
    0x00007508   0x00000078   Code   RO         2155    i.rt_sys_start      RTX_CM3.lib(rt_task.o)
    0x00007580   0x00000040   Code   RO         2278    i.rt_systick        RTX_CM3.lib(rt_system.o)
    0x000075c0   0x00000012   Code   RO         1580    i.rt_tid2ptcb       RTX_CM3.lib(rt_cmsis.o)
    0x000075d2   0x00000002   PAD
    0x000075d4   0x00000034   Code   RO         1581    i.rt_timer_insert   RTX_CM3.lib(rt_cmsis.o)
    0x00007608   0x00000088   Code   RO         2156    i.rt_tsk_create     RTX_CM3.lib(rt_task.o)
    0x00007690   0x0000017c   Code   RO         2157    i.rt_tsk_delete     RTX_CM3.lib(rt_task.o)
    0x0000780c   0x0000007c   Code   RO         2159    i.rt_tsk_prio       RTX_CM3.lib(rt_task.o)
    0x00007888   0x00000010   Code   RO         2160    i.rt_tsk_self       RTX_CM3.lib(rt_task.o)
    0x00007898   0x0000002c   Code   RO          196    i.spi_tran          glcd_mcb1700.o
    0x000078c4   0x00000088   Code   RO          197    i.spi_tran_man      glcd_mcb1700.o
    0x0000794c   0x00000012   Code   RO         1583    i.svcDelay          RTX_CM3.lib(rt_cmsis.o)
    0x0000795e   0x00000002   PAD
    0x00007960   0x00000070   Code   RO         1584    i.svcKernelInitialize  RTX_CM3.lib(rt_cmsis.o)
    0x000079d0   0x00000048   Code   RO         1586    i.svcKernelStart    RTX_CM3.lib(rt_cmsis.o)
    0x00007a18   0x00000042   Code   RO         1588    i.svcMailCreate     RTX_CM3.lib(rt_cmsis.o)
    0x00007a5a   0x00000024   Code   RO         1589    i.svcMessageCreate  RTX_CM3.lib(rt_cmsis.o)
    0x00007a7e   0x0000003a   Code   RO         1590    i.svcMessageGet     RTX_CM3.lib(rt_cmsis.o)
    0x00007ab8   0x00000036   Code   RO         1591    i.svcMessagePut     RTX_CM3.lib(rt_cmsis.o)
    0x00007aee   0x00000024   Code   RO         1602    i.svcSignalSet      RTX_CM3.lib(rt_cmsis.o)
    0x00007b12   0x00000002   PAD
    0x00007b14   0x00000054   Code   RO         1603    i.svcSignalWait     RTX_CM3.lib(rt_cmsis.o)
    0x00007b68   0x0000006c   Code   RO         1604    i.svcThreadCreate   RTX_CM3.lib(rt_cmsis.o)
    0x00007bd4   0x0000001c   Code   RO         1605    i.svcThreadGetId    RTX_CM3.lib(rt_cmsis.o)
    0x00007bf0   0x00000038   Code   RO         1608    i.svcThreadTerminate  RTX_CM3.lib(rt_cmsis.o)
    0x00007c28   0x00000018   Code   RO         1610    i.svcTimerCall      RTX_CM3.lib(rt_cmsis.o)
    0x00007c40   0x00000058   Code   RO         1615    i.sysMailAlloc      RTX_CM3.lib(rt_cmsis.o)
    0x00007c98   0x00000060   Code   RO         1616    i.sysMailFree       RTX_CM3.lib(rt_cmsis.o)
    0x00007cf8   0x0000005c   Code   RO         1619    i.sysTimerTick      RTX_CM3.lib(rt_cmsis.o)
    0x00007d54   0x0000002c   Code   RO            6    i.test_DFPLAYER     main.o
    0x00007d80   0x0000004c   Code   RO          198    i.wr_cmd            glcd_mcb1700.o
    0x00007dcc   0x00000034   Code   RO          199    i.wr_dat_only       glcd_mcb1700.o
    0x00007e00   0x00000018   Code   RO          200    i.wr_dat_start      glcd_mcb1700.o
    0x00007e18   0x00000014   Code   RO          201    i.wr_dat_stop       glcd_mcb1700.o
    0x00007e2c   0x00000090   Code   RO          202    i.wr_reg            glcd_mcb1700.o
    0x00007ebc   0x00000062   Code   RO         2805    x$fpl$d2f           fz_ws.l(d2f.o)
    0x00007f1e   0x00000002   PAD
    0x00007f20   0x00000150   Code   RO         2807    x$fpl$dadd          fz_ws.l(daddsub_clz.o)
    0x00008070   0x00000018   Code   RO         2859    x$fpl$dcmpinf       fz_ws.l(dcmpi.o)
    0x00008088   0x000002b0   Code   RO         2814    x$fpl$ddiv          fz_ws.l(ddiv.o)
    0x00008338   0x0000005e   Code   RO         2817    x$fpl$dfix          fz_ws.l(dfix.o)
    0x00008396   0x00000002   PAD
    0x00008398   0x00000078   Code   RO         2821    x$fpl$dleqf         fz_ws.l(dleqf.o)
    0x00008410   0x00000154   Code   RO         2823    x$fpl$dmul          fz_ws.l(dmul.o)
    0x00008564   0x0000009c   Code   RO         2861    x$fpl$dnaninf       fz_ws.l(dnaninf.o)
    0x00008600   0x0000000c   Code   RO         2863    x$fpl$dretinf       fz_ws.l(dretinf.o)
    0x0000860c   0x0000006c   Code   RO         2825    x$fpl$drleqf        fz_ws.l(drleqf.o)
    0x00008678   0x000001d4   Code   RO         2809    x$fpl$dsub          fz_ws.l(daddsub_clz.o)
    0x0000884c   0x00000056   Code   RO         2827    x$fpl$f2d           fz_ws.l(f2d.o)
    0x000088a2   0x00000002   PAD
    0x000088a4   0x000000c4   Code   RO         2829    x$fpl$fadd          fz_ws.l(faddsub_clz.o)
    0x00008968   0x00000030   Code   RO         2836    x$fpl$fflt          fz_ws.l(fflt_clz.o)
    0x00008998   0x00000026   Code   RO         2835    x$fpl$ffltu         fz_ws.l(fflt_clz.o)
    0x000089be   0x00000002   PAD
    0x000089c0   0x00000102   Code   RO         2841    x$fpl$fmul          fz_ws.l(fmul.o)
    0x00008ac2   0x0000008c   Code   RO         2865    x$fpl$fnaninf       fz_ws.l(fnaninf.o)
    0x00008b4e   0x0000000a   Code   RO         2867    x$fpl$fretinf       fz_ws.l(fretinf.o)
    0x00008b58   0x000000ea   Code   RO         2831    x$fpl$fsub          fz_ws.l(faddsub_clz.o)
    0x00008c42   0x00000000   Code   RO         2869    x$fpl$usenofp       fz_ws.l(usenofp.o)
    0x00008c42   0x00000002   PAD
    0x00008c44   0x00000068   Data   RO            8    .constdata          main.o
    0x00008cac   0x000018a0   Data   RO          164    .constdata          glcd_fonts.o
    0x0000a54c   0x00000008   Data   RO          203    .constdata          glcd_mcb1700.o
    0x0000a554   0x00000010   Data   RO          389    .constdata          led_mcb1700.o
    0x0000a564   0x00000068   Data   RO          444    .constdata          rtx_conf_cm.o
    0x0000a5cc   0x00000090   Data   RO          542    .constdata          can_lpc17xx.o
    0x0000a65c   0x000000fc   Data   RO          809    .constdata          ssp_lpc17xx.o
    0x0000a758   0x00000284   Data   RO         1059    .constdata          uart_lpc17xx.o
    0x0000a9dc   0x00000028   Data   RO         2755    .constdata          c_w.l(_printf_hex_int.o)
    0x0000aa04   0x00000011   Data   RO         2773    .constdata          c_w.l(__printf_flags.o)
    0x0000aa15   0x00000003   PAD
    0x0000aa18   0x00000020   Data   RO         3022    Region$$Table       anon$$obj.o


    Execution Region RW_IRAM1 (Base: 0x10000000, Size: 0x00002220, Max: 0x00008000, ABSOLUTE)

    Base Addr    Size         Type   Attr      Idx    E Section Name        Object

    0x10000000   0x00000030   Data   RW            9    .data               main.o
    0x10000030   0x00000009   Data   RW          204    .data               glcd_mcb1700.o
    0x10000039   0x00000003   PAD
    0x1000003c   0x00000014   Data   RW          445    .data               rtx_conf_cm.o
    0x10000050   0x00000028   Data   RW          543    .data               can_lpc17xx.o
    0x10000078   0x00000008   Data   RW          810    .data               ssp_lpc17xx.o
    0x10000080   0x00000008   Data   RW         1315    .data               gpdma_lpc17xx.o
    0x10000088   0x00000004   Data   RW         1494    .data               system_lpc17xx.o
    0x1000008c   0x00000008   Data   RW         1622    .data               RTX_CM3.lib(rt_cmsis.o)
    0x10000094   0x00000008   Data   RW         2162    .data               RTX_CM3.lib(rt_task.o)
    0x1000009c   0x00000008   Data   RW         2281    .data               RTX_CM3.lib(rt_system.o)
    0x100000a4   0x00000004   Data   RW         2571    .data               RTX_CM3.lib(rt_time.o)
    0x100000a8   0x00000008   Data   RW         2602    .data               RTX_CM3.lib(rt_robin.o)
    0x100000b0   0x00000001   Data   RW         2681    .data               RTX_CM3.lib(hal_cm.o)
    0x100000b1   0x00000003   PAD
    0x100000b4   0x00000114   Zero   RW            7    .bss                main.o
    0x100001c8   0x00001c30   Zero   RW          443    .bss                rtx_conf_cm.o
    0x10001df8   0x00000058   Zero   RW          808    .bss                ssp_lpc17xx.o
    0x10001e50   0x00000068   Zero   RW         1058    .bss                uart_lpc17xx.o
    0x10001eb8   0x000000a0   Zero   RW         1314    .bss                gpdma_lpc17xx.o
    0x10001f58   0x00000034   Zero   RW         2161    .bss                RTX_CM3.lib(rt_task.o)
    0x10001f8c   0x00000030   Zero   RW         2411    .bss                RTX_CM3.lib(rt_list.o)
    0x10001fbc   0x00000060   Zero   RW         2739    .bss                c_w.l(libspace.o)
    0x1000201c   0x00000004   PAD
    0x10002020   0x00000000   Zero   RW         1480    HEAP                startup_lpc17xx.o
    0x10002020   0x00000200   Zero   RW         1479    STACK               startup_lpc17xx.o


==============================================================================

Image component sizes


      Code (inc. data)   RO Data    RW Data    ZI Data      Debug   Object Name

      6004        288        144         40          0      59061   can_lpc17xx.o
        96          4          0          0          0       1020   gestion gps.o
       228         42          0          0          0       2028   gestion_can.o
       464         36          0          0          0       1720   gestion_dfplayer.o
         0          0       6304          0          0        736   glcd_fonts.o
      2782        104          8          9          0      33558   glcd_mcb1700.o
      1212         94          0          8        160       8082   gpdma_lpc17xx.o
       172         18          0          0          0       2294   gpio_lpc17xx.o
       180         12         16          0          0       2492   led_mcb1700.o
      2328        310        104         48        276      27597   main.o
       252          6          0          0          0        804   pin_lpc17xx.o
       126         26        104         20       7216       9147   rtx_conf_cm.o
      4164        176        252          8         88      33410   ssp_lpc17xx.o
        64         26        204          0        512       1032   startup_lpc17xx.o
       320         18          0          4          0        839   system_lpc17xx.o
      6172        242        644          0        104      41692   uart_lpc17xx.o

    ----------------------------------------------------------------------
     24572       1402       7812        140       8356     225512   Object Totals
         0          0         32          0          0          0   (incl. Generated)
         8          0          0          3          0          0   (incl. Padding)

    ----------------------------------------------------------------------

      Code (inc. data)   RO Data    RW Data    ZI Data      Debug   Library Member Name

       238         24          0          1          0       3268   hal_cm.o
       304         36          0          0          0        760   hal_cm3.o
      1826        190          0          8          0      43281   rt_cmsis.o
       272         18          0          0          0       2618   rt_event.o
       530         34          0          0         48       8169   rt_list.o
       706         14          0          0          0       4731   rt_mailbox.o
       140          0          0          0          0       1901   rt_membox.o
       128          0          0          0          0       2275   rt_memory.o
       336         14          0          0          0       1631   rt_mutex.o
        96         22          0          8          0       1134   rt_robin.o
        52          4          0          0          0        565   rt_semaphore.o
       298         52          0          8          0       6151   rt_system.o
      1216        174          0          8         52       9565   rt_task.o
         6          0          0          4          0        644   rt_time.o
         4          4          0          0          0        200   svc_table.o
         8          0          0          0          0         68   __main.o
       148          4         17          0          0         84   __printf_flags.o
         0          0          0          0          0          0   __rtentry.o
        20          0          0          0          0          0   __rtentry2.o
         6          0          0          0          0          0   __rtentry4.o
        52          8          0          0          0          0   __scatter.o
        26          0          0          0          0          0   __scatter_copy.o
        28          0          0          0          0          0   __scatter_zi.o
        48          6          0          0          0         96   _printf_char_common.o
         6          0          0          0          0          0   _printf_d.o
       120         16          0          0          0         92   _printf_dec.o
        88          4         40          0          0         88   _printf_hex_int.o
       178          0          0          0          0         88   _printf_intcommon.o
         0          0          0          0          0          0   _printf_percent.o
         4          0          0          0          0          0   _printf_percent_end.o
         6          0          0          0          0          0   _printf_x.o
        10          0          0          0          0         68   _sputc.o
        18          0          0          0          0         80   exit.o
         6          0          0          0          0        152   heapauxi.o
         0          0          0          0          0          0   indicate_semi.o
         2          0          0          0          0          0   libinit.o
         2          0          0          0          0          0   libinit2.o
         2          0          0          0          0          0   libshutdown.o
         2          0          0          0          0          0   libshutdown2.o
         8          4          0          0         96         68   libspace.o
       238          0          0          0          0        100   lludivv7m.o
        40          6          0          0          0         84   noretval__2sprintf.o
        78          0          0          0          0         80   rt_memclr_w.o
       138          0          0          0          0         68   rt_memcpy_v6.o
       100          0          0          0          0         80   rt_memcpy_w.o
         2          0          0          0          0          0   rtexit.o
        10          0          0          0          0          0   rtexit2.o
        12          4          0          0          0         68   sys_exit.o
        74          0          0          0          0         80   sys_stackheap_outer.o
         2          0          0          0          0         68   use_no_semi.o
        98          4          0          0          0         92   d2f.o
       804         16          0          0          0        272   daddsub_clz.o
        24          0          0          0          0         68   dcmpi.o
       688        140          0          0          0        208   ddiv.o
        94          4          0          0          0         92   dfix.o
       120          4          0          0          0         92   dleqf.o
       340         12          0          0          0        104   dmul.o
       156          4          0          0          0         92   dnaninf.o
        12          0          0          0          0         68   dretinf.o
       108          0          0          0          0         80   drleqf.o
        86          4          0          0          0         84   f2d.o
       430          8          0          0          0        168   faddsub_clz.o
        86          0          0          0          0        136   fflt_clz.o
       258          4          0          0          0         84   fmul.o
       140          4          0          0          0         84   fnaninf.o
        10          0          0          0          0         68   fretinf.o
         0          0          0          0          0          0   usenofp.o

    ----------------------------------------------------------------------
     11132        842         60         40        200      90197   Library Totals
        44          0          3          3          4          0   (incl. Padding)

    ----------------------------------------------------------------------

      Code (inc. data)   RO Data    RW Data    ZI Data      Debug   Library Name

      6152        586          0         37        100      86893   RTX_CM3.lib
      1482         52         57          0         96       1512   c_w.l
      3454        204          0          0          0       1792   fz_ws.l

    ----------------------------------------------------------------------
     11132        842         60         40        200      90197   Library Totals

    ----------------------------------------------------------------------

==============================================================================


      Code (inc. data)   RO Data    RW Data    ZI Data      Debug   

     35704       2244       7872        180       8556     299533   Grand Totals
     35704       2244       7872        180       8556     299533   ELF Image Totals
     35704       2244       7872        180          0          0   ROM Totals

==============================================================================

    Total RO  Size (Code + RO Data)                43576 (  42.55kB)
    Total RW  Size (RW Data + ZI Data)              8736 (   8.53kB)
    Total ROM Size (Code + RO Data + RW Data)      43756 (  42.73kB)

==============================================================================

